-------------------------------------------------------------------------------
      name:  <unnamed>
       log:  C:\GitHub\NutNetCausalinf/output/log/stata_results_d20230209.smcl
  log type:  smcl
 opened on:   9 Feb 2023, 16:21:09

. 
. /////////////////////////////////////////////////////////////////////////////
> ///
> // Main Block
. 
. do              "$codedir/stata/final_processing.do"

. insheet using  "$datadir/NutNetControlPlotData_biomassfixAug22.csv", clear
(151 vars, 1,328 obs)

. 
. ** Check characteristics of data 
. destring total_mass live_mass simpson shan rich ground_par ppm_* ph avg_neigh
> bor_rich avgtrtneighrichwithinblock lagged_avg_neighbor_rich even initial_sit
> e_rich, i("NA") replace
total_mass: characters N A removed; replaced as double
(62 missing values generated)
live_mass: characters N A removed; replaced as double
(74 missing values generated)
simpson: characters N A removed; replaced as double
(2 missing values generated)
shan: characters N A removed; replaced as double
(2 missing values generated)
rich: characters N A removed; replaced as byte
(2 missing values generated)
ground_par: characters N A removed; replaced as double
(252 missing values generated)
ppm_p: characters N A removed; replaced as int
(319 missing values generated)
ppm_k: characters N A removed; replaced as int
(319 missing values generated)
ppm_ca: characters N A removed; replaced as int
(319 missing values generated)
ppm_mg: characters N A removed; replaced as int
(319 missing values generated)
ppm_s: characters N A removed; replaced as byte
(319 missing values generated)
ppm_na: characters N A removed; replaced as int
(319 missing values generated)
ppm_zn: characters N A removed; replaced as double
(319 missing values generated)
ppm_mn: characters N A removed; replaced as int
(319 missing values generated)
ppm_fe: characters N A removed; replaced as int
(319 missing values generated)
ppm_cu: characters N A removed; replaced as double
(319 missing values generated)
ppm_b: characters N A removed; replaced as double
(319 missing values generated)
ph: characters N A removed; replaced as double
(319 missing values generated)
avg_neighbor_rich: characters N A removed; replaced as double
(2 missing values generated)
avgtrtneighrichwithinblock: characters N A removed; replaced as double
(11 missing values generated)
lagged_avg_neighbor_rich: characters N A removed; replaced as double
(174 missing values generated)
even: characters N A removed; replaced as double
(2 missing values generated)
initial_site_rich: characters N A removed; replaced as byte
(24 missing values generated)

. count 
  1,328

. sum     live_mass rich

    Variable |        Obs        Mean    Std. dev.       Min        Max
-------------+---------------------------------------------------------
   live_mass |      1,254    325.9005    268.2917      .0105   2170.956
        rich |      1,326    11.21569    5.584771          1         37

. tab     year

       year |      Freq.     Percent        Cum.
------------+-----------------------------------
       2007 |         91        6.85        6.85
       2008 |        116        8.73       15.59
       2009 |        131        9.86       25.45
       2010 |        140       10.54       35.99
       2011 |        147       11.07       47.06
       2012 |        162       12.20       59.26
       2013 |        144       10.84       70.11
       2014 |        129        9.71       79.82
       2015 |        121        9.11       88.93
       2016 |         99        7.45       96.39
       2017 |         48        3.61      100.00
------------+-----------------------------------
      Total |      1,328      100.00

. rename  year year_actual

. gen     year = year_actual - 2006

. bys plot site: egen yr_in_plot = count(total_mass)

. tab     yr_in_plot

 yr_in_plot |      Freq.     Percent        Cum.
------------+-----------------------------------
          1 |         37        2.79        2.79
          5 |         87        6.55        9.34
          6 |        108        8.13       17.47
          7 |        149       11.22       28.69
          8 |        307       23.12       51.81
          9 |        171       12.88       64.68
         10 |        161       12.12       76.81
         11 |        308       23.19      100.00
------------+-----------------------------------
      Total |      1,328      100.00

. drop if yr_in_plot<5
(37 observations deleted)

. tab     yr_in_plot

 yr_in_plot |      Freq.     Percent        Cum.
------------+-----------------------------------
          5 |         87        6.74        6.74
          6 |        108        8.37       15.10
          7 |        149       11.54       26.65
          8 |        307       23.78       50.43
          9 |        171       13.25       63.67
         10 |        161       12.47       76.14
         11 |        308       23.86      100.00
------------+-----------------------------------
      Total |      1,291      100.00

. 
. ** Prep data and variables 
. egen    plst_id         = group(site_code plot)

. egen    site_code2  = group(site_code)

. egen    styr_id         = group(site_code year)

. codebook site_code plot plst_id styr_id

-------------------------------------------------------------------------------
site_code                                                           (unlabeled)
-------------------------------------------------------------------------------

                  Type: String (str12)

         Unique values: 43                        Missing "": 0/1,291

              Examples: "cdpt.us"
                        "koffler.ca"
                        "rook.uk"
                        "sier.us"

-------------------------------------------------------------------------------
plot                                                                (unlabeled)
-------------------------------------------------------------------------------

                  Type: Numeric (byte)

                 Range: [1,62]                        Units: 1
         Unique values: 44                        Missing .: 0/1,291

                  Mean: 18.2122
             Std. dev.: 12.4245

           Percentiles:     10%       25%       50%       75%       90%
                              3         9        17        25        36

-------------------------------------------------------------------------------
plst_id                                                   group(site_code plot)
-------------------------------------------------------------------------------

                  Type: Numeric (float)

                 Range: [1,151]                       Units: 1
         Unique values: 151                       Missing .: 0/1,291

                  Mean: 76.2665
             Std. dev.: 43.6555

           Percentiles:     10%       25%       50%       75%       90%
                             16        38        77       116       134

-------------------------------------------------------------------------------
styr_id                                                   group(site_code year)
-------------------------------------------------------------------------------

                  Type: Numeric (float)

                 Range: [1,359]                       Units: 1
         Unique values: 359                       Missing .: 0/1,291

                  Mean: 181.624
             Std. dev.: 104.688

           Percentiles:     10%       25%       50%       75%       90%
                             40        85       178       273       326

. 
. ** Remove duplicate rows
. duplicates report       plst_id year

Duplicates in terms of plst_id year

--------------------------------------
   Copies | Observations       Surplus
----------+---------------------------
        1 |         1291             0
--------------------------------------

. duplicates tag          plst_id year, generate(duplicates)

Duplicates in terms of plst_id year

. tab     duplicates

 duplicates |      Freq.     Percent        Cum.
------------+-----------------------------------
          0 |      1,291      100.00      100.00
------------+-----------------------------------
      Total |      1,291      100.00

. list plst_id year year_trt rich live_mass if duplicates==1

. drop if duplicates==1 & year_trt==0
(0 observations deleted)

. 
. ** Set data as panel data
. xtset plst_id year

Panel variable: plst_id (unbalanced)
 Time variable: year, 1 to 11
         Delta: 1 unit

. 
. ** Create analysis variables
. gen     l_lmass         = ln(live_mass)
(58 missing values generated)

. gen     l_rich          = ln(rich)
(2 missing values generated)

. gen     l_nbrich        = ln(avg_neighbor_rich)
(2 missing values generated)

. gen             l_nbrichblock   = ln(avgtrtneighrichwithinblock)
(11 missing values generated)

. gen     l_simpson       = ln(simpson)
(2 missing values generated)

. gen             l_even          = ln(even)
(3 missing values generated)

. gen     l_ground_par=ln(ground_par)
(255 missing values generated)

. gen             ihs_even        = ln(even + sqrt(1+even^2))
(2 missing values generated)

. gen     rich2           = rich^2
(2 missing values generated)

. 
. ** some soil attributes need to be destringed for use as covariates
. destring pct_c pct_n percentsand percentsilt percentclay , gen(pct_c2 pct_n2 
> percentsand_2 percentsilt_2 percentclay_2 ) ignore("NA")
pct_c: characters N A removed; pct_c2 generated as double
(219 missing values generated)
pct_n: characters N A removed; pct_n2 generated as double
(219 missing values generated)
percentsand: characters N A removed; percentsand_2 generated as double
(515 missing values generated)
percentsilt: characters N A removed; percentsilt_2 generated as double
(515 missing values generated)
percentclay: characters N A removed; percentclay_2 generated as double
(515 missing values generated)

. 
. ** country and habitat need to be destringed for use as covariates
. encode country, gen(pais)

. encode habitat, gen(tierra)

. 
. ** SAVE OUTPUT
. 
. save    "$datadir/NutNet_Prepped.dta", replace
file C:\GitHub\NutNetCausalinf/data/NutNet_Prepped.dta saved

. outsheet using "$datadir/NutNet_Prepped.csv", comma replace

. clear all

. 
. ** PROCESSING NOTES FROM PAUL AND CHRIS
. 
. /* We started with 1340 observations. 2 don’t have richness values. 
> ** 74 don’t have biomass values.  
> ** 37 observations were in the plot for fewer than 5 years
> ** (specifically, all have only 1 year in plot). 
> ** 16 of these 37 obs have no biomass (all have richness). 
> ** We also have 3 plots that have duplicate year entries, creating 24 obs
> ** where there should only be 12. We drop the duplicates – drop 12 
> ** (none of these duplicates are part of the 37 with fewer than 5 yrs). 
> ** 1,340 -> Drop 12 duplicates -> 1,328 -> Drop 37 with <5yr -> 1,291 -> 
> ** Two don’t have richness -> 1,289 - > 58 don’t have biomass values 
> ** (the other 16 without biomass values were dropped in earlier steps) -> 
> ** 1,231 observations in the main analysis. */
. 
. ** both live_mass and rich are right-skewed, thus a ln transform of both is
. ** preferred; yield more precise estimates & reduce the influence of outliers
. 
end of do-file

. 
. do              "$codedir/stata/analysis.do"

. use     "$datadir/NutNet_Prepped.dta"

. 
. /////////////////////////////////////////////////////////////////////////////
> ///
> //
. ** Figure 2A and Table S2 (Main Design)
. //
. /////////////////////////////////////////////////////////////////////////////
> ///
> 
. 
. ** Headline results: Figure 2A and Table S2
. ** Notes: We keep singletons below slightly increases standard errors (at the
>  
. **              fourth decimal place). We keep singeltons to be conservative 
> and ease 
. **              exposition. There are singletons, which correspond to seven y
> ears of 
. **              data for a single plot at the pape.de site; when we include s
> ite-by-year 
. **              FEs this plot becomes a singleton because no other plots from
>  site are 
. **      in the data.
. ** Including l_even controls for log evenness, l_rich barely changes
. ** l_simpson is Simpson's diversity index
. 
. 
. ** Figure 2A shows the following:
. reghdfe l_lmass l_rich, keepsingletons absorb(plst_id styr_id) cluster(plst_i
> d)
WARNING: Singleton observations not dropped; statistical significance is biased
>  (link)
(MWFE estimator converged in 5 iterations)

HDFE Linear regression                            Number of obs   =      1,231
Absorbing 2 HDFE groups                           F(   1,    150) =       8.01
Statistics robust to heteroskedasticity           Prob > F        =     0.0053
                                                  R-squared       =     0.8667
                                                  Adj R-squared   =     0.7778
                                                  Within R-sq.    =     0.0128
Number of clusters (plst_id) =        151         Root MSE        =     0.4523

                              (Std. err. adjusted for 151 clusters in plst_id)
------------------------------------------------------------------------------
             |               Robust
     l_lmass | Coefficient  std. err.      t    P>|t|     [95% conf. interval]
-------------+----------------------------------------------------------------
      l_rich |  -.2417694   .0854353    -2.83   0.005    -.4105814   -.0729573
       _cons |   5.997934   .1946611    30.81   0.000     5.613302    6.382566
------------------------------------------------------------------------------

Absorbed degrees of freedom:
-----------------------------------------------------+
 Absorbed FE | Categories  - Redundant  = Num. Coefs |
-------------+---------------------------------------|
     plst_id |       151         151           0    *|
     styr_id |       341           0         341     |
-----------------------------------------------------+
* = FE nested within cluster; treated as redundant for DoF computation

. reghdfe l_lmass l_rich ihs_even, keepsingletons  absorb(plst_id styr_id) clus
> ter(plst_id)
WARNING: Singleton observations not dropped; statistical significance is biased
>  (link)
(MWFE estimator converged in 5 iterations)

HDFE Linear regression                            Number of obs   =      1,231
Absorbing 2 HDFE groups                           F(   2,    150) =       4.37
Statistics robust to heteroskedasticity           Prob > F        =     0.0143
                                                  R-squared       =     0.8669
                                                  Adj R-squared   =     0.7778
                                                  Within R-sq.    =     0.0142
Number of clusters (plst_id) =        151         Root MSE        =     0.4523

                              (Std. err. adjusted for 151 clusters in plst_id)
------------------------------------------------------------------------------
             |               Robust
     l_lmass | Coefficient  std. err.      t    P>|t|     [95% conf. interval]
-------------+----------------------------------------------------------------
      l_rich |  -.2236972   .0851296    -2.63   0.009    -.3919051   -.0554892
    ihs_even |  -.1864008   .2121664    -0.88   0.381    -.6056216      .23282
       _cons |   6.072325   .2145728    28.30   0.000     5.648349      6.4963
------------------------------------------------------------------------------

Absorbed degrees of freedom:
-----------------------------------------------------+
 Absorbed FE | Categories  - Redundant  = Num. Coefs |
-------------+---------------------------------------|
     plst_id |       151         151           0    *|
     styr_id |       341           0         341     |
-----------------------------------------------------+
* = FE nested within cluster; treated as redundant for DoF computation

. reghdfe l_lmass l_simpson, keepsingletons absorb(plst_id styr_id) cluster(pls
> t_id)
WARNING: Singleton observations not dropped; statistical significance is biased
>  (link)
(MWFE estimator converged in 5 iterations)

HDFE Linear regression                            Number of obs   =      1,231
Absorbing 2 HDFE groups                           F(   1,    150) =       6.27
Statistics robust to heteroskedasticity           Prob > F        =     0.0133
                                                  R-squared       =     0.8665
                                                  Adj R-squared   =     0.7775
                                                  Within R-sq.    =     0.0112
Number of clusters (plst_id) =        151         Root MSE        =     0.4527

                              (Std. err. adjusted for 151 clusters in plst_id)
------------------------------------------------------------------------------
             |               Robust
     l_lmass | Coefficient  std. err.      t    P>|t|     [95% conf. interval]
-------------+----------------------------------------------------------------
   l_simpson |  -.1700502   .0679065    -2.50   0.013    -.3042269   -.0358735
       _cons |   5.659222   .0847183    66.80   0.000     5.491827    5.826617
------------------------------------------------------------------------------

Absorbed degrees of freedom:
-----------------------------------------------------+
 Absorbed FE | Categories  - Redundant  = Num. Coefs |
-------------+---------------------------------------|
     plst_id |       151         151           0    *|
     styr_id |       341           0         341     |
-----------------------------------------------------+
* = FE nested within cluster; treated as redundant for DoF computation

. 
. ** Table S2 includes the following 
. 
. est clear

. 
. eststo: reghdfe l_lmass l_rich, keepsingletons absorb(plst_id styr_id) cluste
> r(plst_id)
WARNING: Singleton observations not dropped; statistical significance is biased
>  (link)
(MWFE estimator converged in 5 iterations)

HDFE Linear regression                            Number of obs   =      1,231
Absorbing 2 HDFE groups                           F(   1,    150) =       8.01
Statistics robust to heteroskedasticity           Prob > F        =     0.0053
                                                  R-squared       =     0.8667
                                                  Adj R-squared   =     0.7778
                                                  Within R-sq.    =     0.0128
Number of clusters (plst_id) =        151         Root MSE        =     0.4523

                              (Std. err. adjusted for 151 clusters in plst_id)
------------------------------------------------------------------------------
             |               Robust
     l_lmass | Coefficient  std. err.      t    P>|t|     [95% conf. interval]
-------------+----------------------------------------------------------------
      l_rich |  -.2417694   .0854353    -2.83   0.005    -.4105814   -.0729573
       _cons |   5.997934   .1946611    30.81   0.000     5.613302    6.382566
------------------------------------------------------------------------------

Absorbed degrees of freedom:
-----------------------------------------------------+
 Absorbed FE | Categories  - Redundant  = Num. Coefs |
-------------+---------------------------------------|
     plst_id |       151         151           0    *|
     styr_id |       341           0         341     |
-----------------------------------------------------+
* = FE nested within cluster; treated as redundant for DoF computation
(est1 stored)

. eststo: reghdfe l_lmass l_rich, keepsingletons absorb(plst_id styr_id) cluste
> r(site_code2)
WARNING: Singleton observations not dropped; statistical significance is biased
>  (link)
(MWFE estimator converged in 5 iterations)

HDFE Linear regression                            Number of obs   =      1,231
Absorbing 2 HDFE groups                           F(   1,     42) =       7.35
Statistics robust to heteroskedasticity           Prob > F        =     0.0097
                                                  R-squared       =     0.8667
                                                  Adj R-squared   =     0.7778
                                                  Within R-sq.    =     0.0128
Number of clusters (site_code2) =         43      Root MSE        =     0.4523

                            (Std. err. adjusted for 43 clusters in site_code2)
------------------------------------------------------------------------------
             |               Robust
     l_lmass | Coefficient  std. err.      t    P>|t|     [95% conf. interval]
-------------+----------------------------------------------------------------
      l_rich |  -.2417694   .0891571    -2.71   0.010    -.4216956   -.0618431
       _cons |   5.997934   .2031411    29.53   0.000     5.587979     6.40789
------------------------------------------------------------------------------

Absorbed degrees of freedom:
-----------------------------------------------------+
 Absorbed FE | Categories  - Redundant  = Num. Coefs |
-------------+---------------------------------------|
     plst_id |       151         151           0    *|
     styr_id |       341         341           0    *|
-----------------------------------------------------+
* = FE nested within cluster; treated as redundant for DoF computation
(est2 stored)

. eststo: reghdfe l_lmass l_rich ihs_even, keepsingletons  absorb(plst_id styr_
> id) cluster(plst_id)
WARNING: Singleton observations not dropped; statistical significance is biased
>  (link)
(MWFE estimator converged in 5 iterations)

HDFE Linear regression                            Number of obs   =      1,231
Absorbing 2 HDFE groups                           F(   2,    150) =       4.37
Statistics robust to heteroskedasticity           Prob > F        =     0.0143
                                                  R-squared       =     0.8669
                                                  Adj R-squared   =     0.7778
                                                  Within R-sq.    =     0.0142
Number of clusters (plst_id) =        151         Root MSE        =     0.4523

                              (Std. err. adjusted for 151 clusters in plst_id)
------------------------------------------------------------------------------
             |               Robust
     l_lmass | Coefficient  std. err.      t    P>|t|     [95% conf. interval]
-------------+----------------------------------------------------------------
      l_rich |  -.2236972   .0851296    -2.63   0.009    -.3919051   -.0554892
    ihs_even |  -.1864008   .2121664    -0.88   0.381    -.6056216      .23282
       _cons |   6.072325   .2145728    28.30   0.000     5.648349      6.4963
------------------------------------------------------------------------------

Absorbed degrees of freedom:
-----------------------------------------------------+
 Absorbed FE | Categories  - Redundant  = Num. Coefs |
-------------+---------------------------------------|
     plst_id |       151         151           0    *|
     styr_id |       341           0         341     |
-----------------------------------------------------+
* = FE nested within cluster; treated as redundant for DoF computation
(est3 stored)

. eststo: reghdfe l_lmass l_simpson, keepsingletons absorb(plst_id styr_id) clu
> ster(plst_id)
WARNING: Singleton observations not dropped; statistical significance is biased
>  (link)
(MWFE estimator converged in 5 iterations)

HDFE Linear regression                            Number of obs   =      1,231
Absorbing 2 HDFE groups                           F(   1,    150) =       6.27
Statistics robust to heteroskedasticity           Prob > F        =     0.0133
                                                  R-squared       =     0.8665
                                                  Adj R-squared   =     0.7775
                                                  Within R-sq.    =     0.0112
Number of clusters (plst_id) =        151         Root MSE        =     0.4527

                              (Std. err. adjusted for 151 clusters in plst_id)
------------------------------------------------------------------------------
             |               Robust
     l_lmass | Coefficient  std. err.      t    P>|t|     [95% conf. interval]
-------------+----------------------------------------------------------------
   l_simpson |  -.1700502   .0679065    -2.50   0.013    -.3042269   -.0358735
       _cons |   5.659222   .0847183    66.80   0.000     5.491827    5.826617
------------------------------------------------------------------------------

Absorbed degrees of freedom:
-----------------------------------------------------+
 Absorbed FE | Categories  - Redundant  = Num. Coefs |
-------------+---------------------------------------|
     plst_id |       151         151           0    *|
     styr_id |       341           0         341     |
-----------------------------------------------------+
* = FE nested within cluster; treated as redundant for DoF computation
(est4 stored)

. 
. esttab * using "$userdir/output/Table_S2.tex", fragment cells(b(fmt(%9.3f)) s
> e(par) ci(par)) stats(r2 N, fmt(%9.3f %9.0g) label(R-squared)) legend label r
> eplace
(output written to C:\GitHub\NutNetCausalinf/output/Table_S2.tex)

. est clear

. 
. // ADDITIONAL SUPPORT //
. 
. ** Supporting: Drop singletons
. ** Inference is not affected by dropping singletons
. reghdfe l_lmass l_rich, absorb(plst_id styr_id) cluster(plst_id)
(dropped 7 singleton observations)
(MWFE estimator converged in 5 iterations)

HDFE Linear regression                            Number of obs   =      1,224
Absorbing 2 HDFE groups                           F(   1,    149) =       8.05
Statistics robust to heteroskedasticity           Prob > F        =     0.0052
                                                  R-squared       =     0.8651
                                                  Adj R-squared   =     0.7767
                                                  Within R-sq.    =     0.0128
Number of clusters (plst_id) =        150         Root MSE        =     0.4520

                              (Std. err. adjusted for 150 clusters in plst_id)
------------------------------------------------------------------------------
             |               Robust
     l_lmass | Coefficient  std. err.      t    P>|t|     [95% conf. interval]
-------------+----------------------------------------------------------------
      l_rich |  -.2417694   .0851937    -2.84   0.005    -.4101133   -.0734254
       _cons |   5.991314   .1944906    30.81   0.000     5.606998     6.37563
------------------------------------------------------------------------------

Absorbed degrees of freedom:
-----------------------------------------------------+
 Absorbed FE | Categories  - Redundant  = Num. Coefs |
-------------+---------------------------------------|
     plst_id |       150         150           0    *|
     styr_id |       334           0         334     |
-----------------------------------------------------+
* = FE nested within cluster; treated as redundant for DoF computation

. 
. ** Supporting: Cluster at site
. ** Confirms that inference is robust to clustering SEs at the site level, 
. **              acknowledging that we do not have a lot of sites. Worth repor
> ting.
. reghdfe l_lmass l_rich, keepsingletons absorb(plst_id styr_id) cluster(site_c
> ode2)
WARNING: Singleton observations not dropped; statistical significance is biased
>  (link)
(MWFE estimator converged in 5 iterations)

HDFE Linear regression                            Number of obs   =      1,231
Absorbing 2 HDFE groups                           F(   1,     42) =       7.35
Statistics robust to heteroskedasticity           Prob > F        =     0.0097
                                                  R-squared       =     0.8667
                                                  Adj R-squared   =     0.7778
                                                  Within R-sq.    =     0.0128
Number of clusters (site_code2) =         43      Root MSE        =     0.4523

                            (Std. err. adjusted for 43 clusters in site_code2)
------------------------------------------------------------------------------
             |               Robust
     l_lmass | Coefficient  std. err.      t    P>|t|     [95% conf. interval]
-------------+----------------------------------------------------------------
      l_rich |  -.2417694   .0891571    -2.71   0.010    -.4216956   -.0618431
       _cons |   5.997934   .2031411    29.53   0.000     5.587979     6.40789
------------------------------------------------------------------------------

Absorbed degrees of freedom:
-----------------------------------------------------+
 Absorbed FE | Categories  - Redundant  = Num. Coefs |
-------------+---------------------------------------|
     plst_id |       151         151           0    *|
     styr_id |       341         341           0    *|
-----------------------------------------------------+
* = FE nested within cluster; treated as redundant for DoF computation

. 
. 
. /////////////////////////////////////////////////////////////////////////////
> ///
> //
. ** Figure 2B: Traditional Multi-variate Approaches
. //
. /////////////////////////////////////////////////////////////////////////////
> ///
> 
. local control_vars i.pais i.tierra i.year elevation managed burned grazed ant
> hropogenic ///
>                                         temp_var_v2  min_temp_v2 max_temp_v2 
> temp_wet_q_v2 temp_dry_q_v2 temp_warm_q_v2 ///
>                                         temp_cold_q_v2 pct_c2 pct_n2 ppm_p pp
> m_k ppm_ca ppm_mg ppm_s ppm_na ppm_zn ///
>                                         ppm_mn ppm_fe ppm_cu ppm_b ph percent
> sand_2 percentsilt_2 percentclay_2 

. 
. xtmixed l_lmass l_rich `control_vars' || site_code2: || plst_id:, vce(robust)
note: 10.tierra omitted because of collinearity.
note: anthropogenic omitted because of collinearity.

Performing EM optimization: 

Performing gradient-based optimization: 

Iteration 0:   log pseudolikelihood = -728.68647  
Iteration 1:   log pseudolikelihood = -725.81551  
Iteration 2:   log pseudolikelihood = -725.62892  
Iteration 3:   log pseudolikelihood = -725.62796  
Iteration 4:   log pseudolikelihood = -725.62796  

Computing standard errors:

Mixed-effects regression                        Number of obs     =        675

        Grouping information
        -------------------------------------------------------------
                        |     No. of       Observations per group
         Group variable |     groups    Minimum    Average    Maximum
        ----------------+--------------------------------------------
             site_code2 |         28          7       24.1         60
                plst_id |         82          5        8.2         11
        -------------------------------------------------------------

                                                Wald chi2(27)     =          .
Log pseudolikelihood = -725.62796               Prob > chi2       =          .

                                   (Std. err. adjusted for 28 clusters in site_
> code2)
-------------------------------------------------------------------------------
------
                    |               Robust
            l_lmass | Coefficient  std. err.      z    P>|z|     [95% conf. int
> erval]
--------------------+----------------------------------------------------------
------
             l_rich |   .3792555   .1909606     1.99   0.047     .0049797    .7
> 535313
                    |
               pais |
                CA  |   14.99055   6.354817     2.36   0.018     2.535343    27
> .44577
                CH  |   11.77419   3.339474     3.53   0.000     5.228939    18
> .31944
                DE  |   12.66265    7.28861     1.74   0.082    -1.622763    26
> .94806
                TZ  |    1.47228    7.22068     0.20   0.838    -12.67999    15
> .62455
                UK  |   10.13444   6.795737     1.49   0.136     -3.18496    23
> .45384
                US  |   11.16888   7.879042     1.42   0.156    -4.273754    26
> .61152
                    |
             tierra |
  annual grassland  |   9.687687   7.654967     1.27   0.206    -5.315772    24
> .69115
  desert grassland  |  -.3765982   4.744964    -0.08   0.937    -9.676557    8.
> 923361
   mesic grassland  |   8.872761   4.575167     1.94   0.052    -.0944021    17
> .83992
 montane grassland  |   -2.59986   1.960917    -1.33   0.185    -6.443187    1.
> 243468
         old field  |   7.057867   6.336862     1.11   0.265    -5.362153    19
> .47789
           pasture  |   .1618745   3.898956     0.04   0.967    -7.479939    7.
> 803688
           savanna  |          0  (omitted)
semiarid grassland  |   13.74411   13.18785     1.04   0.297    -12.10359    39
> .59181
shortgrass prairie  |   6.933653   5.312019     1.31   0.192    -3.477713    17
> .34502
      shrub steppe  |  -3.086889   1.315279    -2.35   0.019    -5.664789   -.5
> 089885
 tallgrass prairie  |   6.975024   6.286552     1.11   0.267    -5.346391    19
> .29644
                    |
               year |
                 2  |   .0509527   .1342547     0.38   0.704    -.2121816     .
> 314087
                 3  |  -.0245272   .2738956    -0.09   0.929    -.5613527    .5
> 122984
                 4  |   .2506908    .158125     1.59   0.113    -.0592285    .5
> 606101
                 5  |   .0824884   .1875225     0.44   0.660     -.285049    .4
> 500257
                 6  |  -.0375756   .1445186    -0.26   0.795    -.3208269    .2
> 456756
                 7  |   .2007539   .1082511     1.85   0.064    -.0114144    .4
> 129223
                 8  |  -.0137634   .2044578    -0.07   0.946    -.4144933    .3
> 869665
                 9  |  -.1006103    .253932    -0.40   0.692    -.5983079    .3
> 970873
                10  |   .4982199   .1812426     2.75   0.006      .142991    .8
> 534489
                11  |   .4395787   .1298018     3.39   0.001     .1851718    .6
> 939856
                    |
          elevation |   .0113795   .0065974     1.72   0.085    -.0015512    .0
> 243101
            managed |   -5.27416    3.19411    -1.65   0.099     -11.5345    .9
> 861807
             burned |  -1.170978   1.020842    -1.15   0.251    -3.171792    .8
> 298352
             grazed |   5.445012   3.519313     1.55   0.122    -1.452715    12
> .34274
      anthropogenic |          0  (omitted)
        temp_var_v2 |   -.383507   .1446102    -2.65   0.008    -.6669378   -.1
> 000761
        min_temp_v2 |  -.8373512   .8169268    -1.03   0.305    -2.438498     .
> 763796
        max_temp_v2 |  -3.194121   1.145741    -2.79   0.005    -5.439732     -
> .94851
      temp_wet_q_v2 |   .1988436    .101994     1.95   0.051     -.001061    .3
> 987482
      temp_dry_q_v2 |   .4296542   .2496581     1.72   0.085    -.0596666    .9
> 189751
     temp_warm_q_v2 |   19.15384   7.202164     2.66   0.008      5.03786    33
> .26982
     temp_cold_q_v2 |  -14.88491   6.927368    -2.15   0.032    -28.46231   -1.
> 307523
             pct_c2 |  -.1634285   .0681903    -2.40   0.017    -.2970791   -.0
> 297779
             pct_n2 |   3.762984   1.196473     3.15   0.002      1.41794    6.
> 108028
              ppm_p |   .0110186   .0060177     1.83   0.067    -.0007759    .0
> 228131
              ppm_k |   .0009889   .0002926     3.38   0.001     .0004154    .0
> 015623
             ppm_ca |   .0000826   .0000613     1.35   0.178    -.0000375    .0
> 002027
             ppm_mg |  -.0015232   .0003654    -4.17   0.000    -.0022393   -.0
> 008071
              ppm_s |  -.0137877   .0077095    -1.79   0.074     -.028898    .0
> 013227
             ppm_na |   .0012468   .0007274     1.71   0.087    -.0001788    .0
> 026725
             ppm_zn |  -.0080712   .0264538    -0.31   0.760    -.0599196    .0
> 437772
             ppm_mn |   .0002342   .0018024     0.13   0.897    -.0032985    .0
> 037669
             ppm_fe |  -.0027326    .001586    -1.72   0.085    -.0058411    .0
> 003758
             ppm_cu |   .0995997   .0516441     1.93   0.054    -.0016208    .2
> 008203
              ppm_b |  -.3115199   .1807045    -1.72   0.085    -.6656943    .0
> 426545
                 ph |  -.1966372   .2220746    -0.89   0.376    -.6318954    .2
> 386209
      percentsand_2 |   .4261968   .7445401     0.57   0.567    -1.033075    1.
> 885469
      percentsilt_2 |   .4173405    .747138     0.56   0.576    -1.047023    1.
> 881704
      percentclay_2 |   .4162243   .7392582     0.56   0.573    -1.032695    1.
> 865144
              _cons |  -57.76952   73.72949    -0.78   0.433    -202.2767    86
> .73763
-------------------------------------------------------------------------------
------

------------------------------------------------------------------------------
                             |               Robust           
  Random-effects parameters  |   Estimate   std. err.     [95% conf. interval]
-----------------------------+------------------------------------------------
site_code2: Identity         |
                   sd(_cons) |   2.05e-11          .             .           .
-----------------------------+------------------------------------------------
plst_id: Identity            |
                   sd(_cons) |   9.57e-12   2.38e-11      7.38e-14    1.24e-09
-----------------------------+------------------------------------------------
                sd(Residual) |   .7089756   .0996964      .5381893    .9339585
------------------------------------------------------------------------------

. xtmixed l_lmass l_rich ihs_even `control_vars' || site_code2: || plst_id:, vc
> e(robust)
note: 10.tierra omitted because of collinearity.
note: anthropogenic omitted because of collinearity.

Performing EM optimization: 

Performing gradient-based optimization: 

Iteration 0:   log pseudolikelihood = -727.51131  
Iteration 1:   log pseudolikelihood = -724.69057  
Iteration 2:   log pseudolikelihood = -724.46467  
Iteration 3:   log pseudolikelihood = -724.46107  
Iteration 4:   log pseudolikelihood = -724.46107  

Computing standard errors:

Mixed-effects regression                        Number of obs     =        675

        Grouping information
        -------------------------------------------------------------
                        |     No. of       Observations per group
         Group variable |     groups    Minimum    Average    Maximum
        ----------------+--------------------------------------------
             site_code2 |         28          7       24.1         60
                plst_id |         82          5        8.2         11
        -------------------------------------------------------------

                                                Wald chi2(27)     =          .
Log pseudolikelihood = -724.46107               Prob > chi2       =          .

                                   (Std. err. adjusted for 28 clusters in site_
> code2)
-------------------------------------------------------------------------------
------
                    |               Robust
            l_lmass | Coefficient  std. err.      z    P>|z|     [95% conf. int
> erval]
--------------------+----------------------------------------------------------
------
             l_rich |    .404343   .2122879     1.90   0.057    -.0117337    .8
> 204197
           ihs_even |  -.3991784   .4862437    -0.82   0.412    -1.352199    .5
> 538418
                    |
               pais |
                CA  |   16.47405   6.998675     2.35   0.019     2.756894     3
> 0.1912
                CH  |   12.87999   3.922292     3.28   0.001     5.192441    20
> .56754
                DE  |     14.289   8.011946     1.78   0.075    -1.414127    29
> .99212
                TZ  |   3.094502   7.998374     0.39   0.699    -12.58202    18
> .77103
                UK  |    11.8226   7.553693     1.57   0.118    -2.982363    26
> .62757
                US  |   12.98733   8.659235     1.50   0.134    -3.984458    29
> .95912
                    |
             tierra |
  annual grassland  |   11.44269   8.623656     1.33   0.185    -5.459361    28
> .34475
  desert grassland  |   .7408665    5.35312     0.14   0.890    -9.751056    11
> .23279
   mesic grassland  |   10.00302   5.147684     1.94   0.052    -.0862576    20
> .09229
 montane grassland  |  -2.792009   2.001883    -1.39   0.163    -6.715627    1.
> 131609
         old field  |    8.48041   7.125011     1.19   0.234    -5.484355    22
> .44518
           pasture  |   .7838234   4.165133     0.19   0.851    -7.379688    8.
> 947335
           savanna  |          0  (omitted)
semiarid grassland  |   16.66301   14.65957     1.14   0.256    -12.06923    45
> .39525
shortgrass prairie  |   8.240401   5.984052     1.38   0.168    -3.488126    19
> .96893
      shrub steppe  |  -3.122933   1.328749    -2.35   0.019    -5.727233   -.5
> 186322
 tallgrass prairie  |   8.248237    7.01066     1.18   0.239    -5.492405    21
> .98888
                    |
               year |
                 2  |   .0485713   .1317197     0.37   0.712    -.2095945    .3
> 067371
                 3  |  -.0405832   .2694718    -0.15   0.880    -.5687382    .4
> 875718
                 4  |   .2525034   .1523746     1.66   0.097    -.0461453    .5
> 511521
                 5  |   .0853572   .1851863     0.46   0.645    -.2776013    .4
> 483157
                 6  |  -.0338777   .1427585    -0.24   0.812    -.3136792    .2
> 459238
                 7  |   .2063623   .1081271     1.91   0.056    -.0055629    .4
> 182875
                 8  |  -.0043574   .1948058    -0.02   0.982    -.3861698    .3
> 774549
                 9  |  -.0836505   .2539168    -0.33   0.742    -.5813183    .4
> 140173
                10  |    .502693   .1788993     2.81   0.005     .1520569    .8
> 533291
                11  |   .4515888   .1282528     3.52   0.000     .2002181    .7
> 029596
                    |
          elevation |   .0129521   .0073642     1.76   0.079    -.0014814    .0
> 273857
            managed |  -6.017429   3.538038    -1.70   0.089    -12.95186    .9
> 169978
             burned |  -1.411553   1.198225    -1.18   0.239    -3.760031    .9
> 369256
             grazed |    6.15398   3.896419     1.58   0.114    -1.482862    13
> .79082
      anthropogenic |          0  (omitted)
        temp_var_v2 |  -.4239697   .1652965    -2.56   0.010    -.7479449   -.0
> 999945
        min_temp_v2 |  -.6922577   .8959642    -0.77   0.440    -2.448315      
> 1.0638
        max_temp_v2 |  -3.533381   1.282431    -2.76   0.006      -6.0469   -1.
> 019862
      temp_wet_q_v2 |   .2080977   .1000728     2.08   0.038     .0119586    .4
> 042368
      temp_dry_q_v2 |   .4906959   .2736475     1.79   0.073    -.0456434    1.
> 027035
     temp_warm_q_v2 |   21.20937   8.234126     2.58   0.010     5.070779    37
> .34796
     temp_cold_q_v2 |  -16.75065   7.889513    -2.12   0.034    -32.21381   -1.
> 287493
             pct_c2 |  -.1737116    .067813    -2.56   0.010    -.3066226   -.0
> 408007
             pct_n2 |   3.860452   1.209993     3.19   0.001     1.488909    6.
> 231994
              ppm_p |   .0116622   .0063442     1.84   0.066    -.0007723    .0
> 240967
              ppm_k |   .0009799   .0002938     3.33   0.001      .000404    .0
> 015558
             ppm_ca |    .000108   .0000597     1.81   0.071    -9.06e-06    .0
> 002251
             ppm_mg |  -.0014822   .0003396    -4.36   0.000    -.0021479   -.0
> 008166
              ppm_s |  -.0152196   .0080025    -1.90   0.057    -.0309042     .
> 000465
             ppm_na |   .0015114   .0006873     2.20   0.028     .0001643    .0
> 028584
             ppm_zn |  -.0089639    .026168    -0.34   0.732    -.0602522    .0
> 423244
             ppm_mn |   .0003508   .0016451     0.21   0.831    -.0028734    .0
> 035751
             ppm_fe |  -.0027604   .0016629    -1.66   0.097    -.0060195    .0
> 004988
             ppm_cu |   .0922788   .0490586     1.88   0.060    -.0038744    .1
> 884319
              ppm_b |  -.3461044   .1832363    -1.89   0.059    -.7052408    .0
> 130321
                 ph |   -.215423   .2151198    -1.00   0.317    -.6370501     .
> 206204
      percentsand_2 |   .2977937   .7577529     0.39   0.694    -1.187375    1.
> 782962
      percentsilt_2 |   .2876284   .7606775     0.38   0.705    -1.203272    1.
> 778529
      percentclay_2 |   .2849689   .7531548     0.38   0.705    -1.191187    1.
> 761125
              _cons |  -46.74716   74.49631    -0.63   0.530    -192.7572    99
> .26293
-------------------------------------------------------------------------------
------

------------------------------------------------------------------------------
                             |               Robust           
  Random-effects parameters  |   Estimate   std. err.     [95% conf. interval]
-----------------------------+------------------------------------------------
site_code2: Identity         |
                   sd(_cons) |   8.85e-12          .             .           .
-----------------------------+------------------------------------------------
plst_id: Identity            |
                   sd(_cons) |   5.95e-13   2.97e-11      2.14e-55    1.66e+30
-----------------------------+------------------------------------------------
                sd(Residual) |    .707751     .10069       .535528    .9353602
------------------------------------------------------------------------------

. xtmixed l_lmass l_simpson `control_vars' || site_code2: || plst_id:, vce(robu
> st)
note: 10.tierra omitted because of collinearity.
note: anthropogenic omitted because of collinearity.

Performing EM optimization: 

Performing gradient-based optimization: 

Iteration 0:   log pseudolikelihood = -736.41922  
Iteration 1:   log pseudolikelihood = -733.52829  
Iteration 2:   log pseudolikelihood = -733.35093  
Iteration 3:   log pseudolikelihood =  -733.3508  
Iteration 4:   log pseudolikelihood =  -733.3508  

Computing standard errors:

Mixed-effects regression                        Number of obs     =        675

        Grouping information
        -------------------------------------------------------------
                        |     No. of       Observations per group
         Group variable |     groups    Minimum    Average    Maximum
        ----------------+--------------------------------------------
             site_code2 |         28          7       24.1         60
                plst_id |         82          5        8.2         11
        -------------------------------------------------------------

                                                Wald chi2(27)     =          .
Log pseudolikelihood =  -733.3508               Prob > chi2       =          .

                                   (Std. err. adjusted for 28 clusters in site_
> code2)
-------------------------------------------------------------------------------
------
                    |               Robust
            l_lmass | Coefficient  std. err.      z    P>|z|     [95% conf. int
> erval]
--------------------+----------------------------------------------------------
------
          l_simpson |   .0746331   .0817398     0.91   0.361    -.0855739    .2
> 348401
                    |
               pais |
                CA  |   14.85548   6.211522     2.39   0.017     2.681124    27
> .02984
                CH  |   12.26424   3.253604     3.77   0.000     5.887296    18
> .64119
                DE  |   13.27463   7.134023     1.86   0.063    -.7078024    27
> .25706
                TZ  |   2.168642   7.351143     0.30   0.768    -12.23933    16
> .57662
                UK  |   10.02446   6.634021     1.51   0.131    -2.977979    23
> .02691
                US  |   12.07496   7.932162     1.52   0.128    -3.471789    27
> .62172
                    |
             tierra |
  annual grassland  |   8.977895   7.533763     1.19   0.233    -5.788008     2
> 3.7438
  desert grassland  |   -.717645   4.725819    -0.15   0.879     -9.98008     8
> .54479
   mesic grassland  |   8.313769   4.533932     1.83   0.067    -.5725743    17
> .20011
 montane grassland  |   -3.90077   2.087168    -1.87   0.062    -7.991544    .1
> 900041
         old field  |   7.300084   6.389112     1.14   0.253    -5.222346    19
> .82251
           pasture  |   -.151683   4.042713    -0.04   0.970    -8.075256     7
> .77189
           savanna  |          0  (omitted)
semiarid grassland  |   14.52747   13.22887     1.10   0.272    -11.40064    40
> .45557
shortgrass prairie  |   6.771127   5.323101     1.27   0.203    -3.661959    17
> .20421
      shrub steppe  |  -3.512696   1.291446    -2.72   0.007    -6.043884   -.9
> 815074
 tallgrass prairie  |   7.379937   6.393378     1.15   0.248    -5.150854    19
> .91073
                    |
               year |
                 2  |   .0323708   .1444057     0.22   0.823    -.2506591    .3
> 154008
                 3  |  -.0329839   .2849243    -0.12   0.908    -.5914251    .5
> 254574
                 4  |   .2534421   .1644823     1.54   0.123    -.0689372    .5
> 758214
                 5  |   .0370637   .1945719     0.19   0.849    -.3442901    .4
> 184175
                 6  |  -.0583753   .1445027    -0.40   0.686    -.3415953    .2
> 248448
                 7  |   .1794145   .1115532     1.61   0.108    -.0392258    .3
> 980549
                 8  |  -.0823078   .2409109    -0.34   0.733    -.5544844    .3
> 898689
                 9  |  -.1302126   .2465974    -0.53   0.597    -.6135346    .3
> 531095
                10  |   .4976047   .1801031     2.76   0.006     .1446092    .8
> 506002
                11  |    .394552    .130652     3.02   0.003     .1384787    .6
> 506252
                    |
          elevation |    .011619   .0065646     1.77   0.077    -.0012473    .0
> 244853
            managed |  -5.894716    3.26841    -1.80   0.071    -12.30068    .5
> 112508
             burned |  -1.377868   1.019853    -1.35   0.177    -3.376743    .6
> 210062
             grazed |   7.044079   3.749348     1.88   0.060    -.3045079    14
> .39267
      anthropogenic |          0  (omitted)
        temp_var_v2 |   -.380697   .1404393    -2.71   0.007     -.655953    -.
> 105441
        min_temp_v2 |  -.7650605   .8166556    -0.94   0.349    -2.365676    .8
> 355551
        max_temp_v2 |  -3.099273   1.104583    -2.81   0.005    -5.264216   -.9
> 343294
      temp_wet_q_v2 |   .1282223   .1089201     1.18   0.239    -.0852572    .3
> 417017
      temp_dry_q_v2 |   .4255238   .2484538     1.71   0.087    -.0614367    .9
> 124843
     temp_warm_q_v2 |   18.97487   6.972631     2.72   0.007     5.308765    32
> .64098
     temp_cold_q_v2 |  -14.82031   6.752102    -2.19   0.028    -28.05419   -1.
> 586436
             pct_c2 |  -.1469558   .0807672    -1.82   0.069    -.3052565     .
> 011345
             pct_n2 |   3.611677   1.448193     2.49   0.013     .7732714    6.
> 450082
              ppm_p |   .0100606   .0065005     1.55   0.122    -.0026801    .0
> 228014
              ppm_k |   .0007805    .000267     2.92   0.003     .0002573    .0
> 013037
             ppm_ca |   .0000698   .0000666     1.05   0.295    -.0000608    .0
> 002004
             ppm_mg |   -.001553   .0003739    -4.15   0.000    -.0022859   -.0
> 008201
              ppm_s |   -.015301   .0095923    -1.60   0.111    -.0341015    .0
> 034995
             ppm_na |   .0013529   .0007481     1.81   0.071    -.0001134    .0
> 028192
             ppm_zn |   .0065029   .0251631     0.26   0.796    -.0428159    .0
> 558217
             ppm_mn |  -.0007618   .0019696    -0.39   0.699    -.0046222    .0
> 030985
             ppm_fe |  -.0030188   .0016394    -1.84   0.066    -.0062318    .0
> 001943
             ppm_cu |   .0775474   .0475347     1.63   0.103    -.0156189    .1
> 707137
              ppm_b |  -.3730225   .1872172    -1.99   0.046    -.7399614   -.0
> 060835
                 ph |  -.1529235   .2361464    -0.65   0.517     -.615762     .
> 309915
      percentsand_2 |  -.1613083   .7626701    -0.21   0.832    -1.656114    1.
> 333498
      percentsilt_2 |  -.1751761   .7657966    -0.23   0.819     -1.67611    1.
> 325758
      percentclay_2 |  -.1730706   .7575077    -0.23   0.819    -1.657758    1.
> 311617
              _cons |   1.432047   73.51336     0.02   0.984    -142.6515    14
> 5.5156
-------------------------------------------------------------------------------
------

------------------------------------------------------------------------------
                             |               Robust           
  Random-effects parameters  |   Estimate   std. err.     [95% conf. interval]
-----------------------------+------------------------------------------------
site_code2: Identity         |
                   sd(_cons) |   2.33e-11   2.51e-09      4.2e-103    1.31e+81
-----------------------------+------------------------------------------------
plst_id: Identity            |
                   sd(_cons) |   5.24e-12          .             .           .
-----------------------------+------------------------------------------------
                sd(Residual) |   .7171338   .3177423      .3009235    1.709008
------------------------------------------------------------------------------

. 
. // ADDITIONAL SUPPORT //
. 
. ** NOTE: to compare with the FEs and random effects methods we 
. **   re-run FE estimation but only for subsample that has values for covariat
> es
. **   the estimated effect is still negative, indicating that the positive val
> ue 
. **   we obtained above is not a function of difference in sample composition 
> after
. **   dropping obs, but rather a function of the identification strategy
. reghdfe l_lmass l_rich if elevation~=. & managed~=. & burned~=. & grazed~=. &
>  ///
>                                                         anthropogenic~=. &  t
> emp_var_v2~=. &   min_temp_v2~=. & ///
>                                                         max_temp_v2~=. &  tem
> p_wet_q_v2~=. &  temp_dry_q_v2~=. & ///
>                                                         temp_warm_q_v2~=. &  
> temp_cold_q_v2~=. &  pct_c2~=. &  ///
>                                                         pct_n2~=. &  ppm_p~=.
>  &  ppm_k~=. &  ppm_ca~=. & ///
>                                                         ppm_mg~=. &  ppm_s~=.
>  &  ppm_na~=. &  ppm_zn~=. & ///
>                                                         ppm_mn~=. &  ppm_fe~=
> . &  ppm_cu~=. &  ppm_b~=. & ///
>                                                         ph~=. & percentsand_2
> ~=. &  percentsilt_2~=. &  percentclay_2~=., ///
>                                                 keepsingletons  absorb(plst_i
> d styr_id) cluster(plst_id)
WARNING: Singleton observations not dropped; statistical significance is biased
>  (link)
(MWFE estimator converged in 4 iterations)

HDFE Linear regression                            Number of obs   =        675
Absorbing 2 HDFE groups                           F(   1,     81) =       3.73
Statistics robust to heteroskedasticity           Prob > F        =     0.0569
                                                  R-squared       =     0.8793
                                                  Adj R-squared   =     0.7759
                                                  Within R-sq.    =     0.0164
Number of clusters (plst_id) =         82         Root MSE        =     0.4994

                               (Std. err. adjusted for 82 clusters in plst_id)
------------------------------------------------------------------------------
             |               Robust
     l_lmass | Coefficient  std. err.      t    P>|t|     [95% conf. interval]
-------------+----------------------------------------------------------------
      l_rich |  -.3109378   .1609454    -1.93   0.057    -.6311686     .009293
       _cons |   6.017314   .3565913    16.87   0.000     5.307809    6.726819
------------------------------------------------------------------------------

Absorbed degrees of freedom:
-----------------------------------------------------+
 Absorbed FE | Categories  - Redundant  = Num. Coefs |
-------------+---------------------------------------|
     plst_id |        82          82           0    *|
     styr_id |       229           0         229     |
-----------------------------------------------------+
* = FE nested within cluster; treated as redundant for DoF computation

. 
. ** "Simple" bivariate analysis done with random effects
.                                                 
. ** From Paul F:
. /* Ecologists would look for correlation between richness and biomass in a mi
> xed 
>         (or multi-level)modeling approach, which would be like a random effec
> ts
>         model in economics
>         They would estimate SEs clustered at the plot level and add year indi
> cator
> */
. ** A very simple model
. xtreg l_lmass l_rich i.year, mle 

Fitting constant-only model:
Iteration 0:   log likelihood = -1435.2889
Iteration 1:   log likelihood = -1435.1046
Iteration 2:   log likelihood = -1435.1036

Fitting full model:
Iteration 0:   log likelihood = -1418.1521
Iteration 1:   log likelihood = -1407.6671
Iteration 2:   log likelihood = -1407.4761
Iteration 3:   log likelihood = -1407.4759

Random-effects ML regression                         Number of obs    =  1,231
Group variable: plst_id                              Number of groups =    151

Random effects u_i ~ Gaussian                        Obs per group:
                                                                  min =      5
                                                                  avg =    8.2
                                                                  max =     11

                                                     LR chi2(11)      =  55.26
Log likelihood = -1407.4759                          Prob > chi2      = 0.0000

------------------------------------------------------------------------------
     l_lmass | Coefficient  Std. err.      z    P>|z|     [95% conf. interval]
-------------+----------------------------------------------------------------
      l_rich |   .1485417   .0619971     2.40   0.017     .0270297    .2700538
             |
        year |
          2  |  -.0470794   .1006468    -0.47   0.640    -.2443435    .1501848
          3  |   .0566619    .097274     0.58   0.560    -.1339917    .2473155
          4  |   .2150266   .0961372     2.24   0.025     .0266012     .403452
          5  |   .0737257    .096049     0.77   0.443    -.1145269    .2619784
          6  |  -.0198624   .0959812    -0.21   0.836    -.2079821    .1682573
          7  |   .1713854   .0997152     1.72   0.086    -.0240528    .3668237
          8  |   .0700996   .1008721     0.69   0.487    -.1276061    .2678054
          9  |   .0817128   .1013122     0.81   0.420    -.1168556    .2802811
         10  |    .419877   .1049241     4.00   0.000     .2142295    .6255244
         11  |       .418   .1261708     3.31   0.001     .1707097    .6652903
             |
       _cons |   5.007326   .1734404    28.87   0.000     4.667389    5.347263
-------------+----------------------------------------------------------------
    /sigma_u |    .699368    .045423                       .615774    .7943103
    /sigma_e |   .6594417   .0142109                      .6321688    .6878912
         rho |    .529358   .0345671                      .4615101    .5963622
------------------------------------------------------------------------------
LR test of sigma_u=0: chibar2(01) = 519.56             Prob >= chibar2 = 0.000

. 
. ** From Paul F:
. /* Now move on to multivariate approach that tries to control for observable 
> confounders
>         They would condition on site management history, year and a plethora 
> of 
>         site-level weather and soil attributes; in other words, observable at
> tributes 
>         to which they had access (not necessarily the "best" observables to c
> ondition
>         on. note that usually people would not add this many variables becaus
> e the 
>         cross-sectional sample sizes they use are too small, particularly aft
> er units 
>         are dropped because of missing covariate values
>         Whether country and habitat would be added is uncertain. 
>         Are they potential confounders or words that describe the overall sys
> tem that 
>         includes the richness and biomass. But we can add them too. Does not 
> change
>         estimated coefficient by much.
> */
. xtreg l_lmass l_rich i.pais i.tierra i.year elevation managed burned grazed a
> nthropogenic temp_var_v2  min_temp_v2 max_temp_v2 temp_wet_q_v2 temp_dry_q_v2
>  temp_warm_q_v2 temp_cold_q_v2 pct_c2 pct_n2 ppm_p ppm_k ppm_ca ppm_mg ppm_s 
> ppm_na ppm_zn ppm_mn ppm_fe ppm_cu ppm_b ph percentsand_2 percentsilt_2 perce
> ntclay_2, mle
note: 10.tierra omitted because of collinearity.
note: anthropogenic omitted because of collinearity.

Fitting constant-only model:
Iteration 0:   log likelihood = -867.01817
Iteration 1:   log likelihood = -866.86987
Iteration 2:   log likelihood = -866.86876

Fitting full model:
Iteration 0:   log likelihood = -726.85796
Iteration 1:   log likelihood = -725.64651
Iteration 2:   log likelihood = -725.62796

Random-effects ML regression                         Number of obs    =    675
Group variable: plst_id                              Number of groups =     82

Random effects u_i ~ Gaussian                        Obs per group:
                                                                  min =      5
                                                                  avg =    8.2
                                                                  max =     11

                                                     LR chi2(55)      = 282.48
Log likelihood = -725.62796                          Prob > chi2      = 0.0000

-------------------------------------------------------------------------------
------
            l_lmass | Coefficient  Std. err.      z    P>|z|     [95% conf. int
> erval]
--------------------+----------------------------------------------------------
------
             l_rich |   .3792555   .0933477     4.06   0.000     .1962975    .5
> 622136
                    |
               pais |
                CA  |   14.99055   6.901017     2.17   0.030      1.46481     2
> 8.5163
                CH  |   11.77419   4.474164     2.63   0.008     3.004988    20
> .54339
                DE  |   12.66265   7.742531     1.64   0.102    -2.512432    27
> .83773
                TZ  |    1.47228   8.272442     0.18   0.859    -14.74141    17
> .68597
                UK  |   10.13444   7.239241     1.40   0.162    -4.054212    24
> .32309
                US  |   11.16888   8.723367     1.28   0.200    -5.928601    28
> .26637
                    |
             tierra |
  annual grassland  |   9.687687   8.399293     1.15   0.249    -6.774624      
>  26.15
  desert grassland  |  -.3765982   5.595327    -0.07   0.946    -11.34324    10
> .59004
   mesic grassland  |   8.872761   5.061144     1.75   0.080    -1.046898    18
> .79242
 montane grassland  |   -2.59986   2.334559    -1.11   0.265    -7.175511    1.
> 975792
         old field  |   7.057867   6.925563     1.02   0.308    -6.515987    20
> .63172
           pasture  |   .1618745   4.138769     0.04   0.969    -7.949964    8.
> 273713
           savanna  |          0  (omitted)
semiarid grassland  |   13.74411   14.34878     0.96   0.338    -14.37899    41
> .86721
shortgrass prairie  |   6.933653   6.050359     1.15   0.252    -4.924833    18
> .79214
      shrub steppe  |  -3.086889   1.402543    -2.20   0.028    -5.835822   -.3
> 379554
 tallgrass prairie  |   6.975024   6.709391     1.04   0.299     -6.17514    20
> .12519
                    |
               year |
                 2  |   .0509527   .1308029     0.39   0.697    -.2054162    .3
> 073216
                 3  |  -.0245272   .1265252    -0.19   0.846     -.272512    .2
> 234576
                 4  |   .2506908   .1261082     1.99   0.047     .0035233    .4
> 978583
                 5  |   .0824884   .1267127     0.65   0.515     -.165864    .3
> 308408
                 6  |  -.0375756   .1281048    -0.29   0.769    -.2886563    .2
> 135051
                 7  |   .2007539   .1342358     1.50   0.135    -.0623434    .4
> 638513
                 8  |  -.0137634   .1414451    -0.10   0.922    -.2909908     .
> 263464
                 9  |  -.1006103    .141941    -0.71   0.478    -.3788096     .
> 177589
                10  |   .4982199   .1488647     3.35   0.001     .2064505    .7
> 899893
                11  |   .4395787   .1915128     2.30   0.022     .0642205    .8
> 149369
                    |
          elevation |   .0113795   .0070709     1.61   0.108    -.0024793    .0
> 252382
            managed |   -5.27416   3.554899    -1.48   0.138    -12.24163    1.
> 693314
             burned |  -1.170978   1.100763    -1.06   0.287    -3.328433    .9
> 864764
             grazed |   5.445012   3.972211     1.37   0.170    -2.340379     1
> 3.2304
      anthropogenic |          0  (omitted)
        temp_var_v2 |   -.383507   .1680089    -2.28   0.022    -.7127983   -.0
> 542156
        min_temp_v2 |  -.8373512   .9243901    -0.91   0.365    -2.649122    .9
> 744201
        max_temp_v2 |  -3.194121   1.313501    -2.43   0.015    -5.768536   -.6
> 197056
      temp_wet_q_v2 |   .1988436   .1220948     1.63   0.103    -.0404578     .
> 438145
      temp_dry_q_v2 |   .4296542     .27878     1.54   0.123    -.1167446    .9
> 760531
     temp_warm_q_v2 |   19.15384   8.360512     2.29   0.022     2.767539    35
> .54014
     temp_cold_q_v2 |  -14.88491   7.944163    -1.87   0.061    -30.45519    .6
> 853581
             pct_c2 |  -.1634285    .131911    -1.24   0.215    -.4219693    .0
> 951124
             pct_n2 |   3.762984   1.942539     1.94   0.053    -.0443221     7
> .57029
              ppm_p |   .0110186    .006305     1.75   0.081     -.001339    .0
> 233762
              ppm_k |   .0009889   .0005456     1.81   0.070    -.0000806    .0
> 020583
             ppm_ca |   .0000826   .0001022     0.81   0.419    -.0001178     .
> 000283
             ppm_mg |  -.0015232   .0005852    -2.60   0.009    -.0026702   -.0
> 003762
              ppm_s |  -.0137877   .0142064    -0.97   0.332    -.0416317    .0
> 140564
             ppm_na |   .0012468    .001049     1.19   0.235    -.0008092    .0
> 033029
             ppm_zn |  -.0080712    .037957    -0.21   0.832    -.0824656    .0
> 663232
             ppm_mn |   .0002342   .0025295     0.09   0.926    -.0047235     .
> 005192
             ppm_fe |  -.0027326    .001707    -1.60   0.109    -.0060782    .0
> 006129
             ppm_cu |   .0995997   .0497539     2.00   0.045     .0020838    .1
> 971157
              ppm_b |  -.3115199   .2597797    -1.20   0.230    -.8206787    .1
> 976389
                 ph |  -.1966372   .1842758    -1.07   0.286    -.5578111    .1
> 645366
      percentsand_2 |   .4261968   1.581237     0.27   0.788     -2.67297    3.
> 525364
      percentsilt_2 |   .4173405   1.585644     0.26   0.792    -2.690464    3.
> 525145
      percentclay_2 |   .4162243   1.580626     0.26   0.792    -2.681746    3.
> 514195
              _cons |  -57.76952   155.7316    -0.37   0.711    -362.9978    24
> 7.4588
--------------------+----------------------------------------------------------
------
           /sigma_u |          0   .0377541                             .      
>      .
           /sigma_e |   .7089756   .0192926                      .6721535     .
> 747815
                rho |          0  (omitted)
-------------------------------------------------------------------------------
------
LR test of sigma_u=0: chibar2(01) = 0.00               Prob >= chibar2 = 1.000

. 
. xtreg l_lmass l_rich i.pais i.tierra i.year elevation managed burned grazed a
> nthropogenic temp_var_v2  min_temp_v2 max_temp_v2 temp_wet_q_v2 temp_dry_q_v2
>  temp_warm_q_v2 temp_cold_q_v2 pct_c2 pct_n2 ppm_p ppm_k ppm_ca ppm_mg ppm_s 
> ppm_na ppm_zn ppm_mn ppm_fe ppm_cu ppm_b ph percentsand_2 percentsilt_2 perce
> ntclay_2, re
note: 10.tierra omitted because of collinearity.
note: anthropogenic omitted because of collinearity.

Random-effects GLS regression                   Number of obs     =        675
Group variable: plst_id                         Number of groups  =         82

R-squared:                                      Obs per group:
     Within  = 0.0803                                         min =          5
     Between = 0.9507                                         avg =        8.2
     Overall = 0.5477                                         max =         11

                                                Wald chi2(55)     =     703.30
corr(u_i, X) = 0 (assumed)                      Prob > chi2       =     0.0000

-------------------------------------------------------------------------------
------
            l_lmass | Coefficient  Std. err.      z    P>|z|     [95% conf. int
> erval]
--------------------+----------------------------------------------------------
------
             l_rich |   .3838928   .0983416     3.90   0.000     .1911468    .5
> 766388
                    |
               pais |
                CA  |   15.08099   7.487198     2.01   0.044     .4063522    29
> .75563
                CH  |   11.80681   4.860068     2.43   0.015     2.281251    21
> .33237
                DE  |   12.75721   8.399715     1.52   0.129    -3.705924    29
> .22035
                TZ  |   1.528819   8.976577     0.17   0.865    -16.06495    19
> .12259
                UK  |   10.23559   7.854621     1.30   0.193    -5.159182    25
> .63037
                US  |   11.26285     9.4657     1.19   0.234    -7.289586    29
> .81528
                    |
             tierra |
  annual grassland  |   9.749344   9.110291     1.07   0.285    -8.106498    27
> .60519
  desert grassland  |   -.353699   6.072241    -0.06   0.954    -12.25507    11
> .54767
   mesic grassland  |   8.911218   5.486049     1.62   0.104    -1.841241    19
> .66368
 montane grassland  |  -2.628527   2.531767    -1.04   0.299    -7.590699    2.
> 333645
         old field  |   7.103048   7.513176     0.95   0.344    -7.622506     2
> 1.8286
           pasture  |   .2128283   4.490925     0.05   0.962    -8.589223     9
> .01488
           savanna  |          0  (omitted)
semiarid grassland  |    13.8675   15.56812     0.89   0.373    -16.64546    44
> .38046
shortgrass prairie  |   6.981737   6.564723     1.06   0.288    -5.884883    19
> .84836
      shrub steppe  |  -3.117094   1.520603    -2.05   0.040    -6.097421   -.1
> 367672
 tallgrass prairie  |   7.023871   7.279385     0.96   0.335    -7.243462     2
> 1.2912
                    |
               year |
                 2  |   .0512134   .1363026     0.38   0.707    -.2159348    .3
> 183615
                 3  |  -.0243642   .1318465    -0.18   0.853    -.2827785    .2
> 340501
                 4  |   .2506007   .1314084     1.91   0.057     -.006955    .5
> 081564
                 5  |   .0831017   .1320524     0.63   0.529    -.1757162    .3
> 419196
                 6  |  -.0373288    .133491    -0.28   0.780    -.2989663    .2
> 243087
                 7  |   .2009894   .1398794     1.44   0.151    -.0731691    .4
> 751479
                 8  |  -.0128297   .1474172    -0.09   0.931     -.301762    .2
> 761026
                 9  |  -.1003015   .1479096    -0.68   0.498    -.3901991     .
> 189596
                10  |   .4982014    .155121     3.21   0.001     .1941697     .
> 802233
                11  |   .4401412   .1995687     2.21   0.027     .0489937    .8
> 312887
                    |
          elevation |   .0114499   .0076693     1.49   0.135    -.0035817    .0
> 264814
            managed |  -5.309357   3.857681    -1.38   0.169    -12.87027    2.
> 251558
             burned |  -1.173009   1.194523    -0.98   0.326    -3.514232    1.
> 168213
             grazed |   5.462512   4.309634     1.27   0.205    -2.984215    13
> .90924
      anthropogenic |          0  (omitted)
        temp_var_v2 |  -.3850535   .1822769    -2.11   0.035    -.7423096   -.0
> 277974
        min_temp_v2 |  -.8348834   1.003652    -0.83   0.405    -2.802004    1.
> 132238
        max_temp_v2 |  -3.210532   1.424522    -2.25   0.024    -6.002543    -.
> 418521
      temp_wet_q_v2 |   .2012141   .1318198     1.53   0.127    -.0571479    .4
> 595762
      temp_dry_q_v2 |   .4332674    .302327     1.43   0.152    -.1592826    1.
> 025817
     temp_warm_q_v2 |   19.23304   9.070385     2.12   0.034     1.455409    37
> .01066
     temp_cold_q_v2 |  -14.95357   8.619013    -1.73   0.083    -31.84653    1.
> 939384
             pct_c2 |  -.1643788   .1438764    -1.14   0.253    -.4463713    .1
> 176137
             pct_n2 |   3.778341   2.118901     1.78   0.075    -.3746282     7
> .93131
              ppm_p |   .0108793   .0068453     1.59   0.112    -.0025372    .0
> 242959
              ppm_k |   .0009891   .0005883     1.68   0.093     -.000164    .0
> 021421
             ppm_ca |   .0000831   .0001107     0.75   0.453    -.0001338      
>  .0003
             ppm_mg |  -.0015196   .0006327    -2.40   0.016    -.0027597   -.0
> 002796
              ppm_s |  -.0137062   .0154618    -0.89   0.375    -.0440107    .0
> 165984
             ppm_na |   .0012508   .0011307     1.11   0.269    -.0009654     .
> 003467
             ppm_zn |  -.0082264   .0413826    -0.20   0.842    -.0893348     .
> 072882
             ppm_mn |   .0002585   .0027313     0.09   0.925    -.0050949    .0
> 056118
             ppm_fe |  -.0027262    .001848    -1.48   0.140    -.0063481    .0
> 008958
             ppm_cu |   .0993298   .0539635     1.84   0.066    -.0064368    .2
> 050963
              ppm_b |  -.3118077   .2810879    -1.11   0.267    -.8627298    .2
> 391144
                 ph |  -.1963556   .1994842    -0.98   0.325    -.5873375    .1
> 946262
      percentsand_2 |   .4292064   1.721353     0.25   0.803    -2.944584    3.
> 802997
      percentsilt_2 |   .4202927   1.726158     0.24   0.808    -2.962915    3.
> 803501
      percentclay_2 |   .4191372   1.720704     0.24   0.808     -2.95338    3.
> 791655
              _cons |  -58.16906   169.5324    -0.34   0.732    -390.4464    27
> 4.1083
--------------------+----------------------------------------------------------
------
            sigma_u |  .07380498
            sigma_e |  .73989001
                rho |  .00985228   (fraction of variance due to u_i)
-------------------------------------------------------------------------------
------

. 
. /* Note that this last regression includes 59 covariates and explains 57% of 
> the 
>         overall (spatial and temporal) variation in biomass. Explains 95% of 
> between 
>         plot variation; controls include 7 country variables, 11 habitat vari
> ables, 
>         11 year variables, 4 historical management variables, 7 weather varia
> bles, 
>         17 soil variables, and elevation        
> */
.                                                 
. /////////////////////////////////////////////////////////////////////////////
> ///
> //
. ** Figure 3: Robustness across various designs
. //
. /////////////////////////////////////////////////////////////////////////////
> ///
> 
. 
. ** Main Study Design
. reghdfe l_lmass l_rich, keepsingletons absorb(plst_id styr_id) cluster(plst_i
> d)
WARNING: Singleton observations not dropped; statistical significance is biased
>  (link)
(MWFE estimator converged in 5 iterations)

HDFE Linear regression                            Number of obs   =      1,231
Absorbing 2 HDFE groups                           F(   1,    150) =       8.01
Statistics robust to heteroskedasticity           Prob > F        =     0.0053
                                                  R-squared       =     0.8667
                                                  Adj R-squared   =     0.7778
                                                  Within R-sq.    =     0.0128
Number of clusters (plst_id) =        151         Root MSE        =     0.4523

                              (Std. err. adjusted for 151 clusters in plst_id)
------------------------------------------------------------------------------
             |               Robust
     l_lmass | Coefficient  std. err.      t    P>|t|     [95% conf. interval]
-------------+----------------------------------------------------------------
      l_rich |  -.2417694   .0854353    -2.83   0.005    -.4105814   -.0729573
       _cons |   5.997934   .1946611    30.81   0.000     5.613302    6.382566
------------------------------------------------------------------------------

Absorbed degrees of freedom:
-----------------------------------------------------+
 Absorbed FE | Categories  - Redundant  = Num. Coefs |
-------------+---------------------------------------|
     plst_id |       151         151           0    *|
     styr_id |       341           0         341     |
-----------------------------------------------------+
* = FE nested within cluster; treated as redundant for DoF computation

. 
. ** Dynamic Panel Design Lagged Dependent Variable
. reghdfe l_lmass l_rich L.l_lmass, keepsingletons absorb(styr_id) cluster(plst
> _id)
WARNING: Singleton observations not dropped; statistical significance is biased
>  (link)
(MWFE estimator converged in 1 iterations)

HDFE Linear regression                            Number of obs   =      1,063
Absorbing 1 HDFE group                            F(   2,    150) =       8.58
Statistics robust to heteroskedasticity           Prob > F        =     0.0003
                                                  R-squared       =     0.8321
                                                  Adj R-squared   =     0.7678
                                                  Within R-sq.    =     0.0280
Number of clusters (plst_id) =        151         Root MSE        =     0.4730

                              (Std. err. adjusted for 151 clusters in plst_id)
------------------------------------------------------------------------------
             |               Robust
     l_lmass | Coefficient  std. err.      t    P>|t|     [95% conf. interval]
-------------+----------------------------------------------------------------
      l_rich |  -.1328079   .0788221    -1.68   0.094    -.2885529    .0229372
             |
     l_lmass |
         L1. |   .1395455   .0375075     3.72   0.000     .0654343    .2136567
             |
       _cons |   5.001273   .2719088    18.39   0.000     4.464007    5.538539
------------------------------------------------------------------------------

Absorbed degrees of freedom:
-----------------------------------------------------+
 Absorbed FE | Categories  - Redundant  = Num. Coefs |
-------------+---------------------------------------|
     styr_id |       293           0         293     |
-----------------------------------------------------+

. 
. ** Sensitivity Test (note: no standard errors)
. psacalc beta l_rich, model(reg l_lmass l_rich i.plst_id i.styr_id, cluster(pl
> st_id)) delta(-0.1) rmax(1)

                 ---- Treatment Effect Estimate ----
             |     Estimate           Sq. difference      Bias changes
             |                      from controlled beta    direction
-------------+----------------------------------------------------------------
Beta         |      -0.19862                    .             
Alt. sol. 1  |             .                    .             
Alt. sol. 2  |             .                    .             
-------------+----------------------------------------------------------------

                 ---- Inputs from Regressions ----
             |      Coeff.            R-Squared
-------------+----------------------------------------------------------------
Uncontrolled |        0.06995         0.002
Controlled   |       -0.24177         0.867
-------------+----------------------------------------------------------------

                 ---- Other Inputs ----
-------------+----------------------------------------------------------------
R_max        |   1.000
Delta        |   -0.100
Unr. Controls|   
-------------+----------------------------------------------------------------

. 
. ** Mechanism Blocking Design
. reghdfe l_lmass l_rich ihs_even l_ground_par , keepsingletons  absorb(plst_id
>  styr_id) cluster(plst_id)
WARNING: Singleton observations not dropped; statistical significance is biased
>  (link)
(MWFE estimator converged in 6 iterations)

HDFE Linear regression                            Number of obs   =      1,008
Absorbing 2 HDFE groups                           F(   3,    144) =       4.19
Statistics robust to heteroskedasticity           Prob > F        =     0.0071
                                                  R-squared       =     0.8550
                                                  Adj R-squared   =     0.7499
                                                  Within R-sq.    =     0.0215
Number of clusters (plst_id) =        145         Root MSE        =     0.4488

                              (Std. err. adjusted for 145 clusters in plst_id)
------------------------------------------------------------------------------
             |               Robust
     l_lmass | Coefficient  std. err.      t    P>|t|     [95% conf. interval]
-------------+----------------------------------------------------------------
      l_rich |  -.2254594   .0930704    -2.42   0.017    -.4094201   -.0414988
    ihs_even |  -.3742364    .218126    -1.72   0.088    -.8053788     .056906
l_ground_par |   .0029239   .0334467     0.09   0.930     -.063186    .0690337
       _cons |   6.228822   .2973481    20.95   0.000     5.641091    6.816553
------------------------------------------------------------------------------

Absorbed degrees of freedom:
-----------------------------------------------------+
 Absorbed FE | Categories  - Redundant  = Num. Coefs |
-------------+---------------------------------------|
     plst_id |       145         145           0    *|
     styr_id |       276           0         276     |
-----------------------------------------------------+
* = FE nested within cluster; treated as redundant for DoF computation

. 
. ** Instrumental Variable Design
. ivreghdfe l_lmass (l_rich = l_nbrichblock), a(plst_id styr_id) cluster(plst_i
> d) first
(dropped 8 singleton observations)
(MWFE estimator converged in 6 iterations)

First-stage regressions
-----------------------


First-stage regression of l_rich:

Statistics robust to heteroskedasticity and clustering on plst_id
Number of obs =                   1212
Number of clusters (plst_id) =     150
-------------------------------------------------------------------------------
              |               Robust
       l_rich | Coefficient  std. err.      t    P>|t|     [95% conf. interval]
--------------+----------------------------------------------------------------
l_nbrichblock |   .4874442    .116729     4.18   0.000     .2583445    .7165439
-------------------------------------------------------------------------------
F test of excluded instruments:
  F(  1,   149) =    17.44
  Prob > F      =   0.0001
Sanderson-Windmeijer multivariate F test of excluded instruments:
  F(  1,   149) =    17.44
  Prob > F      =   0.0001



Summary results for first-stage regressions
-------------------------------------------

                                           (Underid)            (Weak id)
Variable     | F(  1,   149)  P-val | SW Chi-sq(  1) P-val | SW F(  1,   149)
l_rich       |      17.44    0.0001 |       24.16   0.0000 |       17.44

NB: first-stage test statistics cluster-robust

Stock-Yogo weak ID F test critical values for single endogenous regressor:
                                   10% maximal IV size             16.38
                                   15% maximal IV size              8.96
                                   20% maximal IV size              6.66
                                   25% maximal IV size              5.53
Source: Stock-Yogo (2005).  Reproduced by permission.
NB: Critical values are for i.i.d. errors only.

Underidentification test
Ho: matrix of reduced form coefficients has rank=K1-1 (underidentified)
Ha: matrix has rank=K1 (identified)
Kleibergen-Paap rk LM statistic          Chi-sq(1)=8.24     P-val=0.0041

Weak identification test
Ho: equation is weakly identified
Cragg-Donald Wald F statistic                                      52.03
Kleibergen-Paap Wald rk F statistic                                17.44

Stock-Yogo weak ID test critical values for K1=1 and L1=1:
                                   10% maximal IV size             16.38
                                   15% maximal IV size              8.96
                                   20% maximal IV size              6.66
                                   25% maximal IV size              5.53
Source: Stock-Yogo (2005).  Reproduced by permission.
NB: Critical values are for Cragg-Donald F statistic and i.i.d. errors.

Weak-instrument-robust inference
Tests of joint significance of endogenous regressors B1 in main equation
Ho: B1=0 and orthogonality conditions are valid
Anderson-Rubin Wald test           F(1,149)=       0.38     P-val=0.5399
Anderson-Rubin Wald test           Chi-sq(1)=      0.52     P-val=0.4696
Stock-Wright LM S statistic        Chi-sq(1)=      0.46     P-val=0.4964

NB: Underidentification, weak identification and weak-identification-robust
    test statistics cluster-robust

Number of clusters             N_clust  =        150
Number of observations               N  =       1212
Number of regressors                 K  =          1
Number of endogenous regressors      K1 =          1
Number of instruments                L  =          1
Number of excluded instruments       L1 =          1

IV (2SLS) estimation
--------------------

Estimates efficient for homoskedasticity only
Statistics robust to heteroskedasticity and clustering on plst_id

Number of clusters (plst_id) =     150                Number of obs =     1212
                                                      F(  1,   149) =     0.41
                                                      Prob > F      =   0.5206
Total (centered) SS     =  127.5926303                Centered R2   =   0.0090
Total (uncentered) SS   =  127.5926303                Uncentered R2 =   0.0090
Residual SS             =   126.448629                Root MSE      =    .3791

------------------------------------------------------------------------------
             |               Robust
     l_lmass | Coefficient  std. err.      t    P>|t|     [95% conf. interval]
-------------+----------------------------------------------------------------
      l_rich |  -.2360141   .3665148    -0.64   0.521    -.9602522    .4882239
------------------------------------------------------------------------------
Underidentification test (Kleibergen-Paap rk LM statistic):              8.241
                                                   Chi-sq(1) P-val =    0.0041
------------------------------------------------------------------------------
Weak identification test (Cragg-Donald Wald F statistic):               52.029
                         (Kleibergen-Paap rk Wald F statistic):         17.438
Stock-Yogo weak ID test critical values: 10% maximal IV size             16.38
                                         15% maximal IV size              8.96
                                         20% maximal IV size              6.66
                                         25% maximal IV size              5.53
Source: Stock-Yogo (2005).  Reproduced by permission.
NB: Critical values are for Cragg-Donald F statistic and i.i.d. errors.
------------------------------------------------------------------------------
Hansen J statistic (overidentification test of all instruments):         0.000
                                                 (equation exactly identified)
------------------------------------------------------------------------------
Instrumented:         l_rich
Excluded instruments: l_nbrichblock
Partialled-out:       _cons
                      nb: total SS, model F and R2s are after partialling-out;
                          any small-sample adjustments include partialled-out
                          variables in regressor count K
------------------------------------------------------------------------------

Absorbed degrees of freedom:
-----------------------------------------------------+
 Absorbed FE | Categories  - Redundant  = Num. Coefs |
-------------+---------------------------------------|
     plst_id |       150         150           0    *|
     styr_id |       331           0         331     |
-----------------------------------------------------+
* = FE nested within cluster; treated as redundant for DoF computation

. 
. // ADDITIONAL SUPPORT //
. 
. ** Sensitivity Test: How low delta makes effect 0? About -1.69:
. psacalc beta l_rich, model(reg l_lmass l_rich i.plst_id i.styr_id, cluster(pl
> st_id)) delta(-1.69) rmax(1)

                 ---- Treatment Effect Estimate ----
             |     Estimate           Sq. difference      Bias changes
             |                      from controlled beta    direction
-------------+----------------------------------------------------------------
Beta         |       0.00471                    .             
Alt. sol. 1  |             .                    .             
Alt. sol. 2  |             .                    .             
-------------+----------------------------------------------------------------

                 ---- Inputs from Regressions ----
             |      Coeff.            R-Squared
-------------+----------------------------------------------------------------
Uncontrolled |        0.06995         0.002
Controlled   |       -0.24177         0.867
-------------+----------------------------------------------------------------

                 ---- Other Inputs ----
-------------+----------------------------------------------------------------
R_max        |   1.000
Delta        |   -1.690
Unr. Controls|   
-------------+----------------------------------------------------------------

. 
. 
. /////////////////////////////////////////////////////////////////////////////
> ///
> //
. ** Table S3 (Functional Form Tests)
. //
. /////////////////////////////////////////////////////////////////////////////
> ///
> 
. est clear

. 
. ** Log-Log
. eststo: reghdfe l_lmass l_rich, keepsingletons absorb(plst_id styr_id) cluste
> r(plst_id)
WARNING: Singleton observations not dropped; statistical significance is biased
>  (link)
(MWFE estimator converged in 5 iterations)

HDFE Linear regression                            Number of obs   =      1,231
Absorbing 2 HDFE groups                           F(   1,    150) =       8.01
Statistics robust to heteroskedasticity           Prob > F        =     0.0053
                                                  R-squared       =     0.8667
                                                  Adj R-squared   =     0.7778
                                                  Within R-sq.    =     0.0128
Number of clusters (plst_id) =        151         Root MSE        =     0.4523

                              (Std. err. adjusted for 151 clusters in plst_id)
------------------------------------------------------------------------------
             |               Robust
     l_lmass | Coefficient  std. err.      t    P>|t|     [95% conf. interval]
-------------+----------------------------------------------------------------
      l_rich |  -.2417694   .0854353    -2.83   0.005    -.4105814   -.0729573
       _cons |   5.997934   .1946611    30.81   0.000     5.613302    6.382566
------------------------------------------------------------------------------

Absorbed degrees of freedom:
-----------------------------------------------------+
 Absorbed FE | Categories  - Redundant  = Num. Coefs |
-------------+---------------------------------------|
     plst_id |       151         151           0    *|
     styr_id |       341           0         341     |
-----------------------------------------------------+
* = FE nested within cluster; treated as redundant for DoF computation
(est1 stored)

. 
. ** Log-Level
. eststo: reghdfe l_lmass rich, keepsingletons absorb(plst_id styr_id) cluster(
> plst_id)
WARNING: Singleton observations not dropped; statistical significance is biased
>  (link)
(MWFE estimator converged in 5 iterations)

HDFE Linear regression                            Number of obs   =      1,231
Absorbing 2 HDFE groups                           F(   1,    150) =       3.41
Statistics robust to heteroskedasticity           Prob > F        =     0.0666
                                                  R-squared       =     0.8655
                                                  Adj R-squared   =     0.7758
                                                  Within R-sq.    =     0.0040
Number of clusters (plst_id) =        151         Root MSE        =     0.4543

                              (Std. err. adjusted for 151 clusters in plst_id)
------------------------------------------------------------------------------
             |               Robust
     l_lmass | Coefficient  std. err.      t    P>|t|     [95% conf. interval]
-------------+----------------------------------------------------------------
        rich |  -.0147435   .0079785    -1.85   0.067    -.0305083    .0010213
       _cons |   5.611095   .0887619    63.22   0.000      5.43571     5.78648
------------------------------------------------------------------------------

Absorbed degrees of freedom:
-----------------------------------------------------+
 Absorbed FE | Categories  - Redundant  = Num. Coefs |
-------------+---------------------------------------|
     plst_id |       151         151           0    *|
     styr_id |       341           0         341     |
-----------------------------------------------------+
* = FE nested within cluster; treated as redundant for DoF computation
(est2 stored)

. 
. ** Level-Level
. eststo: reghdfe live_mass rich, keepsingletons absorb(plst_id styr_id) cluste
> r(plst_id)
WARNING: Singleton observations not dropped; statistical significance is biased
>  (link)
(MWFE estimator converged in 5 iterations)

HDFE Linear regression                            Number of obs   =      1,231
Absorbing 2 HDFE groups                           F(   1,    150) =       0.43
Statistics robust to heteroskedasticity           Prob > F        =     0.5125
                                                  R-squared       =     0.8306
                                                  Adj R-squared   =     0.7177
                                                  Within R-sq.    =     0.0007
Number of clusters (plst_id) =        151         Root MSE        =   143.0642

                              (Std. err. adjusted for 151 clusters in plst_id)
------------------------------------------------------------------------------
             |               Robust
   live_mass | Coefficient  std. err.      t    P>|t|     [95% conf. interval]
-------------+----------------------------------------------------------------
        rich |  -1.916063   2.918804    -0.66   0.513    -7.683344    3.851218
       _cons |   350.2488   32.47199    10.79   0.000     286.0872    414.4104
------------------------------------------------------------------------------

Absorbed degrees of freedom:
-----------------------------------------------------+
 Absorbed FE | Categories  - Redundant  = Num. Coefs |
-------------+---------------------------------------|
     plst_id |       151         151           0    *|
     styr_id |       341           0         341     |
-----------------------------------------------------+
* = FE nested within cluster; treated as redundant for DoF computation
(est3 stored)

. 
. ** Level-Quadratic
. eststo: reghdfe live_mass rich rich2, keepsingletons absorb(plst_id styr_id) 
> cluster(plst_id)
WARNING: Singleton observations not dropped; statistical significance is biased
>  (link)
(MWFE estimator converged in 5 iterations)

HDFE Linear regression                            Number of obs   =      1,231
Absorbing 2 HDFE groups                           F(   2,    150) =       3.47
Statistics robust to heteroskedasticity           Prob > F        =     0.0336
                                                  R-squared       =     0.8321
                                                  Adj R-squared   =     0.7197
                                                  Within R-sq.    =     0.0093
Number of clusters (plst_id) =        151         Root MSE        =   142.5447

                              (Std. err. adjusted for 151 clusters in plst_id)
------------------------------------------------------------------------------
             |               Robust
   live_mass | Coefficient  std. err.      t    P>|t|     [95% conf. interval]
-------------+----------------------------------------------------------------
        rich |  -16.83122   6.623267    -2.54   0.012    -29.91817   -3.744275
       rich2 |   .5601584    .216227     2.59   0.011     .1329142    .9874025
       _cons |   429.3633   45.86191     9.36   0.000     338.7445    519.9821
------------------------------------------------------------------------------

Absorbed degrees of freedom:
-----------------------------------------------------+
 Absorbed FE | Categories  - Redundant  = Num. Coefs |
-------------+---------------------------------------|
     plst_id |       151         151           0    *|
     styr_id |       341           0         341     |
-----------------------------------------------------+
* = FE nested within cluster; treated as redundant for DoF computation
(est4 stored)

. 
. esttab * using "$userdir/output/Table_S3.tex", fragment cells(b(fmt(%9.3f)) s
> e(par) ci(par)) stats(r2 N, fmt(%9.3f %9.0g) label(R-squared)) legend label r
> eplace
(output written to C:\GitHub\NutNetCausalinf/output/Table_S3.tex)

. est clear

. 
. 
. /////////////////////////////////////////////////////////////////////////////
> ///
> //
. ** Table S7 (IV)
. //
. /////////////////////////////////////////////////////////////////////////////
> ///
> 
. est clear

. eststo: ivreghdfe l_lmass (l_rich = l_nbrichblock), a(plst_id styr_id) cluste
> r(plst_id) first
(dropped 8 singleton observations)
(MWFE estimator converged in 6 iterations)

First-stage regressions
-----------------------


First-stage regression of l_rich:

Statistics robust to heteroskedasticity and clustering on plst_id
Number of obs =                   1212
Number of clusters (plst_id) =     150
-------------------------------------------------------------------------------
              |               Robust
       l_rich | Coefficient  std. err.      t    P>|t|     [95% conf. interval]
--------------+----------------------------------------------------------------
l_nbrichblock |   .4874442    .116729     4.18   0.000     .2583445    .7165439
-------------------------------------------------------------------------------
F test of excluded instruments:
  F(  1,   149) =    17.44
  Prob > F      =   0.0001
Sanderson-Windmeijer multivariate F test of excluded instruments:
  F(  1,   149) =    17.44
  Prob > F      =   0.0001



Summary results for first-stage regressions
-------------------------------------------

                                           (Underid)            (Weak id)
Variable     | F(  1,   149)  P-val | SW Chi-sq(  1) P-val | SW F(  1,   149)
l_rich       |      17.44    0.0001 |       24.16   0.0000 |       17.44

NB: first-stage test statistics cluster-robust

Stock-Yogo weak ID F test critical values for single endogenous regressor:
                                   10% maximal IV size             16.38
                                   15% maximal IV size              8.96
                                   20% maximal IV size              6.66
                                   25% maximal IV size              5.53
Source: Stock-Yogo (2005).  Reproduced by permission.
NB: Critical values are for i.i.d. errors only.

Underidentification test
Ho: matrix of reduced form coefficients has rank=K1-1 (underidentified)
Ha: matrix has rank=K1 (identified)
Kleibergen-Paap rk LM statistic          Chi-sq(1)=8.24     P-val=0.0041

Weak identification test
Ho: equation is weakly identified
Cragg-Donald Wald F statistic                                      52.03
Kleibergen-Paap Wald rk F statistic                                17.44

Stock-Yogo weak ID test critical values for K1=1 and L1=1:
                                   10% maximal IV size             16.38
                                   15% maximal IV size              8.96
                                   20% maximal IV size              6.66
                                   25% maximal IV size              5.53
Source: Stock-Yogo (2005).  Reproduced by permission.
NB: Critical values are for Cragg-Donald F statistic and i.i.d. errors.

Weak-instrument-robust inference
Tests of joint significance of endogenous regressors B1 in main equation
Ho: B1=0 and orthogonality conditions are valid
Anderson-Rubin Wald test           F(1,149)=       0.38     P-val=0.5399
Anderson-Rubin Wald test           Chi-sq(1)=      0.52     P-val=0.4696
Stock-Wright LM S statistic        Chi-sq(1)=      0.46     P-val=0.4964

NB: Underidentification, weak identification and weak-identification-robust
    test statistics cluster-robust

Number of clusters             N_clust  =        150
Number of observations               N  =       1212
Number of regressors                 K  =          1
Number of endogenous regressors      K1 =          1
Number of instruments                L  =          1
Number of excluded instruments       L1 =          1

IV (2SLS) estimation
--------------------

Estimates efficient for homoskedasticity only
Statistics robust to heteroskedasticity and clustering on plst_id

Number of clusters (plst_id) =     150                Number of obs =     1212
                                                      F(  1,   149) =     0.41
                                                      Prob > F      =   0.5206
Total (centered) SS     =  127.5926303                Centered R2   =   0.0090
Total (uncentered) SS   =  127.5926303                Uncentered R2 =   0.0090
Residual SS             =   126.448629                Root MSE      =    .3791

------------------------------------------------------------------------------
             |               Robust
     l_lmass | Coefficient  std. err.      t    P>|t|     [95% conf. interval]
-------------+----------------------------------------------------------------
      l_rich |  -.2360141   .3665148    -0.64   0.521    -.9602522    .4882239
------------------------------------------------------------------------------
Underidentification test (Kleibergen-Paap rk LM statistic):              8.241
                                                   Chi-sq(1) P-val =    0.0041
------------------------------------------------------------------------------
Weak identification test (Cragg-Donald Wald F statistic):               52.029
                         (Kleibergen-Paap rk Wald F statistic):         17.438
Stock-Yogo weak ID test critical values: 10% maximal IV size             16.38
                                         15% maximal IV size              8.96
                                         20% maximal IV size              6.66
                                         25% maximal IV size              5.53
Source: Stock-Yogo (2005).  Reproduced by permission.
NB: Critical values are for Cragg-Donald F statistic and i.i.d. errors.
------------------------------------------------------------------------------
Hansen J statistic (overidentification test of all instruments):         0.000
                                                 (equation exactly identified)
------------------------------------------------------------------------------
Instrumented:         l_rich
Excluded instruments: l_nbrichblock
Partialled-out:       _cons
                      nb: total SS, model F and R2s are after partialling-out;
                          any small-sample adjustments include partialled-out
                          variables in regressor count K
------------------------------------------------------------------------------

Absorbed degrees of freedom:
-----------------------------------------------------+
 Absorbed FE | Categories  - Redundant  = Num. Coefs |
-------------+---------------------------------------|
     plst_id |       150         150           0    *|
     styr_id |       331           0         331     |
-----------------------------------------------------+
* = FE nested within cluster; treated as redundant for DoF computation
(est1 stored)

. 
. gen     includeinfirst = e(sample)

. eststo: reghdfe l_rich l_nbrichblock if includeinfirst==1, a(plst_id styr_id)
>  cluster(plst_id) 
(MWFE estimator converged in 6 iterations)

HDFE Linear regression                            Number of obs   =      1,212
Absorbing 2 HDFE groups                           F(   1,    149) =      17.44
Statistics robust to heteroskedasticity           Prob > F        =     0.0001
                                                  R-squared       =     0.9087
                                                  Adj R-squared   =     0.8486
                                                  Within R-sq.    =     0.0558
Number of clusters (plst_id) =        150         Root MSE        =     0.2056

                               (Std. err. adjusted for 150 clusters in plst_id)
-------------------------------------------------------------------------------
              |               Robust
       l_rich | Coefficient  std. err.      t    P>|t|     [95% conf. interval]
--------------+----------------------------------------------------------------
l_nbrichblock |   .4874442    .116729     4.18   0.000     .2567862    .7181022
        _cons |   1.211113    .257228     4.71   0.000     .7028272    1.719399
-------------------------------------------------------------------------------

Absorbed degrees of freedom:
-----------------------------------------------------+
 Absorbed FE | Categories  - Redundant  = Num. Coefs |
-------------+---------------------------------------|
     plst_id |       150         150           0    *|
     styr_id |       331           0         331     |
-----------------------------------------------------+
* = FE nested within cluster; treated as redundant for DoF computation
(est2 stored)

. 
. esttab * using "$userdir/output/Table_S8.tex", fragment cells(b(fmt(%9.3f)) s
> e(par) ci(par)) stats(r2 N, fmt(%9.3f %9.0g) label(R-squared)) legend label r
> eplace
(output written to C:\GitHub\NutNetCausalinf/output/Table_S8.tex)

. est clear

. drop includeinfirst

. 
. 
. 
. /////////////////////////////////////////////////////////////////////////////
> ///
> //
. ** Table S8: Lagged Dependent Varaibles (also replicates a result in Table 3)
. //
. /////////////////////////////////////////////////////////////////////////////
> ///
> 
. est clear

. 
. eststo: reghdfe l_lmass l_rich L.l_lmass, keepsingletons a(styr_id) cluster(p
> lst_id)
WARNING: Singleton observations not dropped; statistical significance is biased
>  (link)
(MWFE estimator converged in 1 iterations)

HDFE Linear regression                            Number of obs   =      1,063
Absorbing 1 HDFE group                            F(   2,    150) =       8.58
Statistics robust to heteroskedasticity           Prob > F        =     0.0003
                                                  R-squared       =     0.8321
                                                  Adj R-squared   =     0.7678
                                                  Within R-sq.    =     0.0280
Number of clusters (plst_id) =        151         Root MSE        =     0.4730

                              (Std. err. adjusted for 151 clusters in plst_id)
------------------------------------------------------------------------------
             |               Robust
     l_lmass | Coefficient  std. err.      t    P>|t|     [95% conf. interval]
-------------+----------------------------------------------------------------
      l_rich |  -.1328079   .0788221    -1.68   0.094    -.2885529    .0229372
             |
     l_lmass |
         L1. |   .1395455   .0375075     3.72   0.000     .0654343    .2136567
             |
       _cons |   5.001273   .2719088    18.39   0.000     4.464007    5.538539
------------------------------------------------------------------------------

Absorbed degrees of freedom:
-----------------------------------------------------+
 Absorbed FE | Categories  - Redundant  = Num. Coefs |
-------------+---------------------------------------|
     styr_id |       293           0         293     |
-----------------------------------------------------+
(est1 stored)

. eststo: reghdfe l_lmass l_rich L.l_lmass ihs_even, keepsingletons a(styr_id) 
> cluster(plst_id)
WARNING: Singleton observations not dropped; statistical significance is biased
>  (link)
(MWFE estimator converged in 1 iterations)

HDFE Linear regression                            Number of obs   =      1,063
Absorbing 1 HDFE group                            F(   3,    150) =       5.93
Statistics robust to heteroskedasticity           Prob > F        =     0.0008
                                                  R-squared       =     0.8321
                                                  Adj R-squared   =     0.7675
                                                  Within R-sq.    =     0.0280
Number of clusters (plst_id) =        151         Root MSE        =     0.4733

                              (Std. err. adjusted for 151 clusters in plst_id)
------------------------------------------------------------------------------
             |               Robust
     l_lmass | Coefficient  std. err.      t    P>|t|     [95% conf. interval]
-------------+----------------------------------------------------------------
      l_rich |   -.135585    .077257    -1.75   0.081    -.2882374    .0170675
             |
     l_lmass |
         L1. |   .1398046   .0374293     3.74   0.000     .0658479    .2137614
             |
    ihs_even |   .0290043   .2263935     0.13   0.898    -.4183278    .4763365
       _cons |   4.988137   .2990845    16.68   0.000     4.397175      5.5791
------------------------------------------------------------------------------

Absorbed degrees of freedom:
-----------------------------------------------------+
 Absorbed FE | Categories  - Redundant  = Num. Coefs |
-------------+---------------------------------------|
     styr_id |       293           0         293     |
-----------------------------------------------------+
(est2 stored)

. 
. eststo: reghdfe l_lmass l_rich L.l_lmass L.l_rich, keepsingletons a(styr_id) 
> cluster(plst_id)
WARNING: Singleton observations not dropped; statistical significance is biased
>  (link)
(MWFE estimator converged in 1 iterations)

HDFE Linear regression                            Number of obs   =      1,061
Absorbing 1 HDFE group                            F(   3,    150) =       5.84
Statistics robust to heteroskedasticity           Prob > F        =     0.0008
                                                  R-squared       =     0.8323
                                                  Adj R-squared   =     0.7677
                                                  Within R-sq.    =     0.0292
Number of clusters (plst_id) =        151         Root MSE        =     0.4731

                              (Std. err. adjusted for 151 clusters in plst_id)
------------------------------------------------------------------------------
             |               Robust
     l_lmass | Coefficient  std. err.      t    P>|t|     [95% conf. interval]
-------------+----------------------------------------------------------------
      l_rich |  -.1695785   .0935007    -1.81   0.072     -.354327    .0151701
             |
     l_lmass |
         L1. |    .143984   .0377797     3.81   0.000     .0693349    .2186331
             |
      l_rich |
         L1. |   .0630542   .0881816     0.72   0.476    -.1111843    .2372926
             |
       _cons |   4.917989   .2983039    16.49   0.000     4.328569    5.507409
------------------------------------------------------------------------------

Absorbed degrees of freedom:
-----------------------------------------------------+
 Absorbed FE | Categories  - Redundant  = Num. Coefs |
-------------+---------------------------------------|
     styr_id |       293           0         293     |
-----------------------------------------------------+
(est3 stored)

. eststo: reghdfe l_lmass l_rich L.l_lmass L.l_rich ihs_even, keepsingletons a(
> styr_id) cluster(plst_id)
WARNING: Singleton observations not dropped; statistical significance is biased
>  (link)
(MWFE estimator converged in 1 iterations)

HDFE Linear regression                            Number of obs   =      1,061
Absorbing 1 HDFE group                            F(   4,    150) =       4.56
Statistics robust to heteroskedasticity           Prob > F        =     0.0017
                                                  R-squared       =     0.8324
                                                  Adj R-squared   =     0.7674
                                                  Within R-sq.    =     0.0292
Number of clusters (plst_id) =        151         Root MSE        =     0.4734

                              (Std. err. adjusted for 151 clusters in plst_id)
------------------------------------------------------------------------------
             |               Robust
     l_lmass | Coefficient  std. err.      t    P>|t|     [95% conf. interval]
-------------+----------------------------------------------------------------
      l_rich |  -.1722212   .0934782    -1.84   0.067    -.3569252    .0124828
             |
     l_lmass |
         L1. |    .144262   .0376882     3.83   0.000     .0697936    .2187304
             |
      l_rich |
         L1. |   .0625924   .0878246     0.71   0.477    -.1109407    .2361255
             |
    ihs_even |   .0308951   .2253167     0.14   0.891    -.4143093    .4760995
       _cons |   4.904321   .3245689    15.11   0.000     4.263004    5.545639
------------------------------------------------------------------------------

Absorbed degrees of freedom:
-----------------------------------------------------+
 Absorbed FE | Categories  - Redundant  = Num. Coefs |
-------------+---------------------------------------|
     styr_id |       293           0         293     |
-----------------------------------------------------+
(est4 stored)

. 
. esttab * using "$userdir/output/Table_S9.tex", fragment cells(b(fmt(%9.3f)) s
> e(par) ci(par)) stats(r2 N, fmt(%9.3f %9.0g) label(R-squared)) legend label r
> eplace
(output written to C:\GitHub\NutNetCausalinf/output/Table_S9.tex)

. est clear

. 
. 
. /////////////////////////////////////////////////////////////////////////////
> ///
> //
. ** Table S9 (Sensitivity Analysis a la Oster)
. //
. /////////////////////////////////////////////////////////////////////////////
> ///
> 
. ** areg on outcome equation log-log specification **
. est clear

. eststo: areg l_lmass l_rich i.styr_id, absorb(plst_id) cluster(plst_id)
note: 17.styr_id omitted because of collinearity.
note: 26.styr_id omitted because of collinearity.
note: 34.styr_id omitted because of collinearity.
note: 42.styr_id omitted because of collinearity.
note: 53.styr_id omitted because of collinearity.
note: 63.styr_id omitted because of collinearity.
note: 69.styr_id omitted because of collinearity.
note: 74.styr_id omitted because of collinearity.
note: 83.styr_id omitted because of collinearity.
note: 89.styr_id omitted because of collinearity.
note: 98.styr_id omitted because of collinearity.
note: 106.styr_id omitted because of collinearity.
note: 114.styr_id omitted because of collinearity.
note: 120.styr_id omitted because of collinearity.
note: 126.styr_id omitted because of collinearity.
note: 138.styr_id omitted because of collinearity.
note: 147.styr_id omitted because of collinearity.
note: 155.styr_id omitted because of collinearity.
note: 164.styr_id omitted because of collinearity.
note: 173.styr_id omitted because of collinearity.
note: 184.styr_id omitted because of collinearity.
note: 190.styr_id omitted because of collinearity.
note: 201.styr_id omitted because of collinearity.
note: 210.styr_id omitted because of collinearity.
note: 217.styr_id omitted because of collinearity.
note: 223.styr_id omitted because of collinearity.
note: 231.styr_id omitted because of collinearity.
note: 239.styr_id omitted because of collinearity.
note: 245.styr_id omitted because of collinearity.
note: 256.styr_id omitted because of collinearity.
note: 261.styr_id omitted because of collinearity.
note: 269.styr_id omitted because of collinearity.
note: 279.styr_id omitted because of collinearity.
note: 289.styr_id omitted because of collinearity.
note: 300.styr_id omitted because of collinearity.
note: 309.styr_id omitted because of collinearity.
note: 321.styr_id omitted because of collinearity.
note: 331.styr_id omitted because of collinearity.
note: 337.styr_id omitted because of collinearity.
note: 345.styr_id omitted because of collinearity.
note: 350.styr_id omitted because of collinearity.
note: 359.styr_id omitted because of collinearity.

Linear regression, absorbing indicators             Number of obs     =  1,231
Absorbed variable: plst_id                          No. of categories =    151
                                                    F(108, 150)       =      .
                                                    Prob > F          =      .
                                                    R-squared         = 0.8667
                                                    Adj R-squared     = 0.7901
                                                    Root MSE          = 0.3941

                              (Std. err. adjusted for 151 clusters in plst_id)
------------------------------------------------------------------------------
             |               Robust
     l_lmass | Coefficient  std. err.      t    P>|t|     [95% conf. interval]
-------------+----------------------------------------------------------------
      l_rich |  -.2417694   .0911513    -2.65   0.009    -.4218756   -.0616631
             |
     styr_id |
          2  |   .2764805   .0933158     2.96   0.004     .0920972    .4608638
          3  |    -.75035   .0212116   -35.37   0.000    -.7922622   -.7084378
          4  |  -.8433871   .4839686    -1.74   0.083    -1.799663    .1128891
          5  |  -.4890919   .2485736    -1.97   0.051    -.9802498    .0020659
          6  |  -.5612548   .2301601    -2.44   0.016    -1.016029   -.1064801
          7  |  -.6179291   .5622415    -1.10   0.274    -1.728865    .4930069
          8  |   .3414214   .1233327     2.77   0.006     .0977276    .5851151
          9  |   .4248721   .2330015     1.82   0.070    -.0355169     .885261
         10  |  -.1805862   .3630629    -0.50   0.620    -.8979641    .5367917
         11  |  -.5115479   .3162636    -1.62   0.108    -1.136455     .113359
         12  |  -.3607072   .3766727    -0.96   0.340    -1.104977    .3835623
         13  |  -.3658963   .2938938    -1.24   0.215    -.9466026    .2148101
         14  |   .0035803   .2940863     0.01   0.990    -.5775065    .5846671
         15  |  -.0784232    .302457    -0.26   0.796    -.6760496    .5192033
         16  |    .442171   .1046353     4.23   0.000     .2354216    .6489204
         17  |          0  (omitted)
         18  |  -.6225746   .3412305    -1.82   0.070    -1.296814    .0516645
         19  |   -.139661   .1020766    -1.37   0.173    -.3413546    .0620326
         20  |  -.1543783   .2817894    -0.55   0.585    -.7111675     .402411
         21  |  -.0810709   .1492876    -0.54   0.588    -.3760491    .2139073
         22  |  -.6486842   .2117838    -3.06   0.003    -1.067149   -.2302195
         23  |   .0936279   .3486713     0.27   0.789    -.5953136    .7825694
         24  |  -.0608487   .1624544    -0.37   0.709    -.3818432    .2601457
         25  |  -.1945767   .2666152    -0.73   0.467     -.721383    .3322297
         26  |          0  (omitted)
         27  |  -.0035148   .5032838    -0.01   0.994    -.9979559    .9909263
         28  |  -.2960019   .3615766    -0.82   0.414    -1.010443    .4184393
         29  |   -.190613    .437496    -0.44   0.664    -1.055064    .6738377
         30  |   .1868611    .395241     0.47   0.637    -.5940977      .96782
         31  |  -.1582844   .2394671    -0.66   0.510    -.6314487    .3148798
         32  |   .4948043   .5642176     0.88   0.382    -.6200362    1.609645
         33  |  -.3077934   .2531503    -1.22   0.226    -.8079944    .1924076
         34  |          0  (omitted)
         35  |  -.9522227   .2820989    -3.38   0.001    -1.509623   -.3948221
         36  |   .3136847   .3511366     0.89   0.373     -.380128    1.007497
         37  |   -.304358   .3016617    -1.01   0.315     -.900413    .2916969
         38  |  -.0705494   .4915355    -0.14   0.886    -1.041777    .9006782
         39  |  -.0148461   .3102436    -0.05   0.962    -.6278581    .5981659
         40  |   .0270143   .1499615     0.18   0.857    -.2692955    .3233241
         41  |   .3870366   .4148469     0.93   0.352    -.4326615    1.206735
         42  |          0  (omitted)
         43  |  -.0354737   .1949184    -0.18   0.856     -.420614    .3496666
         44  |  -.3954754   .2569753    -1.54   0.126    -.9032342    .1122835
         45  |  -1.272424    .213976    -5.95   0.000    -1.695221   -.8496281
         46  |  -1.134376   .2148878    -5.28   0.000    -1.558974   -.7097785
         47  |  -.1006714    .108535    -0.93   0.355    -.3151262    .1137835
         48  |  -.2985822   .2682254    -1.11   0.267    -.8285703    .2314058
         49  |   .2324783   .0945113     2.46   0.015     .0457329    .4192236
         50  |  -.0757343   .1457046    -0.52   0.604    -.3636328    .2121642
         51  |  -.0724051   .2408476    -0.30   0.764    -.5482971    .4034869
         52  |  -.1094462   .1206118    -0.91   0.366    -.3477636    .1288713
         53  |          0  (omitted)
         54  |  -.8320846   .2511505    -3.31   0.001    -1.328334    -.335835
         55  |  -1.528642   .1627999    -9.39   0.000    -1.850319   -1.206965
         56  |   .1021714   .2494416     0.41   0.683    -.3907016    .5950445
         57  |  -.3608083   .1263495    -2.86   0.005    -.6104629   -.1111536
         58  |   .0166734   .2718216     0.06   0.951    -.5204203    .5537671
         59  |  -.9765171   .3365223    -2.90   0.004    -1.641453    -.311581
         60  |  -.3347451   .3075184    -1.09   0.278    -.9423723    .2728821
         61  |  -.4036057    .229084    -1.76   0.080     -.856254    .0490425
         62  |   .1012531   .2580762     0.39   0.695    -.4086811    .6111873
         63  |          0  (omitted)
         64  |  -.2075564   .0280624    -7.40   0.000    -.2630051   -.1521078
         65  |  -.4192518   .1150271    -3.64   0.000    -.6465345   -.1919691
         66  |    .120519   .0526649     2.29   0.024     .0164582    .2245798
         67  |  -.2039813   .1295574    -1.57   0.117    -.4599745    .0520119
         68  |  -.3100186   .3748597    -0.83   0.410    -1.050706    .4306687
         69  |          0  (omitted)
         70  |  -.0179219   .3557677    -0.05   0.960    -.7208851    .6850414
         71  |  -1.367724    .413374    -3.31   0.001    -2.184512   -.5509362
         72  |    .130307   .4298033     0.30   0.762    -.7189436    .9795576
         73  |  -.5004715   .2825133    -1.77   0.079    -1.058691     .057748
         74  |          0  (omitted)
         75  |   .0096945    .108026     0.09   0.929    -.2037546    .2231436
         76  |   .0436819   .1317382     0.33   0.741    -.2166203    .3039841
         77  |    .011136   .1641657     0.07   0.946    -.3132399     .335512
         78  |   1.073951   .0486756    22.06   0.000     .9777729     1.17013
         79  |   .8276682   .0775247    10.68   0.000     .6744867    .9808496
         80  |   .7186654   .1559605     4.61   0.000     .4105022    1.026828
         81  |  -.0996547   .1961337    -0.51   0.612    -.4871963    .2878869
         82  |  -.2247561   .0977505    -2.30   0.023    -.4179019   -.0316104
         83  |          0  (omitted)
         84  |  -.2525852   .2150691    -1.17   0.242    -.6775414     .172371
         85  |   1.010754   .1912604     5.28   0.000     .6328412    1.388666
         86  |   .6293862   .1410829     4.46   0.000     .3506196    .9081527
         87  |   1.127822   .0724313    15.57   0.000     .9847043    1.270939
         88  |   1.070949   .1597993     6.70   0.000     .7552008    1.386697
         89  |          0  (omitted)
         91  |  -.5405782   .8890356    -0.61   0.544    -2.297228    1.216072
         92  |  -.1859278   .8264293    -0.22   0.822    -1.818874    1.447018
         93  |  -.4980103   .6705935    -0.74   0.459     -1.82304    .8270189
         94  |  -.7273574   .4790514    -1.52   0.131    -1.673918    .2192027
         95  |  -1.120401    .500821    -2.24   0.027    -2.109976   -.1308266
         96  |  -7.108611   3.593621    -1.98   0.050    -14.20927    -.007956
         97  |  -1.986205   .5863316    -3.39   0.001     -3.14474   -.8276688
         98  |          0  (omitted)
         99  |   .6646533    .164237     4.05   0.000     .3401365    .9891702
        100  |   1.501677    .097029    15.48   0.000     1.309957    1.693397
        101  |   1.259775   .1155723    10.90   0.000     1.031416    1.488135
        102  |   1.215921   .1705529     7.13   0.000     .8789244    1.552917
        103  |   .8238487   .1812766     4.54   0.000     .4656633    1.182034
        104  |   .5020026   .2262012     2.22   0.028     .0550505    .9489547
        106  |          0  (omitted)
        107  |   .1707473   .3553694     0.48   0.632    -.5314291    .8729236
        108  |   1.211122   .0890768    13.60   0.000     1.035115     1.38713
        109  |   .7745325   .2334948     3.32   0.001     .3131689    1.235896
        110  |   .2652792   .2863533     0.93   0.356    -.3005279    .8310863
        111  |  -.0733438   .3053042    -0.24   0.810     -.676596    .5299084
        112  |  -.2272979   .7019278    -0.32   0.747    -1.614241    1.159645
        113  |   .1422003   .2295143     0.62   0.536    -.3112982    .5956987
        114  |          0  (omitted)
        115  |   1.432679   .7324784     1.96   0.052    -.0146286    2.879987
        116  |   .0192371   .2819516     0.07   0.946    -.5378726    .5763469
        117  |   .0742635    .710973     0.10   0.917    -1.330552    1.479079
        118  |     1.9664   .4008261     4.91   0.000     1.174406    2.758395
        119  |   .4609366   .3942852     1.17   0.244    -.3181336    1.240007
        120  |          0  (omitted)
        122  |   .1676949   .1418467     1.18   0.239    -.1125809    .4479706
        123  |   1.030587   .5126005     2.01   0.046     .0177365    2.043437
        124  |   1.013649   .3030073     3.35   0.001     .4149352    1.612363
        125  |   .5062995   .2102842     2.41   0.017     .0907978    .9218011
        126  |          0  (omitted)
        128  |  -.8947975   .0983128    -9.10   0.000    -1.089054   -.7005408
        129  |  -1.171448   .3025378    -3.87   0.000    -1.769234   -.5736615
        130  |  -.0567037   .1709467    -0.33   0.741    -.3944783    .2810709
        131  |  -.5939993   .2916111    -2.04   0.043    -1.170195   -.0178033
        132  |  -.5792348   .1003318    -5.77   0.000     -.777481   -.3809886
        133  |  -1.213741    .132564    -9.16   0.000    -1.475675   -.9518074
        134  |  -.8263388   .1356644    -6.09   0.000    -1.094399   -.5582788
        135  |  -.9057982   .3880674    -2.33   0.021    -1.672583   -.1390137
        136  |  -.9604643   .0262687   -36.56   0.000    -1.012369   -.9085598
        137  |  -.9111226   .4184398    -2.18   0.031     -1.73792   -.0843251
        138  |          0  (omitted)
        141  |   2.660281    1.31623     2.02   0.045     .0595353    5.261028
        142  |   3.590394   .5678879     6.32   0.000     2.468302    4.712487
        143  |   3.135022   .8209941     3.82   0.000     1.512815    4.757229
        144  |    1.46736   .2793849     5.25   0.000      .915322    2.019398
        145  |   3.277964    .869454     3.77   0.000     1.560006    4.995923
        146  |   1.974819    1.09949     1.80   0.074    -.1976699    4.147308
        147  |          0  (omitted)
        148  |   .3163051   .1337408     2.37   0.019     .0520459    .5805642
        149  |   .1949799   .2070959     0.94   0.348    -.2142219    .6041817
        150  |   .2309385    .234447     0.99   0.326    -.2323065    .6941836
        151  |  -.0307038   .2491905    -0.12   0.902    -.5230805     .461673
        152  |   .1362546    .266836     0.51   0.610    -.3909881    .6634974
        153  |   .0389693   .2692055     0.14   0.885    -.4929553    .5708939
        154  |   .2976103   .2085743     1.43   0.156    -.1145128    .7097335
        155  |          0  (omitted)
        156  |  -.8345574   .3022731    -2.76   0.006     -1.43182   -.2372943
        157  |  -.5938835   .1416771    -4.19   0.000     -.873824    -.313943
        158  |  -.0605829   .0493179    -1.23   0.221    -.1580303    .0368645
        159  |  -.1805812   .0581373    -3.11   0.002    -.2954549   -.0657074
        160  |   -.141709    .210755    -0.67   0.502    -.5581409    .2747228
        161  |  -.7114096   .0870553    -8.17   0.000    -.8834227   -.5393965
        163  |  -.7147982   .1059022    -6.75   0.000    -.9240508   -.5055455
        164  |          0  (omitted)
        165  |  -.2408378   .1521613    -1.58   0.116    -.5414942    .0598185
        166  |   .1055281   .4511917     0.23   0.815    -.7859841    .9970402
        167  |  -1.240884   .1722716    -7.20   0.000    -1.581276   -.9004911
        168  |   -.226513   .2687841    -0.84   0.401    -.7576051     .304579
        171  |  -.3424135   .2105107    -1.63   0.106    -.7583628    .0735358
        172  |  -.5646738   .2199313    -2.57   0.011    -.9992373   -.1301102
        173  |          0  (omitted)
        174  |   -.724201   .2257878    -3.21   0.002    -1.170336   -.2780656
        175  |   1.241751   .4576397     2.71   0.007     .3374986    2.146004
        176  |   .5055568   .1897989     2.66   0.009     .1305321    .8805815
        177  |  -.5041221   .4642455    -1.09   0.279    -1.421427    .4131832
        178  |  -1.523837   .5673764    -2.69   0.008    -2.644919   -.4027549
        179  |    .305921   .0383175     7.98   0.000     .2302093    .3816327
        180  |   .2953331   .2455004     1.20   0.231    -.1897524    .7804186
        181  |   .3008426    .284232     1.06   0.292    -.2607728    .8624581
        182  |  -.5399818   .3991223    -1.35   0.178     -1.32861    .2486461
        183  |   .2812158   .2138516     1.32   0.191    -.1413348    .7037664
        184  |          0  (omitted)
        185  |  -.7777166   .2249231    -3.46   0.001    -1.222143   -.3332898
        186  |  -.3846328   .3619944    -1.06   0.290    -1.099899    .3306338
        187  |  -.8635867    .381321    -2.26   0.025    -1.617041   -.1101325
        188  |  -.6150585   .3599328    -1.71   0.090    -1.326252    .0961348
        189  |  -.1353264   .2355804    -0.57   0.567     -.600811    .3301581
        190  |          0  (omitted)
        191  |  -.8433546   .1342445    -6.28   0.000    -1.108609   -.5781002
        192  |  -1.861277   .3184257    -5.85   0.000    -2.490456   -1.232098
        193  |  -.4632856   .2299309    -2.01   0.046    -.9176072    -.008964
        194  |  -1.126297   .4415452    -2.55   0.012    -1.998748   -.2538449
        195  |  -1.344871   .1982278    -6.78   0.000     -1.73655   -.9531917
        196  |  -1.640625   .2358384    -6.96   0.000    -2.106619    -1.17463
        197  |  -.7997239   .1959951    -4.08   0.000    -1.186992   -.4124561
        198  |  -2.017525   .0708509   -28.48   0.000     -2.15752   -1.877531
        199  |  -1.227621   .0931322   -13.18   0.000    -1.411641     -1.0436
        200  |  -1.226734   .2452162    -5.00   0.000    -1.711257   -.7422096
        201  |          0  (omitted)
        202  |   -1.06962   .3385554    -3.16   0.002    -1.738573   -.4006664
        203  |  -1.723502   .2128559    -8.10   0.000    -2.144085   -1.302918
        204  |  -1.719578   .4949337    -3.47   0.001     -2.69752   -.7416355
        205  |  -.8910141   .3265192    -2.73   0.007    -1.536185    -.245843
        206  |  -1.682006   .4965513    -3.39   0.001    -2.663145    -.700868
        207  |  -.7551651   .4003098    -1.89   0.061    -1.546139    .0358092
        208  |  -.5473595   .3788783    -1.44   0.151    -1.295987    .2012681
        209  |  -.7670983   .4452108    -1.72   0.087    -1.646793     .112596
        210  |          0  (omitted)
        211  |   .4380869   .0203398    21.54   0.000     .3978973    .4782765
        212  |  -.5086146   .0203398   -25.01   0.000    -.5488042   -.4684251
        213  |   .2633766   .0369587     7.13   0.000     .1903498    .3364034
        214  |   .4021663   .0203398    19.77   0.000     .3619767    .4423558
        215  |   .6850801          .        .       .            .           .
        216  |   .3890969   .0262226    14.84   0.000     .3372836    .4409103
        217  |          0  (omitted)
        219  |   -.325095   .7160572    -0.45   0.650    -1.739956    1.089766
        220  |   .8163737   .0615888    13.26   0.000     .6946801    .9380673
        221  |   1.186994   .0681671    17.41   0.000     1.052302    1.321686
        222  |   .4288134   .1172215     3.66   0.000     .1971948     .660432
        223  |          0  (omitted)
        225  |  -.2882196   .3647118    -0.79   0.431    -1.008856    .4324164
        226  |   .2617614   .2721342     0.96   0.338    -.2759501    .7994729
        227  |  -.1347161   .4278306    -0.31   0.753    -.9800689    .7106368
        228  |  -.0905446   .3106703    -0.29   0.771    -.7043997    .5233105
        229  |  -.3066325   .6067413    -0.51   0.614    -1.505496    .8922308
        230  |  -.1948475   .5101738    -0.38   0.703    -1.202903    .8132076
        231  |          0  (omitted)
        232  |  -.5409963   .1055816    -5.12   0.000    -.7496156   -.3323771
        233  |   .0481013   .2547051     0.19   0.850    -.4551718    .5513744
        234  |  -.4284419   .1645289    -2.60   0.010    -.7535355   -.1033483
        235  |  -.1105151    .274284    -0.40   0.688    -.6524743    .4314441
        236  |   -.528842   .3861434    -1.37   0.173    -1.291825    .2341409
        237  |   -.044734   .2806085    -0.16   0.874    -.5991897    .5097218
        238  |  -.3118035   .0607942    -5.13   0.000    -.4319271   -.1916798
        239  |          0  (omitted)
        240  |   -.483852   1.597939    -0.30   0.762    -3.641228    2.673524
        241  |   .6423183   .5554937     1.16   0.249    -.4552847    1.739921
        242  |  -.0551471   1.434215    -0.04   0.969     -2.88902    2.778725
        243  |  -1.728752   .9955266    -1.74   0.085    -3.695818    .2383144
        244  |   .0226437   .7294152     0.03   0.975    -1.418612    1.463899
        245  |          0  (omitted)
        246  |  -.8404019   .2169517    -3.87   0.000    -1.269078   -.4117259
        247  |  -.1390494   .2199119    -0.63   0.528    -.5735745    .2954757
        248  |  -.3499181   .1888116    -1.85   0.066     -.722992    .0231558
        249  |   -.327759   .1559265    -2.10   0.037     -.635855    -.019663
        250  |  -.6617176   .1384382    -4.78   0.000    -.9352584   -.3881768
        251  |  -.5278492   .1251822    -4.22   0.000    -.7751973   -.2805011
        252  |  -.2200998   .2065203    -1.07   0.288    -.6281644    .1879648
        253  |  -.5315571   .1382037    -3.85   0.000    -.8046346   -.2584797
        254  |  -.3382279   .1298021    -2.61   0.010    -.5947045   -.0817514
        255  |   .3281425   .1847883     1.78   0.078    -.0369818    .6932667
        256  |          0  (omitted)
        257  |   .9246583   .3837643     2.41   0.017     .1663764     1.68294
        258  |   .6530415   .2706181     2.41   0.017     .1183257    1.187757
        259  |   1.196979   .3182129     3.76   0.000     .5682207    1.825738
        260  |    .239359   .1284653     1.86   0.064    -.0144763    .4931943
        261  |          0  (omitted)
        262  |   .2443375   .2958033     0.83   0.410    -.3401419    .8288168
        263  |    .385783   .3388051     1.14   0.257    -.2836638     1.05523
        264  |  -3.086013   .5394129    -5.72   0.000    -4.151841   -2.020184
        265  |  -.4516949   .2940062    -1.54   0.127    -1.032623    .1292335
        266  |  -1.194091   .1761052    -6.78   0.000    -1.542058    -.846124
        267  |  -.6054225   .1646296    -3.68   0.000    -.9307151     -.28013
        268  |   .1972216    .490882     0.40   0.688    -.7727148    1.167158
        269  |          0  (omitted)
        270  |   .7812879    .199256     3.92   0.000      .387577    1.174999
        271  |  -.5804378   .3868626    -1.50   0.136    -1.344842    .1839661
        272  |   1.023427   .2472873     4.14   0.000     .5348111    1.512044
        273  |   .3063894   .3745942     0.82   0.415    -.4337733    1.046552
        274  |   .4247959   .2181543     1.95   0.053    -.0062563    .8558481
        275  |  -.2452982   .0994676    -2.47   0.015    -.4418367   -.0487596
        276  |   .5556958   .1552636     3.58   0.000     .2489096     .862482
        277  |   1.102054   .1596567     6.90   0.000     .7865872     1.41752
        278  |   .7513211   .3554451     2.11   0.036     .0489951    1.453647
        279  |          0  (omitted)
        280  |  -1.172378    .109101   -10.75   0.000    -1.387952   -.9568053
        281  |  -.7886859   .2499864    -3.15   0.002    -1.282635   -.2947363
        282  |  -1.013167    .384613    -2.63   0.009    -1.773126    -.253208
        283  |  -.4171107   .1359221    -3.07   0.003    -.6856799   -.1485416
        284  |  -.2568295   .2753178    -0.93   0.352    -.8008314    .2871724
        285  |   -1.01164   .2280889    -4.44   0.000    -1.462322    -.560958
        289  |          0  (omitted)
        290  |  -.7367379   .2937136    -2.51   0.013    -1.317088   -.1563876
        291  |  -1.070334   .6631618    -1.61   0.109    -2.380679    .2400112
        292  |   .1260968   .3503095     0.36   0.719    -.5660816    .8182752
        293  |   .1864441   .5557496     0.34   0.738    -.9116644    1.284553
        294  |  -.0190196   .4761696    -0.04   0.968    -.9598857    .9218465
        295  |  -.8182235   .4349773    -1.88   0.062    -1.677697    .0412504
        296  |  -.2720631   .4010182    -0.68   0.499    -1.064437    .5203109
        297  |  -.4047602   .4077595    -0.99   0.322    -1.210454     .400934
        298  |  -.2781341   .3322664    -0.84   0.404     -.934661    .3783928
        299  |   .5668081   .4115558     1.38   0.170    -.2463873    1.380003
        300  |          0  (omitted)
        301  |   .5025529   .1869863     2.69   0.008     .1330857      .87202
        302  |   .1051748   .0881054     1.19   0.234    -.0689131    .2792627
        303  |   .2098281   .2788904     0.75   0.453    -.3412328    .7608891
        304  |   .7370443   .1178681     6.25   0.000     .5041482    .9699404
        305  |    .322733   .1576902     2.05   0.042     .0111521    .6343138
        306  |   1.167342   .2116314     5.52   0.000     .7491785    1.585506
        309  |          0  (omitted)
        311  |  -.4380163   .0711082    -6.16   0.000    -.5785194   -.2975131
        312  |   -.639449   .3704738    -1.73   0.086     -1.37147    .0925722
        313  |  -.5257667   .1749383    -3.01   0.003    -.8714283   -.1801051
        314  |  -.5158201   .2127235    -2.42   0.017    -.9361417   -.0954985
        315  |  -1.162143   .2732199    -4.25   0.000       -1.702   -.6222866
        316  |  -.5988789   .2670704    -2.24   0.026    -1.126585   -.0711731
        317  |  -.3146811   .1700897    -1.85   0.066    -.6507622       .0214
        318  |   -.707362   .2272203    -3.11   0.002    -1.156328   -.2583963
        319  |  -.9472298   .2499813    -3.79   0.000    -1.441169   -.4532904
        320  |  -.4819324   .1109808    -4.34   0.000    -.7012199   -.2626448
        321  |          0  (omitted)
        322  |    .119756   .3896645     0.31   0.759    -.6501841    .8896961
        323  |  -.8344481   .1565893    -5.33   0.000    -1.143854   -.5250423
        324  |  -.2849078   .3508068    -0.81   0.418    -.9780688    .4082531
        325  |  -.0176884    .237295    -0.07   0.941    -.4865609     .451184
        326  |  -1.664053   .3211688    -5.18   0.000    -2.298653   -1.029454
        327  |  -.4498238   .0637924    -7.05   0.000    -.5758716    -.323776
        328  |  -.7023868   .2088128    -3.36   0.001    -1.114981   -.2897925
        329  |  -.1058134   .1840984    -0.57   0.566    -.4695745    .2579477
        330  |  -.0784701   .1416411    -0.55   0.580    -.3583395    .2013993
        331  |          0  (omitted)
        333  |   .4466241   .2104987     2.12   0.036     .0306986    .8625497
        334  |  -.1275279   .1233614    -1.03   0.303    -.3712782    .1162225
        335  |   .5016687   .0776039     6.46   0.000     .3483308    .6550065
        336  |  -.2496292   .0131295   -19.01   0.000    -.2755718   -.2236866
        337  |          0  (omitted)
        338  |   .1496208   .2059943     0.73   0.469    -.2574044    .5566461
        339  |   .4652139   .1573742     2.96   0.004     .1542573    .7761705
        340  |  -.3735275   .2032615    -1.84   0.068     -.775153     .028098
        341  |   .7580101   .1913834     3.96   0.000     .3798546    1.136166
        342  |   .3816344   .2316098     1.65   0.101    -.0760047    .8392734
        343  |   .2691281    .232288     1.16   0.248     -.189851    .7281073
        344  |   .0834541   .3767775     0.22   0.825    -.6610225    .8279307
        345  |          0  (omitted)
        346  |  -.2373462   .4408005    -0.54   0.591    -1.108326    .6336339
        347  |  -.1692339   .2146546    -0.79   0.432    -.5933711    .2549033
        348  |   .1701381   .1350331     1.26   0.210    -.0966745    .4369507
        349  |   .4591852   .0852179     5.39   0.000     .2908028    .6275677
        350  |          0  (omitted)
        351  |  -.2826073   .1311506    -2.15   0.033    -.5417484   -.0234663
        352  |  -.1773883    .213229    -0.83   0.407    -.5987087    .2439321
        353  |  -.3710453    .456259    -0.81   0.417     -1.27257    .5304793
        354  |   -.372444   .3107132    -1.20   0.233     -.986384    .2414959
        355  |  -.2335991   .1260571    -1.85   0.066    -.4826761    .0154779
        356  |  -.4648305   .1499772    -3.10   0.002    -.7611711   -.1684898
        357  |  -.4037589   .1359104    -2.97   0.003     -.672305   -.1352127
        358  |   -.542929   .0702897    -7.72   0.000    -.6818149   -.4040432
        359  |          0  (omitted)
             |
       _cons |   6.147563    .218796    28.10   0.000     5.715243    6.579883
------------------------------------------------------------------------------
(est1 stored)

. 
. ** areg on selection equation **
. eststo: areg l_rich i.styr_id, absorb(plst_id) cluster(plst_id)
note: 17.styr_id omitted because of collinearity.
note: 26.styr_id omitted because of collinearity.
note: 34.styr_id omitted because of collinearity.
note: 42.styr_id omitted because of collinearity.
note: 53.styr_id omitted because of collinearity.
note: 63.styr_id omitted because of collinearity.
note: 69.styr_id omitted because of collinearity.
note: 74.styr_id omitted because of collinearity.
note: 83.styr_id omitted because of collinearity.
note: 89.styr_id omitted because of collinearity.
note: 98.styr_id omitted because of collinearity.
note: 106.styr_id omitted because of collinearity.
note: 114.styr_id omitted because of collinearity.
note: 120.styr_id omitted because of collinearity.
note: 127.styr_id omitted because of collinearity.
note: 138.styr_id omitted because of collinearity.
note: 147.styr_id omitted because of collinearity.
note: 155.styr_id omitted because of collinearity.
note: 164.styr_id omitted because of collinearity.
note: 173.styr_id omitted because of collinearity.
note: 184.styr_id omitted because of collinearity.
note: 190.styr_id omitted because of collinearity.
note: 201.styr_id omitted because of collinearity.
note: 210.styr_id omitted because of collinearity.
note: 217.styr_id omitted because of collinearity.
note: 224.styr_id omitted because of collinearity.
note: 231.styr_id omitted because of collinearity.
note: 239.styr_id omitted because of collinearity.
note: 245.styr_id omitted because of collinearity.
note: 256.styr_id omitted because of collinearity.
note: 261.styr_id omitted because of collinearity.
note: 269.styr_id omitted because of collinearity.
note: 279.styr_id omitted because of collinearity.
note: 289.styr_id omitted because of collinearity.
note: 300.styr_id omitted because of collinearity.
note: 310.styr_id omitted because of collinearity.
note: 321.styr_id omitted because of collinearity.
note: 331.styr_id omitted because of collinearity.
note: 337.styr_id omitted because of collinearity.
note: 345.styr_id omitted because of collinearity.
note: 350.styr_id omitted because of collinearity.
note: 359.styr_id omitted because of collinearity.

Linear regression, absorbing indicators             Number of obs     =  1,289
Absorbed variable: plst_id                          No. of categories =    151
                                                    F(111, 150)       =      .
                                                    Prob > F          =      .
                                                    R-squared         = 0.9059
                                                    Adj R-squared     = 0.8525
                                                    Root MSE          = 0.1834

                              (Std. err. adjusted for 151 clusters in plst_id)
------------------------------------------------------------------------------
             |               Robust
      l_rich | Coefficient  std. err.      t    P>|t|     [95% conf. interval]
-------------+----------------------------------------------------------------
     styr_id |
          2  |   .0588915   .0523001     1.13   0.262    -.0444486    .1622316
          3  |   .1115718   .0990842     1.13   0.262    -.0842091    .3073527
          4  |  -.2876821   1.86e-09 -1.6e+08   0.000    -.2876821   -.2876821
          5  |   .1115718   .0990842     1.13   0.262    -.0842091    .3073527
          6  |  -.1335315   4.05e-10 -3.3e+08   0.000    -.1335315   -.1335315
          7  |   .1178645   .2572551     0.46   0.647    -.3904473    .6261763
          8  |   .2942561   .2566445     1.15   0.253    -.2128491    .8013613
          9  |   .2363612   .3648978     0.65   0.518    -.4846423    .9573647
         10  |   .1402442   .1595651     0.88   0.381    -.1750412    .4555297
         11  |   .1847547   .1916481     0.96   0.337    -.1939238    .5634332
         12  |  -.0874547   .0896814    -0.98   0.331    -.2646567    .0897473
         13  |   .0854766   .1453536     0.59   0.557    -.2017284    .3726815
         14  |  -.0266809   .1323471    -0.20   0.841    -.2881862    .2348244
         15  |  -.0111742   .0891651    -0.13   0.900     -.187356    .1650076
         16  |  -.0266809   .0273602    -0.98   0.331     -.080742    .0273803
         17  |          0  (omitted)
         18  |  -.1240058   .0462621    -2.68   0.008    -.2154153   -.0325963
         19  |   -.104953   .0277984    -3.78   0.000      -.15988   -.0500259
         20  |  -.0333612   .0342106    -0.98   0.331    -.1009581    .0342357
         21  |  -.0162634   .0166775    -0.98   0.331    -.0492165    .0166897
         22  |  -.0667224   .0342106    -1.95   0.053    -.1343193    .0008745
         23  |  -.0178545   .0443534    -0.40   0.688    -.1054926    .0697836
         24  |   .0182961   .0345411     0.53   0.597    -.0499538     .086546
         25  |   .0208118   .0485558     0.43   0.669    -.0751298    .1167534
         26  |          0  (omitted)
         27  |   .5435467    .221824     2.45   0.015     .1052435    .9818499
         28  |   .5458696   .1931368     2.83   0.005     .1642496    .9274897
         29  |   .3689704   .2762309     1.34   0.184    -.1768358    .9147766
         30  |   .3148206   .3122737     1.01   0.315    -.3022026    .9318437
         31  |   .4209718   .1710629     2.46   0.015     .0829677     .758976
         32  |   .2703101   .0784336     3.45   0.001     .1153327    .4252875
         33  |   .0837715   .0859044     0.98   0.331    -.0859675    .2535105
         34  |          0  (omitted)
         35  |  -.3879838   .1480969    -2.62   0.010    -.6806093   -.0953584
         36  |  -.2746099   .0816116    -3.36   0.001    -.4358666   -.1133532
         37  |   -.491157   .1563263    -3.14   0.002    -.8000429   -.1822711
         38  |  -.2519763   .1582026    -1.59   0.113    -.5645696     .060617
         39  |  -.2310491   .1510624    -1.53   0.128     -.529534    .0674359
         40  |  -.3003016   .1935933    -1.55   0.123    -.6828236    .0822203
         41  |  -.2279909   .1279754    -1.78   0.077    -.4808581    .0248763
         42  |          0  (omitted)
         43  |   .0738195   .0975365     0.76   0.450    -.1189033    .2665424
         44  |   .0903309   .1249411     0.72   0.471    -.1565409    .3372027
         45  |  -.0502424   .1438869    -0.35   0.727    -.3345494    .2340645
         46  |  -.2331503   .2135921    -1.09   0.277    -.6551881    .1888875
         47  |    .048803   .1055907     0.46   0.645    -.1598342    .2574402
         48  |  -.2172379   .1383648    -1.57   0.119    -.4906336    .0561577
         49  |  -.1520573   .1850234    -0.82   0.412     -.517646    .2135314
         50  |   -.042048   .1698096    -0.25   0.805    -.3775758    .2934797
         51  |   .0137986   .1037513     0.13   0.894    -.1912041    .2188013
         52  |  -.0805224   .1359499    -0.59   0.555    -.3491466    .1881018
         53  |          0  (omitted)
         54  |  -.0284245    .109034    -0.26   0.795    -.2438654    .1870164
         55  |  -.3658786   .0928956    -3.94   0.000    -.5494315   -.1823257
         56  |  -.1827765   .1306442    -1.40   0.164    -.4409171     .075364
         57  |   .0408967   .1335039     0.31   0.760    -.2228944    .3046877
         58  |   .1616793   .1074725     1.50   0.135    -.0506762    .3740348
         59  |  -.3479402    .108158    -3.22   0.002    -.5616501   -.1342303
         60  |    .174987   .0984115     1.78   0.077    -.0194648    .3694387
         61  |  -.2662391    .114616    -2.32   0.022    -.4927095   -.0397687
         62  |  -.1801518   .0785339    -2.29   0.023    -.3353273   -.0249764
         63  |          0  (omitted)
         64  |   .1408049   .0086615    16.26   0.000     .1236907    .1579191
         65  |   -.296991   .1112361    -2.67   0.008    -.5167829    -.077199
         66  |  -.0341718   .1542783    -0.22   0.825    -.3390111    .2706675
         67  |  -.1833487   .1935794    -0.95   0.345    -.5658434    .1991459
         68  |   .3374592   .0939931     3.59   0.000     .1517378    .5231807
         69  |          0  (omitted)
         70  |  -.1881048   .2219182    -0.85   0.398    -.6265942    .2503847
         71  |    .047574   .1357511     0.35   0.726    -.2206574    .3158053
         72  |   .0079843   .2138575     0.04   0.970    -.4145779    .4305465
         73  |  -.1884379   .1470985    -1.28   0.202    -.4790907    .1022148
         74  |          0  (omitted)
         75  |   .0351202   .3792027     0.09   0.926    -.7141484    .7843888
         76  |   .0743812   .2394352     0.31   0.756      -.39872    .5474824
         77  |   .0743812   .3187897     0.23   0.816     -.555517    .7042794
         78  |   .1702752   .1746106     0.98   0.331    -.1747389    .5152893
         79  |   .0743812   .2394352     0.31   0.756      -.39872    .5474824
         80  |   .1702752   .1746106     0.98   0.331    -.1747389    .5152893
         81  |  -.2310491   .2369318    -0.98   0.331     -.699204    .2371058
         82  |  -.2310491   .1234903    -1.87   0.063    -.4750543    .0129562
         83  |          0  (omitted)
         84  |   .2027326   .1800418     1.13   0.262     -.153013    .5584781
         85  |    .020411   .1800418     0.11   0.910    -.3353346    .3761566
         86  |   2.22e-16   .3600836     0.00   1.000    -.7114912    .7114912
         87  |  -.0911608    .279126    -0.33   0.744    -.6426873    .4603657
         88  |   2.24e-16   .3600836     0.00   1.000    -.7114912    .7114912
         89  |          0  (omitted)
         90  |   .4307714   .1232653     3.49   0.001     .1872109     .674332
         91  |   .2689355   .0361674     7.44   0.000     .1974722    .3403988
         92  |   .6048812   .1229146     4.92   0.000     .3620135    .8477489
         93  |   .2577299   .2733369     0.94   0.347    -.2823579    .7978177
         94  |   .2095362   .1202305     1.74   0.083    -.0280278    .4471003
         95  |   .2371655   .1906945     1.24   0.216    -.1396288    .6139597
         96  |  -1.122149   .2919907    -3.84   0.000    -1.699095    -.545203
         97  |  -.1566679   .1606568    -0.98   0.331    -.4741105    .1607748
         98  |          0  (omitted)
         99  |  -.0664237   .0819441    -0.81   0.419    -.2283375      .09549
        100  |   .0229976   .0952591     0.24   0.810    -.1652253    .2112205
        101  |  -.1606127   .1040383    -1.54   0.125    -.3661825    .0449572
        102  |  -.4200477   .0377173   -11.14   0.000    -.4945734   -.3455219
        103  |   .0155624   .1486198     0.10   0.917    -.2780963     .309221
        104  |  -.2700038   .0905521    -2.98   0.003    -.4489262   -.0910814
        105  |      -.241   .0998196    -2.41   0.017     -.438234    -.043766
        106  |          0  (omitted)
        107  |   .4013243   .2127316     1.89   0.061    -.0190133    .8216619
        108  |    .889943   .2226764     4.00   0.000     .4499555     1.32993
        109  |   .8675632   .0580749    14.94   0.000     .7528127    .9823138
        110  |   .1702752   .0893712     1.91   0.059    -.0063139    .3468643
        111  |  -.2310491   .1234903    -1.87   0.063    -.4750543    .0129562
        112  |  -.0607738   .1886749    -0.32   0.748    -.4335777      .31203
        113  |    .135155   .1385963     0.98   0.331     -.138698    .4090081
        114  |          0  (omitted)
        115  |   .3446913   .0623212     5.53   0.000     .2215504    .4678321
        116  |   .1042519   .1219188     0.86   0.394    -.1366481    .3451519
        117  |   .0177482   .1596791     0.11   0.912    -.2977626     .333259
        118  |   .3474576   .0297423    11.68   0.000     .2886897    .4062254
        119  |   .3629328   .1256958     2.89   0.004     .1145699    .6112958
        120  |          0  (omitted)
        121  |   .3552227    .147115     2.41   0.017     .0645373    .6459081
        122  |   .0684019   .1008795     0.68   0.499    -.1309265    .2677303
        123  |   .3167184   .2200266     1.44   0.152    -.1180333    .7514702
        124  |   .1702752   .1572487     1.08   0.281    -.1404333    .4809837
        125  |   .2431716   .1171971     2.07   0.040     .0116013    .4747419
        126  |  -4.93e-16   3.94e-09    -0.00   1.000    -7.79e-09    7.79e-09
        127  |          0  (omitted)
        128  |   .2095362   .1202305     1.74   0.083    -.0280278    .4471003
        129  |   .1553632   .1294846     1.20   0.232    -.1004861    .4112125
        130  |   .5257171   .1361829     3.86   0.000     .2566326    .7948016
        131  |   .3001808   .1366279     2.20   0.030     .0302171    .5701445
        132  |   .0982458   .3386389     0.29   0.772    -.5708727    .7673642
        133  |  -.1619173    .236826    -0.68   0.495    -.6298631    .3060285
        134  |   .2561235   .0743447     3.45   0.001     .1092255    .4030215
        135  |   .3305047   .0564707     5.85   0.000      .218924    .4420855
        136  |   .0468891   .1663208     0.28   0.778    -.2817451    .3755232
        137  |   .1993116   .2056715     0.97   0.334    -.2070759    .6056991
        138  |          0  (omitted)
        139  |   .4287369    .178966     2.40   0.018     .0751171    .7823567
        140  |  -.1351551   .1919245    -0.70   0.482    -.5143798    .2440696
        141  |   .1273309   .2289057     0.56   0.579    -.3249651    .5796269
        142  |   .0692132   .0396082     1.75   0.083     -.009049    .1474753
        143  |  -.4835296   .0456438   -10.59   0.000    -.5737173   -.3933418
        144  |  -.4657814   .1169439    -3.98   0.000    -.6968515   -.2347112
        145  |  -.9671405   .1015201    -9.53   0.000    -1.167735   -.7665464
        146  |  -.4442685   .0237275   -18.72   0.000    -.4911519   -.3973852
        147  |          0  (omitted)
        148  |  -.3451456   .1144577    -3.02   0.003    -.5713031    -.118988
        149  |  -.3191775   .0964668    -3.31   0.001    -.5097868   -.1285683
        150  |  -.5602211   .0529297   -10.58   0.000    -.6648052   -.4556371
        151  |  -.4049773   .0548417    -7.38   0.000    -.5133393   -.2966154
        152  |  -.2995255   .0728561    -4.11   0.000    -.4434823   -.1555688
        153  |   -.115332   .1199215    -0.96   0.338    -.3522856    .1216217
        154  |  -.1304318      .0674    -1.94   0.055    -.2636078    .0027443
        155  |          0  (omitted)
        156  |   -.005168   .0428816    -0.12   0.904     -.089898    .0795619
        157  |   .1311424   .0061315    21.39   0.000      .119027    .1432577
        158  |   .1003091   .0723406     1.39   0.168    -.0426291    .2432472
        159  |    .004415   .1360519     0.03   0.974    -.2644107    .2732408
        160  |  -.0341718   .0707607    -0.48   0.630    -.1739882    .1056445
        161  |   .0130735   .0965662     0.14   0.892    -.1777321    .2038792
        162  |  -.0973788   .0236703    -4.11   0.000     -.144149   -.0506086
        163  |  -.0726761   .0880142    -0.83   0.410    -.2465839    .1012317
        164  |          0  (omitted)
        165  |  -.5888139   .1488744    -3.96   0.000    -.8829756   -.2946521
        166  |  -.2353502   .1557025    -1.51   0.133    -.5430035    .0723032
        167  |  -.2226098   .1451994    -1.53   0.127      -.50951    .0642905
        168  |  -.1164585    .033833    -3.44   0.001    -.1833092   -.0496078
        169  |  -.2198435   .0980791    -2.24   0.026    -.4136385   -.0260485
        170  |  -.3185038   .0452133    -7.04   0.000    -.4078409   -.2291667
        171  |  -.1515787   .0698149    -2.17   0.031    -.2895262   -.0136311
        172  |  -.2474727   .0412332    -6.00   0.000    -.3289455   -.1659999
        173  |          0  (omitted)
        174  |   .0061164   .1612805     0.04   0.970    -.3125586    .3247914
        175  |  -.0701642   .1517684    -0.46   0.645    -.3700441    .2297157
        176  |   -.135155   .1551505    -0.87   0.385    -.4417178    .1714077
        177  |  -.1959289   .1583662    -1.24   0.218    -.5088455    .1169877
        178  |  -.1445454   .0768755    -1.88   0.062     -.296444    .0073533
        179  |  -.3148206   .2077565    -1.52   0.132    -.7253278    .0956867
        180  |  -.1215477   .1886749    -0.64   0.520    -.4943515    .2512561
        181  |  -.2249327   .3350392    -0.67   0.503    -.8869384    .4370731
        182  |  -.0093903    .140534    -0.07   0.947    -.2870723    .2682916
        183  |  -.0837715   .0859044    -0.98   0.331    -.2535105    .0859675
        184  |          0  (omitted)
        185  |  -.0564728   .1518428    -0.37   0.710    -.3564997    .2435542
        186  |  -.0831536   .1324136    -0.63   0.531    -.3447904    .1784831
        187  |  -.6351397   .3252958    -1.95   0.053    -1.277893     .007614
        188  |   .0594923   .2570447     0.23   0.817    -.4484037    .5673884
        189  |   .2282828   .0907357     2.52   0.013     .0489977    .4075679
        190  |          0  (omitted)
        191  |  -1.399902   .2148713    -6.52   0.000    -1.824467   -.9753364
        192  |  -.9668074   .6589927    -1.47   0.144    -2.268915    .3352999
        193  |  -.6964973   .5203965    -1.34   0.183    -1.724751    .3317569
        194  |  -.2661692   .3351558    -0.79   0.428    -.9284053    .3960668
        195  |  -.4458348   .0472852    -9.43   0.000    -.5392657   -.3524038
        196  |  -.1540118   .0364137    -4.23   0.000    -.2259619   -.0820618
        197  |  -.0641239   .2321427    -0.28   0.783     -.522816    .3945681
        198  |  -.0351202   .1025167    -0.34   0.732    -.2376836    .1674432
        199  |  -.2891669   .1551282    -1.86   0.064    -.5956854    .0173517
        200  |   .0710311    .130639     0.54   0.587    -.1870991    .3291613
        201  |          0  (omitted)
        202  |   .0339504   .1255973     0.27   0.787    -.2142181    .2821188
        203  |   .2005343   .0861998     2.33   0.021     .0302116    .3708571
        204  |  -.0210651   .1693924    -0.12   0.901    -.3557685    .3136383
        205  |  -.1115718   .1011427    -1.10   0.272    -.3114202    .0882766
        206  |  -.1393364   .0458548    -3.04   0.003    -.2299412   -.0487316
        207  |   .0569196   .0585546     0.97   0.333    -.0587788     .172618
        208  |  -.0273946   .0789424    -0.35   0.729    -.1833773    .1285881
        209  |  -.0530235   .1076813    -0.49   0.623    -.2657915    .1597446
        210  |          0  (omitted)
        211  |   .2231436   6.09e-10  3.7e+08   0.000     .2231436    .2231436
        212  |   .2231436   6.09e-10  3.7e+08   0.000     .2231436    .2231436
        213  |   .4054651   6.09e-10  6.7e+08   0.000     .4054651    .4054651
        214  |   .2231436   6.09e-10  3.7e+08   0.000     .2231436    .2231436
        215  |  -6.29e-16   6.09e-10    -0.00   1.000    -1.20e-09    1.20e-09
        216  |  -.2876821   6.09e-10 -4.7e+08   0.000    -.2876821   -.2876821
        217  |          0  (omitted)
        218  |  -.0743812   .1544926    -0.48   0.631     -.379644    .2308816
        219  |  -.0317701   .0920458    -0.35   0.730    -.2136438    .1501037
        220  |   .0607738   .0623212     0.98   0.331     -.062367    .1839147
        221  |   .0036832   .1520735     0.02   0.981    -.2967997    .3041661
        222  |   .1762814   .0823142     2.14   0.034     .0136363    .3389264
        223  |   -.039261   .0402607    -0.98   0.331    -.1188123    .0402902
        224  |          0  (omitted)
        225  |  -.0196135   .0745283    -0.26   0.793    -.1668744    .1276474
        226  |  -.0486173   .0764256    -0.64   0.526     -.199627    .1023924
        227  |   .0894329   .0997206     0.90   0.371    -.1076055    .2864713
        228  |    .095894   .0983356     0.98   0.331    -.0984078    .2901958
        229  |   .0874547   .1452865     0.60   0.548    -.1996176     .374527
        230  |   .2278592    .048942     4.66   0.000     .1311544     .324564
        231  |          0  (omitted)
        232  |   .1885168   .1541088     1.22   0.223    -.1159876    .4930212
        233  |  -.0299521   .1326174    -0.23   0.822    -.2919917    .2320874
        234  |  -.1566679   .0861709    -1.82   0.071    -.3269335    .0135977
        235  |  -.0215128    .151619    -0.14   0.887    -.3210976     .278072
        236  |   .0659419   .0356084     1.85   0.066     -.004417    .1363008
        237  |    .033554   .0884341     0.38   0.705    -.1411834    .2082913
        238  |  -.1248978   .0873485    -1.43   0.155    -.2974903    .0476947
        239  |          0  (omitted)
        240  |   .4904146   .1800418     2.72   0.007      .134669    .8461602
        241  |   .2979917   .1277417     2.33   0.021     .0455861    .5503973
        242  |   .2209163    .059293     3.73   0.000      .103759    .3380737
        243  |   .2876821          .        .       .            .           .
        244  |   .2209163    .059293     3.73   0.000      .103759    .3380737
        245  |          0  (omitted)
        246  |   .8236071   .2549013     3.23   0.002     .3199463    1.327268
        247  |   1.209955   .2377078     5.09   0.000     .7402671    1.679643
        248  |   .8938093   .2624172     3.41   0.001     .3752977    1.412321
        249  |   .6110678   .2432726     2.51   0.013     .1303842    1.091751
        250  |   .0743812   .2505004     0.30   0.767    -.4205838    .5693462
        251  |   .6652641   .3139357     2.12   0.036     .0449569    1.285571
        252  |   .9108151   .2155736     4.23   0.000      .484862    1.336768
        253  |   .4175876   .2832173     1.47   0.142    -.1420228    .9771981
        254  |   .0743812   .1315889     0.57   0.573     -.185626    .3343883
        255  |   .3196232   .2195518     1.46   0.148    -.1141904    .7534368
        256  |          0  (omitted)
        257  |   .0692132   .0709754     0.98   0.331    -.0710275    .2094538
        258  |  -.0496785   .1379522    -0.36   0.719    -.3222589     .222902
        259  |   .2015788   .0550746     3.66   0.000     .0927565     .310401
        260  |    .135155   .0216252     6.25   0.000     .0924257    .1778844
        261  |          0  (omitted)
        262  |   .1432734   .1536101     0.93   0.352    -.1602455    .4467924
        263  |  -.4652603   .1550444    -3.00   0.003    -.7716133   -.1589073
        264  |  -.4523526   .2531647    -1.79   0.076    -.9525821    .0478769
        265  |   .3908891   .1493738     2.62   0.010     .0957406    .6860376
        266  |   -.039614    .187976    -0.21   0.833    -.4110368    .3318088
        267  |    .397917   .1081898     3.68   0.000     .1841442    .6116899
        268  |    .112814   .1116785     1.01   0.314    -.1078521    .3334802
        269  |          0  (omitted)
        270  |  -.2619522   .1076476    -2.43   0.016    -.4746537   -.0492507
        271  |  -.3741096   .0983356    -3.80   0.000    -.5684114   -.1798078
        272  |   .2839174   .0623212     4.56   0.000     .1607766    .4070583
        273  |  -.0215128   .2353907    -0.09   0.927    -.4866227     .443597
        274  |   .0298707   .1066898     0.28   0.780    -.1809382    .2406797
        275  |  -.4836109   .1202305    -4.02   0.000     -.721175   -.2460469
        276  |    .135155   .0856257     1.58   0.117    -.0340332    .3043432
        277  |   .3508077   .1309146     2.68   0.008     .0921329    .6094825
        278  |   .1967958      .0633     3.11   0.002     .0717211    .3218706
        279  |          0  (omitted)
        280  |  -.2319543   .0536025    -4.33   0.000    -.3378678   -.1260409
        281  |  -.0492324   .1296945    -0.38   0.705    -.3054966    .2070317
        282  |  -.1114948   .0861283    -1.29   0.197    -.2816761    .0586864
        283  |  -.2877402    .066209    -4.35   0.000     -.418563   -.1569175
        284  |  -.0312908   .0663232    -0.47   0.638    -.1623391    .0997575
        285  |  -.1834154   .0351683    -5.22   0.000    -.2529045   -.1139262
        286  |  -.0590972   .0372397    -1.59   0.115    -.1326793    .0144849
        287  |  -.2063846   .0969204    -2.13   0.035    -.3978901   -.0148791
        288  |  -.0724083   .0390943    -1.85   0.066     -.149655    .0048384
        289  |          0  (omitted)
        290  |   .4979541   .5850876     0.85   0.396    -.6581236    1.654032
        291  |   .3064954   .4335977     0.71   0.481    -.5502527    1.163243
        292  |   .5690159   .5457892     1.04   0.299    -.5094119    1.647444
        293  |   .5766806   .4950072     1.16   0.246    -.4014067    1.554768
        294  |   .2404238    .337386     0.71   0.477    -.4262189    .9070666
        295  |   .2568031   .3787741     0.68   0.499    -.4916186    1.005225
        296  |   .5488836   .4141827     1.33   0.187    -.2695022    1.367269
        297  |   .3762743   .2243322     1.68   0.096    -.0669848    .8195335
        298  |   .3143395   .1840579     1.71   0.090    -.0493416    .6780206
        299  |   .5926214   .3054404     1.94   0.054    -.0108999    1.196143
        300  |          0  (omitted)
        301  |  -.0102009   .0826055    -0.12   0.902    -.1734216    .1530198
        302  |  -.1060949   .1086169    -0.98   0.330    -.3207115    .1085217
        303  |  -.2034351   .0416803    -4.88   0.000    -.2857915   -.1210787
        304  |  -.0920344   .0735154    -1.25   0.213    -.2372939     .053225
        305  |  -.3474012   .1591079    -2.18   0.031    -.6617833   -.0330192
        306  |  -.0874547   .1252156    -0.70   0.486    -.3348689    .1599594
        307  |  -.0325807   .1455993    -0.22   0.823    -.3202712    .2551098
        308  |  -.2083014   .1521564    -1.37   0.173     -.508948    .0923452
        309  |  -.0630306   .0586348    -1.07   0.284    -.1788874    .0528261
        310  |          0  (omitted)
        311  |  -.3106797   .1104897    -2.81   0.006    -.5289969   -.0923625
        312  |    .135155   .0703439     1.92   0.057    -.0038378    .2741479
        313  |   .1000349   .0547336     1.83   0.070    -.0081135    .2081832
        314  |    .227699   .0465328     4.89   0.000     .1357546    .3196433
        315  |  -.1540118   .1084915    -1.42   0.158    -.3683807     .060357
        316  |   .0317701    .032579     0.98   0.331    -.0326029     .096143
        317  |   .1669251   .0946003     1.76   0.080    -.0199961    .3538463
        318  |   .0710311   .0370224     1.92   0.057    -.0021217    .1441839
        319  |  -.0796307   .1462657    -0.54   0.587    -.3686378    .2093765
        320  |   .2226098   .0236962     9.39   0.000     .1757883    .2694312
        321  |          0  (omitted)
        322  |   .2829036   .0691915     4.09   0.000     .1461876    .4196195
        323  |  -.3602548   .1310175    -2.75   0.007     -.619133   -.1013766
        324  |  -.3174368   .1433191    -2.21   0.028    -.6006218   -.0342518
        325  |   .0585825   .1507679     0.39   0.698    -.2393206    .3564857
        326  |  -1.017627   .1760385    -5.78   0.000    -1.365462   -.6697912
        327  |   .3075424   .1385074     2.22   0.028     .0338649    .5812199
        328  |   .0643036   .0688197     0.93   0.352    -.0716777    .2002848
        329  |  -.0645366   .0858675    -0.75   0.453    -.2342027    .1051295
        330  |   .0157646   .0392977     0.40   0.689    -.0618839    .0934131
        331  |          0  (omitted)
        332  |  -.2379221   .2253697    -1.06   0.293    -.6832313    .2073871
        333  |   -.298696    .038738    -7.71   0.000    -.3752386   -.2221533
        334  |  -.5433524   .1849534    -2.94   0.004    -.9088028   -.1779019
        335  |  -.3730772   .1013571    -3.68   0.000    -.5733491   -.1728052
        336  |   1.38e-16   2.82e-09     0.00   1.000    -5.57e-09    5.57e-09
        337  |          0  (omitted)
        338  |   .3107232   .0797479     3.90   0.000      .153149    .4682974
        339  |  -.0106132   .0838213    -0.13   0.899    -.1762363    .1550098
        340  |  -.1360416   .0877977    -1.55   0.123    -.3095215    .0374382
        341  |  -.0138217   .0568272    -0.24   0.808    -.1261069    .0984635
        342  |   .0410398   .1012078     0.41   0.686    -.1589373    .2410169
        343  |   .0055406    .097536     0.06   0.955    -.1871813    .1982624
        344  |   .1546291   .0538386     2.87   0.005     .0482492     .261009
        345  |          0  (omitted)
        346  |   .1001951   .2687052     0.37   0.710    -.4307409    .6311312
        347  |   .3045633   .2689408     1.13   0.259    -.2268382    .8359649
        348  |  -.0513835   .1677281    -0.31   0.760    -.3827984    .2800314
        349  |   .0958941   .1352612     0.71   0.479    -.1713693    .3631574
        350  |          0  (omitted)
        351  |  -.2006275   .0671052    -2.99   0.003     -.333221   -.0680339
        352  |  -.2330702   .0256621    -9.08   0.000     -.283776   -.1823644
        353  |  -.1566834   .1085824    -1.44   0.151     -.371232    .0578653
        354  |  -.0184015    .054895    -0.34   0.738    -.1268689    .0900658
        355  |   .0179285   .0353562     0.51   0.613     -.051932     .087789
        356  |   .0408674   .0419079     0.98   0.331    -.0419387    .1236735
        357  |   .0698712   .0282193     2.48   0.014     .0141126    .1256298
        358  |   .0649754   .0698227     0.93   0.354    -.0729876    .2029385
        359  |          0  (omitted)
             |
       _cons |   2.287252   .0220297   103.83   0.000     2.243723     2.33078
------------------------------------------------------------------------------
(est2 stored)

. 
. esttab * using "$userdir/output/Table_S7.tex", fragment cells(b(fmt(%9.3f)) s
> e(par) ci(par)) stats(r2 N, fmt(%9.3f %9.0g) label(R-squared)) legend label r
> eplace
(output written to C:\GitHub\NutNetCausalinf/output/Table_S7.tex)

. est clear

. 
. psacalc beta l_rich, model(reg l_lmass l_rich i.plst_id i.styr_id, cluster(pl
> st_id)) delta(-0.1) rmax(1)

                 ---- Treatment Effect Estimate ----
             |     Estimate           Sq. difference      Bias changes
             |                      from controlled beta    direction
-------------+----------------------------------------------------------------
Beta         |      -0.19862                    .             
Alt. sol. 1  |             .                    .             
Alt. sol. 2  |             .                    .             
-------------+----------------------------------------------------------------

                 ---- Inputs from Regressions ----
             |      Coeff.            R-Squared
-------------+----------------------------------------------------------------
Uncontrolled |        0.06995         0.002
Controlled   |       -0.24177         0.867
-------------+----------------------------------------------------------------

                 ---- Other Inputs ----
-------------+----------------------------------------------------------------
R_max        |   1.000
Delta        |   -0.100
Unr. Controls|   
-------------+----------------------------------------------------------------

. 
. 
end of do-file

. 
. /////////////////////////////////////////////////////////////////////////////
> ///
> // Clean up
. 
. log close
      name:  <unnamed>
       log:  C:\GitHub\NutNetCausalinf/output/log/stata_results_d20230209.smcl
  log type:  smcl
 closed on:   9 Feb 2023, 16:21:55
-------------------------------------------------------------------------------
