-------------------------------------------------------------------------------
      name:  <unnamed>
       log:  C:\GitHub\NutNetCausalinf/output/log/stata_results_d20210223.smcl
  log type:  smcl
 opened on:  23 Feb 2021, 16:07:14

. 
. /////////////////////////////////////////////////////////////////////////////
> ///
> // Main Block
. 
. do              "$codedir/stata/final_processing.do"

. insheet using  "$datadir/processed/NutNetControlPlotData_v201804.csv", clear
(151 vars, 1,328 obs)

. 
. ** Check characteristics of data 
. destring total_mass live_mass simpson shan rich ground_par ppm_* ph avg_neigh
> bor_rich avgtrtneighrichwithinblock lagged_avg_neighbor_rich even initial_sit
> e_rich, i("NA") replace
total_mass: characters N A removed; replaced as double
(62 missing values generated)
live_mass: characters N A removed; replaced as double
(74 missing values generated)
simpson: characters N A removed; replaced as double
(2 missing values generated)
shan: characters N A removed; replaced as double
(2 missing values generated)
rich: characters N A removed; replaced as byte
(2 missing values generated)
ground_par: characters N A removed; replaced as double
(252 missing values generated)
ppm_p: characters N A removed; replaced as int
(319 missing values generated)
ppm_k: characters N A removed; replaced as int
(319 missing values generated)
ppm_ca: characters N A removed; replaced as int
(319 missing values generated)
ppm_mg: characters N A removed; replaced as int
(319 missing values generated)
ppm_s: characters N A removed; replaced as byte
(319 missing values generated)
ppm_na: characters N A removed; replaced as int
(319 missing values generated)
ppm_zn: characters N A removed; replaced as double
(319 missing values generated)
ppm_mn: characters N A removed; replaced as int
(319 missing values generated)
ppm_fe: characters N A removed; replaced as int
(319 missing values generated)
ppm_cu: characters N A removed; replaced as double
(319 missing values generated)
ppm_b: characters N A removed; replaced as double
(319 missing values generated)
ph: characters N A removed; replaced as double
(319 missing values generated)
avg_neighbor_rich: characters N A removed; replaced as double
(2 missing values generated)
avgtrtneighrichwithinblock: characters N A removed; replaced as double
(11 missing values generated)
lagged_avg_neighbor_rich: characters N A removed; replaced as double
(174 missing values generated)
even: characters N A removed; replaced as double
(2 missing values generated)
initial_site_rich: characters N A removed; replaced as byte
(24 missing values generated)

. count 
  1,328

. sum     live_mass rich

    Variable |        Obs        Mean    Std. Dev.       Min        Max
-------------+---------------------------------------------------------
   live_mass |      1,254    326.5658    270.6938      .0105   2170.956
        rich |      1,326    11.21569    5.584771          1         37

. tab     year

       year |      Freq.     Percent        Cum.
------------+-----------------------------------
       2007 |         91        6.85        6.85
       2008 |        116        8.73       15.59
       2009 |        131        9.86       25.45
       2010 |        140       10.54       35.99
       2011 |        147       11.07       47.06
       2012 |        162       12.20       59.26
       2013 |        144       10.84       70.11
       2014 |        129        9.71       79.82
       2015 |        121        9.11       88.93
       2016 |         99        7.45       96.39
       2017 |         48        3.61      100.00
------------+-----------------------------------
      Total |      1,328      100.00

. rename  year year_actual

. gen     year = year_actual - 2006

. bys plot site: egen yr_in_plot = count(total_mass)

. tab     yr_in_plot

 yr_in_plot |      Freq.     Percent        Cum.
------------+-----------------------------------
          1 |         37        2.79        2.79
          5 |         87        6.55        9.34
          6 |        108        8.13       17.47
          7 |        149       11.22       28.69
          8 |        307       23.12       51.81
          9 |        171       12.88       64.68
         10 |        161       12.12       76.81
         11 |        308       23.19      100.00
------------+-----------------------------------
      Total |      1,328      100.00

. drop if yr_in_plot<5
(37 observations deleted)

. tab     yr_in_plot

 yr_in_plot |      Freq.     Percent        Cum.
------------+-----------------------------------
          5 |         87        6.74        6.74
          6 |        108        8.37       15.10
          7 |        149       11.54       26.65
          8 |        307       23.78       50.43
          9 |        171       13.25       63.67
         10 |        161       12.47       76.14
         11 |        308       23.86      100.00
------------+-----------------------------------
      Total |      1,291      100.00

. 
. ** Prep data and variables 
. egen    plst_id         = group(site_code plot)

. egen    site_code2  = group(site_code)

. egen    styr_id         = group(site_code year)

. codebook site_code plot plst_id styr_id

-------------------------------------------------------------------------------
site_code                                                           (unlabeled)
-------------------------------------------------------------------------------

                  type:  string (str12)

         unique values:  43                       missing "":  0/1,291

              examples:  "cdpt.us"
                         "koffler.ca"
                         "rook.uk"
                         "sier.us"

-------------------------------------------------------------------------------
plot                                                                (unlabeled)
-------------------------------------------------------------------------------

                  type:  numeric (byte)

                 range:  [1,62]                       units:  1
         unique values:  44                       missing .:  0/1,291

                  mean:   18.2122
              std. dev:   12.4245

           percentiles:        10%       25%       50%       75%       90%
                                 3         9        17        25        36

-------------------------------------------------------------------------------
plst_id                                                   group(site_code plot)
-------------------------------------------------------------------------------

                  type:  numeric (float)

                 range:  [1,151]                      units:  1
         unique values:  151                      missing .:  0/1,291

                  mean:   76.2665
              std. dev:   43.6555

           percentiles:        10%       25%       50%       75%       90%
                                16        38        77       116       134

-------------------------------------------------------------------------------
styr_id                                                   group(site_code year)
-------------------------------------------------------------------------------

                  type:  numeric (float)

                 range:  [1,359]                      units:  1
         unique values:  359                      missing .:  0/1,291

                  mean:   181.624
              std. dev:   104.688

           percentiles:        10%       25%       50%       75%       90%
                                40        85       178       273       326

. 
. ** Remove duplicate rows
. duplicates report       plst_id year

Duplicates in terms of plst_id year

--------------------------------------
   copies | observations       surplus
----------+---------------------------
        1 |         1291             0
--------------------------------------

. duplicates tag          plst_id year, generate(duplicates)

Duplicates in terms of plst_id year

. tab     duplicates

 duplicates |      Freq.     Percent        Cum.
------------+-----------------------------------
          0 |      1,291      100.00      100.00
------------+-----------------------------------
      Total |      1,291      100.00

. list plst_id year year_trt rich live_mass if duplicates==1

. drop if duplicates==1 & year_trt==0
(0 observations deleted)

. 
. ** Set data as panel data
. xtset plst_id year
       panel variable:  plst_id (unbalanced)
        time variable:  year, 1 to 11
                delta:  1 unit

. 
. ** Create analysis variables
. gen     l_lmass         = ln(live_mass)
(58 missing values generated)

. gen     l_rich          = ln(rich)
(2 missing values generated)

. gen     l_nbrich        = ln(avg_neighbor_rich)
(2 missing values generated)

. gen             l_nbrichblock   = ln(avgtrtneighrichwithinblock)
(11 missing values generated)

. gen     l_simpson       = ln(simpson)
(2 missing values generated)

. gen             l_even          = ln(even)
(3 missing values generated)

. gen     l_ground_par=ln(ground_par)
(255 missing values generated)

. gen             ihs_even        = ln(even + sqrt(1+even^2))
(2 missing values generated)

. gen     rich2           = rich^2
(2 missing values generated)

. 
. ** some soil attributes need to be destringed for use as covariates
. destring pct_c pct_n percentsand percentsilt percentclay , gen(pct_c2 pct_n2 
> percentsand_2 percentsilt_2 percentclay_2 ) ignore("NA")
pct_c: characters N A removed; pct_c2 generated as double
(219 missing values generated)
pct_n: characters N A removed; pct_n2 generated as double
(219 missing values generated)
percentsand: characters N A removed; percentsand_2 generated as double
(515 missing values generated)
percentsilt: characters N A removed; percentsilt_2 generated as double
(515 missing values generated)
percentclay: characters N A removed; percentclay_2 generated as double
(515 missing values generated)

. 
. ** country and habitat need to be destringed for use as covariates
. encode country, gen(pais)

. encode habitat, gen(tierra)

. 
. ** SAVE OUTPUT
. 
. save    "$datadir/processed/NutNet_Prepped.dta", replace
file C:\GitHub\NutNetCausalinf/data/processed/NutNet_Prepped.dta saved

. outsheet using "$datadir/processed/NutNet_Prepped.csv", comma replace

. clear all

. 
. ** PROCESSING NOTES FROM PAUL AND CHRIS
. 
. /* We started with 1340 observations. 2 don’t have richness values. 
> ** 74 don’t have biomass values.  
> ** 37 observations were in the plot for fewer than 5 years
> ** (specifically, all have only 1 year in plot). 
> ** 16 of these 37 obs have no biomass (all have richness). 
> ** We also have 3 plots that have duplicate year entries, creating 24 obs
> ** where there should only be 12. We drop the duplicates – drop 12 
> ** (none of these duplicates are part of the 37 with fewer than 5 yrs). 
> ** 1,340 -> Drop 12 duplicates -> 1,328 -> Drop 37 with <5yr -> 1,291 -> 
> ** Two don’t have richness -> 1,289 - > 58 don’t have biomass values 
> ** (the other 16 without biomass values were dropped in earlier steps) -> 
> ** 1,231 observations in the main analysis. */
. 
. ** both live_mass and rich are right-skewed, thus a ln transform of both is
. ** preferred; yield more precise estimates & reduce the influence of outliers
. 
end of do-file

. 
. do              "$codedir/stata/analysis.do"

. use     "$datadir/processed/NutNet_Prepped.dta"

. 
. /////////////////////////////////////////////////////////////////////////////
> ///
> //
. ** Figure 2A and Table S2 (Main Design)
. //
. /////////////////////////////////////////////////////////////////////////////
> ///
> 
. 
. ** Headline results: Figure 2A and Table S2
. ** Notes: We keep singletons below slightly increases standard errors (at the
>  
. **              fourth decimal place). We keep singeltons to be conservative 
> and ease 
. **              exposition. There are singletons, which correspond to seven y
> ears of 
. **              data for a single plot at the pape.de site; when we include s
> ite-by-year 
. **              FEs this plot becomes a singleton because no other plots from
>  site are 
. **      in the data.
. ** Including l_even controls for log evenness, l_rich barely changes
. ** l_simpson is Simpson's diversity index
. 
. reghdfe l_lmass l_rich, keepsingletons absorb(plst_id styr_id) cluster(plst_i
> d)
WARNING: Singleton observations not dropped; statistical significance is biased
>  (link)
(MWFE estimator converged in 5 iterations)

HDFE Linear regression                            Number of obs   =      1,231
Absorbing 2 HDFE groups                           F(   1,    150) =       8.01
Statistics robust to heteroskedasticity           Prob > F        =     0.0053
                                                  R-squared       =     0.8675
                                                  Adj R-squared   =     0.7791
                                                  Within R-sq.    =     0.0128
Number of clusters (plst_id) =        151         Root MSE        =     0.4529

                              (Std. Err. adjusted for 151 clusters in plst_id)
------------------------------------------------------------------------------
             |               Robust
     l_lmass |      Coef.   Std. Err.      t    P>|t|     [95% Conf. Interval]
-------------+----------------------------------------------------------------
      l_rich |  -.2418294   .0854446    -2.83   0.005    -.4106599   -.0729989
       _cons |   5.996628   .1946824    30.80   0.000     5.611954    6.381302
------------------------------------------------------------------------------

Absorbed degrees of freedom:
-----------------------------------------------------+
 Absorbed FE | Categories  - Redundant  = Num. Coefs |
-------------+---------------------------------------|
     plst_id |       151         151           0    *|
     styr_id |       341           0         341     |
-----------------------------------------------------+
* = FE nested within cluster; treated as redundant for DoF computation

. reghdfe l_lmass l_rich ihs_even, keepsingletons  absorb(plst_id styr_id) clus
> ter(plst_id)
WARNING: Singleton observations not dropped; statistical significance is biased
>  (link)
(MWFE estimator converged in 5 iterations)

HDFE Linear regression                            Number of obs   =      1,231
Absorbing 2 HDFE groups                           F(   2,    150) =       4.37
Statistics robust to heteroskedasticity           Prob > F        =     0.0142
                                                  R-squared       =     0.8676
                                                  Adj R-squared   =     0.7791
                                                  Within R-sq.    =     0.0142
Number of clusters (plst_id) =        151         Root MSE        =     0.4528

                              (Std. Err. adjusted for 151 clusters in plst_id)
------------------------------------------------------------------------------
             |               Robust
     l_lmass |      Coef.   Std. Err.      t    P>|t|     [95% Conf. Interval]
-------------+----------------------------------------------------------------
      l_rich |  -.2237409   .0851426    -2.63   0.009    -.3919745   -.0555073
    ihs_even |  -.1865697   .2121507    -0.88   0.381    -.6057594    .2326201
       _cons |   6.071086   .2145751    28.29   0.000     5.647106    6.495066
------------------------------------------------------------------------------

Absorbed degrees of freedom:
-----------------------------------------------------+
 Absorbed FE | Categories  - Redundant  = Num. Coefs |
-------------+---------------------------------------|
     plst_id |       151         151           0    *|
     styr_id |       341           0         341     |
-----------------------------------------------------+
* = FE nested within cluster; treated as redundant for DoF computation

. reghdfe l_lmass l_simpson, keepsingletons absorb(plst_id styr_id) cluster(pls
> t_id)
WARNING: Singleton observations not dropped; statistical significance is biased
>  (link)
(MWFE estimator converged in 5 iterations)

HDFE Linear regression                            Number of obs   =      1,231
Absorbing 2 HDFE groups                           F(   1,    150) =       6.23
Statistics robust to heteroskedasticity           Prob > F        =     0.0137
                                                  R-squared       =     0.8672
                                                  Adj R-squared   =     0.7787
                                                  Within R-sq.    =     0.0111
Number of clusters (plst_id) =        151         Root MSE        =     0.4533

                              (Std. Err. adjusted for 151 clusters in plst_id)
------------------------------------------------------------------------------
             |               Robust
     l_lmass |      Coef.   Std. Err.      t    P>|t|     [95% Conf. Interval]
-------------+----------------------------------------------------------------
   l_simpson |   -.169327   .0678457    -2.50   0.014    -.3033838   -.0352703
       _cons |   5.656877   .0846425    66.83   0.000     5.489631    5.824122
------------------------------------------------------------------------------

Absorbed degrees of freedom:
-----------------------------------------------------+
 Absorbed FE | Categories  - Redundant  = Num. Coefs |
-------------+---------------------------------------|
     plst_id |       151         151           0    *|
     styr_id |       341           0         341     |
-----------------------------------------------------+
* = FE nested within cluster; treated as redundant for DoF computation

. 
. // ADDITIONAL SUPPORT //
. 
. ** Supporting: Drop singletons
. ** Inference is not affected by dropping singletons
. reghdfe l_lmass l_rich, absorb(plst_id styr_id) cluster(plst_id)
(dropped 7 singleton observations)
(MWFE estimator converged in 5 iterations)

HDFE Linear regression                            Number of obs   =      1,224
Absorbing 2 HDFE groups                           F(   1,    149) =       8.06
Statistics robust to heteroskedasticity           Prob > F        =     0.0052
                                                  R-squared       =     0.8658
                                                  Adj R-squared   =     0.7780
                                                  Within R-sq.    =     0.0128
Number of clusters (plst_id) =        150         Root MSE        =     0.4526

                              (Std. Err. adjusted for 150 clusters in plst_id)
------------------------------------------------------------------------------
             |               Robust
     l_lmass |      Coef.   Std. Err.      t    P>|t|     [95% Conf. Interval]
-------------+----------------------------------------------------------------
      l_rich |  -.2418294    .085203    -2.84   0.005    -.4101918   -.0734671
       _cons |       5.99   .1945119    30.80   0.000     5.605642    6.374358
------------------------------------------------------------------------------

Absorbed degrees of freedom:
-----------------------------------------------------+
 Absorbed FE | Categories  - Redundant  = Num. Coefs |
-------------+---------------------------------------|
     plst_id |       150         150           0    *|
     styr_id |       334           0         334     |
-----------------------------------------------------+
* = FE nested within cluster; treated as redundant for DoF computation

. 
. ** Supporting: Cluster at site
. ** Confirms that inference is robust to clustering SEs at the site level, 
. **              acknowledging that we do not have a lot of sites. Worth repor
> ting.
. reghdfe l_lmass l_rich, keepsingletons absorb(plst_id styr_id) cluster(site_c
> ode2)
WARNING: Singleton observations not dropped; statistical significance is biased
>  (link)
(MWFE estimator converged in 5 iterations)

HDFE Linear regression                            Number of obs   =      1,231
Absorbing 2 HDFE groups                           F(   1,     42) =       7.36
Statistics robust to heteroskedasticity           Prob > F        =     0.0096
                                                  R-squared       =     0.8675
                                                  Adj R-squared   =     0.7791
                                                  Within R-sq.    =     0.0128
Number of clusters (site_code2) =         43      Root MSE        =     0.4529

                            (Std. Err. adjusted for 43 clusters in site_code2)
------------------------------------------------------------------------------
             |               Robust
     l_lmass |      Coef.   Std. Err.      t    P>|t|     [95% Conf. Interval]
-------------+----------------------------------------------------------------
      l_rich |  -.2418294   .0891651    -2.71   0.010     -.421772   -.0618869
       _cons |   5.996628   .2031594    29.52   0.000     5.586636    6.406621
------------------------------------------------------------------------------

Absorbed degrees of freedom:
-----------------------------------------------------+
 Absorbed FE | Categories  - Redundant  = Num. Coefs |
-------------+---------------------------------------|
     plst_id |       151         151           0    *|
     styr_id |       341         341           0    *|
-----------------------------------------------------+
* = FE nested within cluster; treated as redundant for DoF computation

. 
. 
. /////////////////////////////////////////////////////////////////////////////
> ///
> //
. ** Figure 2B: Bivariate and Traditional Multi-variate Approaches
. //
. /////////////////////////////////////////////////////////////////////////////
> ///
> 
. local control_vars i.pais i.tierra i.year elevation managed burned grazed ant
> hropogenic ///
>                                         temp_var_v2  min_temp_v2 max_temp_v2 
> temp_wet_q_v2 temp_dry_q_v2 temp_warm_q_v2 ///
>                                         temp_cold_q_v2 pct_c2 pct_n2 ppm_p pp
> m_k ppm_ca ppm_mg ppm_s ppm_na ppm_zn ///
>                                         ppm_mn ppm_fe ppm_cu ppm_b ph percent
> sand_2 percentsilt_2 percentclay_2 

. 
. xtmixed l_lmass l_rich `control_vars' || site_code2: || plst_id:, vce(robust)
note: 10.tierra omitted because of collinearity
note: anthropogenic omitted because of collinearity

Performing EM optimization: 

Performing gradient-based optimization: 

Iteration 0:   log pseudolikelihood = -728.68647  
Iteration 1:   log pseudolikelihood = -725.86649  
Iteration 2:   log pseudolikelihood = -725.63007  
Iteration 3:   log pseudolikelihood = -725.62796  
Iteration 4:   log pseudolikelihood = -725.62796  

Computing standard errors:

Mixed-effects regression                        Number of obs     =        675

-------------------------------------------------------------
                |     No. of       Observations per Group
 Group Variable |     Groups    Minimum    Average    Maximum
----------------+--------------------------------------------
     site_code2 |         28          7       24.1         60
        plst_id |         82          5        8.2         11
-------------------------------------------------------------

                                                Wald chi2(27)     =          .
Log pseudolikelihood = -725.62796               Prob > chi2       =          .

                                   (Std. Err. adjusted for 28 clusters in site_
> code2)
-------------------------------------------------------------------------------
------
                    |               Robust
            l_lmass |      Coef.   Std. Err.      z    P>|z|     [95% Conf. Int
> erval]
--------------------+----------------------------------------------------------
------
             l_rich |   .3792555   .1909606     1.99   0.047     .0049797    .7
> 535313
                    |
               pais |
                CA  |   14.99055   6.354817     2.36   0.018     2.535342    27
> .44577
                CH  |   11.77419   3.339474     3.53   0.000      5.22894    18
> .31944
                DE  |   12.66265    7.28861     1.74   0.082    -1.622763    26
> .94806
                TZ  |    1.47228    7.22068     0.20   0.838    -12.67999    15
> .62455
                UK  |   10.13444   6.795737     1.49   0.136     -3.18496    23
> .45384
                US  |   11.16888   7.879042     1.42   0.156    -4.273754    26
> .61152
                    |
             tierra |
  annual grassland  |   9.687687   7.654968     1.27   0.206    -5.315773    24
> .69115
  desert grassland  |  -.3765982   4.744964    -0.08   0.937    -9.676558    8.
> 923361
   mesic grassland  |   8.872761   4.575168     1.94   0.052     -.094403    17
> .83992
 montane grassland  |   -2.59986   1.960917    -1.33   0.185    -6.443187    1.
> 243467
         old field  |   7.057867   6.336862     1.11   0.265    -5.362154    19
> .47789
           pasture  |   .1618745   3.898956     0.04   0.967    -7.479939    7.
> 803689
           savanna  |          0  (omitted)
semiarid grassland  |   13.74411   13.18785     1.04   0.297     -12.1036    39
> .59181
shortgrass prairie  |   6.933653   5.312019     1.31   0.192    -3.477713    17
> .34502
      shrub steppe  |  -3.086889   1.315279    -2.35   0.019    -5.664788   -.5
> 089886
 tallgrass prairie  |   6.975024   6.286552     1.11   0.267    -5.346392    19
> .29644
                    |
               year |
                 2  |   .0509527   .1342547     0.38   0.704    -.2121816     .
> 314087
                 3  |  -.0245272   .2738956    -0.09   0.929    -.5613527    .5
> 122984
                 4  |   .2506908    .158125     1.59   0.113    -.0592285    .5
> 606101
                 5  |   .0824884   .1875225     0.44   0.660     -.285049    .4
> 500257
                 6  |  -.0375756   .1445186    -0.26   0.795    -.3208269    .2
> 456756
                 7  |   .2007539   .1082511     1.85   0.064    -.0114144    .4
> 129223
                 8  |  -.0137634   .2044578    -0.07   0.946    -.4144933    .3
> 869665
                 9  |  -.1006103    .253932    -0.40   0.692    -.5983079    .3
> 970873
                10  |   .4982199   .1812426     2.75   0.006      .142991    .8
> 534489
                11  |   .4395787   .1298018     3.39   0.001     .1851718    .6
> 939856
                    |
          elevation |   .0113795   .0065974     1.72   0.085    -.0015512    .0
> 243101
            managed |   -5.27416    3.19411    -1.65   0.099     -11.5345    .9
> 861807
             burned |  -1.170978   1.020842    -1.15   0.251    -3.171792    .8
> 298355
             grazed |   5.445012   3.519313     1.55   0.122    -1.452715    12
> .34274
      anthropogenic |          0  (omitted)
        temp_var_v2 |   -.383507   .1446103    -2.65   0.008    -.6669379   -.1
> 000761
        min_temp_v2 |  -.8373512   .8169269    -1.03   0.305    -2.438498    .7
> 637962
        max_temp_v2 |  -3.194121   1.145741    -2.79   0.005    -5.439732     -
> .94851
      temp_wet_q_v2 |   .1988436    .101994     1.95   0.051     -.001061    .3
> 987482
      temp_dry_q_v2 |   .4296542   .2496581     1.72   0.085    -.0596666    .9
> 189751
     temp_warm_q_v2 |   19.15384   7.202164     2.66   0.008      5.03786    33
> .26982
     temp_cold_q_v2 |  -14.88491   6.927368    -2.15   0.032    -28.46231   -1.
> 307523
             pct_c2 |  -.1634285   .0681903    -2.40   0.017    -.2970791   -.0
> 297779
             pct_n2 |   3.762984   1.196473     3.15   0.002      1.41794    6.
> 108028
              ppm_p |   .0110186   .0060177     1.83   0.067    -.0007759    .0
> 228131
              ppm_k |   .0009889   .0002926     3.38   0.001     .0004154    .0
> 015623
             ppm_ca |   .0000826   .0000613     1.35   0.178    -.0000375    .0
> 002027
             ppm_mg |  -.0015232   .0003654    -4.17   0.000    -.0022393   -.0
> 008071
              ppm_s |  -.0137877   .0077095    -1.79   0.074     -.028898    .0
> 013227
             ppm_na |   .0012468   .0007274     1.71   0.087    -.0001788    .0
> 026725
             ppm_zn |  -.0080712   .0264538    -0.31   0.760    -.0599196    .0
> 437772
             ppm_mn |   .0002342   .0018024     0.13   0.897    -.0032985    .0
> 037669
             ppm_fe |  -.0027326    .001586    -1.72   0.085    -.0058411    .0
> 003758
             ppm_cu |   .0995997   .0516441     1.93   0.054    -.0016208    .2
> 008203
              ppm_b |  -.3115199   .1807045    -1.72   0.085    -.6656943    .0
> 426545
                 ph |  -.1966372   .2220746    -0.89   0.376    -.6318954    .2
> 386209
      percentsand_2 |   .4261968   .7445401     0.57   0.567    -1.033075    1.
> 885469
      percentsilt_2 |   .4173405    .747138     0.56   0.576    -1.047023    1.
> 881704
      percentclay_2 |   .4162243   .7392582     0.56   0.573    -1.032695    1.
> 865144
              _cons |  -57.76952   73.72949    -0.78   0.433    -202.2767    86
> .73762
-------------------------------------------------------------------------------
------

------------------------------------------------------------------------------
                             |               Robust           
  Random-effects Parameters  |   Estimate   Std. Err.     [95% Conf. Interval]
-----------------------------+------------------------------------------------
site_code2: Identity         |
                   sd(_cons) |   2.57e-11          .             .           .
-----------------------------+------------------------------------------------
plst_id: Identity            |
                   sd(_cons) |   4.75e-11   3.15e-09      1.53e-67    1.48e+46
-----------------------------+------------------------------------------------
                sd(Residual) |   .7089756    .100288      .5373098    .9354871
------------------------------------------------------------------------------

. xtmixed l_lmass l_rich ihs_even `control_vars' || site_code2: || plst_id:, vc
> e(robust)
note: 10.tierra omitted because of collinearity
note: anthropogenic omitted because of collinearity

Performing EM optimization: 

Performing gradient-based optimization: 

Iteration 0:   log pseudolikelihood = -727.51131  
Iteration 1:   log pseudolikelihood = -724.60345  
Iteration 2:   log pseudolikelihood = -724.46113  
Iteration 3:   log pseudolikelihood = -724.46107  

Computing standard errors:

Mixed-effects regression                        Number of obs     =        675

-------------------------------------------------------------
                |     No. of       Observations per Group
 Group Variable |     Groups    Minimum    Average    Maximum
----------------+--------------------------------------------
     site_code2 |         28          7       24.1         60
        plst_id |         82          5        8.2         11
-------------------------------------------------------------

                                                Wald chi2(27)     =          .
Log pseudolikelihood = -724.46107               Prob > chi2       =          .

                                   (Std. Err. adjusted for 28 clusters in site_
> code2)
-------------------------------------------------------------------------------
------
                    |               Robust
            l_lmass |      Coef.   Std. Err.      z    P>|z|     [95% Conf. Int
> erval]
--------------------+----------------------------------------------------------
------
             l_rich |    .404343   .2122879     1.90   0.057    -.0117337    .8
> 204197
           ihs_even |  -.3991784   .4862437    -0.82   0.412    -1.352199    .5
> 538418
                    |
               pais |
                CA  |   16.47405   6.998674     2.35   0.019     2.756896    30
> .19119
                CH  |   12.87999   3.922292     3.28   0.001     5.192441    20
> .56754
                DE  |     14.289   8.011945     1.78   0.075    -1.414124    29
> .99212
                TZ  |   3.094502   7.998372     0.39   0.699    -12.58202    18
> .77102
                UK  |    11.8226   7.553692     1.57   0.118    -2.982361    26
> .62757
                US  |   12.98733   8.659234     1.50   0.134    -3.984455    29
> .95912
                    |
             tierra |
  annual grassland  |   11.44269   8.623654     1.33   0.185    -5.459358    28
> .34475
  desert grassland  |   .7408665   5.353119     0.14   0.890    -9.751054    11
> .23279
   mesic grassland  |   10.00302   5.147683     1.94   0.052    -.0862556    20
> .09229
 montane grassland  |  -2.792009   2.001882    -1.39   0.163    -6.715626    1.
> 131608
         old field  |    8.48041    7.12501     1.19   0.234    -5.484353    22
> .44517
           pasture  |   .7838234   4.165133     0.19   0.851    -7.379686    8.
> 947333
           savanna  |          0  (omitted)
semiarid grassland  |   16.66301   14.65957     1.14   0.256    -12.06922    45
> .39525
shortgrass prairie  |   8.240401   5.984051     1.38   0.168    -3.488124    19
> .96893
      shrub steppe  |  -3.122933   1.328749    -2.35   0.019    -5.727233   -.5
> 186323
 tallgrass prairie  |   8.248237    7.01066     1.18   0.239    -5.492404    21
> .98888
                    |
               year |
                 2  |   .0485713   .1317197     0.37   0.712    -.2095945    .3
> 067371
                 3  |  -.0405832   .2694718    -0.15   0.880    -.5687382    .4
> 875718
                 4  |   .2525034   .1523746     1.66   0.097    -.0461453    .5
> 511521
                 5  |   .0853572   .1851863     0.46   0.645    -.2776013    .4
> 483157
                 6  |  -.0338777   .1427585    -0.24   0.812    -.3136792    .2
> 459238
                 7  |   .2063623   .1081271     1.91   0.056    -.0055629    .4
> 182875
                 8  |  -.0043574   .1948058    -0.02   0.982    -.3861698    .3
> 774549
                 9  |  -.0836505   .2539168    -0.33   0.742    -.5813183    .4
> 140173
                10  |    .502693   .1788993     2.81   0.005     .1520569    .8
> 533291
                11  |   .4515888   .1282528     3.52   0.000     .2002181    .7
> 029596
                    |
          elevation |   .0129521   .0073642     1.76   0.079    -.0014814    .0
> 273857
            managed |  -6.017429   3.538037    -1.70   0.089    -12.95186    .9
> 169968
             burned |  -1.411553   1.198225    -1.18   0.239    -3.760031    .9
> 369255
             grazed |    6.15398   3.896419     1.58   0.114    -1.482861    13
> .79082
      anthropogenic |          0  (omitted)
        temp_var_v2 |  -.4239697   .1652965    -2.56   0.010    -.7479448   -.0
> 999946
        min_temp_v2 |  -.6922577    .895964    -0.77   0.440    -2.448315    1.
> 063799
        max_temp_v2 |  -3.533381   1.282431    -2.76   0.006      -6.0469   -1.
> 019862
      temp_wet_q_v2 |   .2080977   .1000728     2.08   0.038     .0119586    .4
> 042367
      temp_dry_q_v2 |   .4906959   .2736475     1.79   0.073    -.0456433    1.
> 027035
     temp_warm_q_v2 |   21.20937   8.234125     2.58   0.010     5.070782    37
> .34796
     temp_cold_q_v2 |  -16.75065   7.889511    -2.12   0.034    -32.21381   -1.
> 287496
             pct_c2 |  -.1737116    .067813    -2.56   0.010    -.3066226   -.0
> 408007
             pct_n2 |   3.860452   1.209993     3.19   0.001     1.488909    6.
> 231994
              ppm_p |   .0116622   .0063442     1.84   0.066    -.0007723    .0
> 240967
              ppm_k |   .0009799   .0002938     3.33   0.001      .000404    .0
> 015558
             ppm_ca |    .000108   .0000597     1.81   0.071    -9.06e-06    .0
> 002251
             ppm_mg |  -.0014822   .0003396    -4.36   0.000    -.0021479   -.0
> 008166
              ppm_s |  -.0152196   .0080025    -1.90   0.057    -.0309042     .
> 000465
             ppm_na |   .0015114   .0006873     2.20   0.028     .0001643    .0
> 028584
             ppm_zn |  -.0089639    .026168    -0.34   0.732    -.0602522    .0
> 423243
             ppm_mn |   .0003508   .0016451     0.21   0.831    -.0028734    .0
> 035751
             ppm_fe |  -.0027604   .0016629    -1.66   0.097    -.0060195    .0
> 004988
             ppm_cu |   .0922788   .0490586     1.88   0.060    -.0038744    .1
> 884319
              ppm_b |  -.3461044   .1832363    -1.89   0.059    -.7052408    .0
> 130321
                 ph |   -.215423   .2151198    -1.00   0.317    -.6370501     .
> 206204
      percentsand_2 |   .2977937    .757753     0.39   0.694    -1.187375    1.
> 782962
      percentsilt_2 |   .2876284   .7606776     0.38   0.705    -1.203272    1.
> 778529
      percentclay_2 |   .2849689   .7531549     0.38   0.705    -1.191187    1.
> 761125
              _cons |  -46.74716   74.49632    -0.63   0.530    -192.7573    99
> .26294
-------------------------------------------------------------------------------
------

------------------------------------------------------------------------------
                             |               Robust           
  Random-effects Parameters  |   Estimate   Std. Err.     [95% Conf. Interval]
-----------------------------+------------------------------------------------
site_code2: Identity         |
                   sd(_cons) |   2.88e-09   1.18e-06             0           .
-----------------------------+------------------------------------------------
plst_id: Identity            |
                   sd(_cons) |   2.90e-10   2.38e-08      3.40e-80    2.47e+60
-----------------------------+------------------------------------------------
                sd(Residual) |    .707751   2.010316      .0027046    185.2071
------------------------------------------------------------------------------

. xtmixed l_lmass l_simpson `control_vars' || site_code2: || plst_id:, vce(robu
> st)
note: 10.tierra omitted because of collinearity
note: anthropogenic omitted because of collinearity

Performing EM optimization: 

Performing gradient-based optimization: 

Iteration 0:   log pseudolikelihood = -736.41922  
Iteration 1:   log pseudolikelihood = -733.60269  
Iteration 2:   log pseudolikelihood = -733.35102  
Iteration 3:   log pseudolikelihood =  -733.3508  
Iteration 4:   log pseudolikelihood =  -733.3508  

Computing standard errors:

Mixed-effects regression                        Number of obs     =        675

-------------------------------------------------------------
                |     No. of       Observations per Group
 Group Variable |     Groups    Minimum    Average    Maximum
----------------+--------------------------------------------
     site_code2 |         28          7       24.1         60
        plst_id |         82          5        8.2         11
-------------------------------------------------------------

                                                Wald chi2(27)     =          .
Log pseudolikelihood =  -733.3508               Prob > chi2       =          .

                                   (Std. Err. adjusted for 28 clusters in site_
> code2)
-------------------------------------------------------------------------------
------
                    |               Robust
            l_lmass |      Coef.   Std. Err.      z    P>|z|     [95% Conf. Int
> erval]
--------------------+----------------------------------------------------------
------
          l_simpson |   .0746331   .0817398     0.91   0.361    -.0855739    .2
> 348401
                    |
               pais |
                CA  |   14.85548   6.211524     2.39   0.017      2.68112    27
> .02985
                CH  |   12.26424   3.253607     3.77   0.000      5.88729    18
> .64119
                DE  |   13.27463   7.134027     1.86   0.063    -.7078084    27
> .25706
                TZ  |   2.168642   7.351146     0.30   0.768    -12.23934    16
> .57662
                UK  |   10.02446   6.634024     1.51   0.131    -2.977984    23
> .02691
                US  |   12.07496   7.932166     1.52   0.128    -3.471796    27
> .62172
                    |
             tierra |
  annual grassland  |   8.977895   7.533766     1.19   0.233    -5.788014     2
> 3.7438
  desert grassland  |   -.717645   4.725821    -0.15   0.879    -9.980084    8.
> 544794
   mesic grassland  |   8.313769   4.533934     1.83   0.067    -.5725772    17
> .20012
 montane grassland  |   -3.90077   2.087169    -1.87   0.062    -7.991546    .1
> 900061
         old field  |   7.300084   6.389116     1.14   0.253    -5.222352    19
> .82252
           pasture  |   -.151683   4.042714    -0.04   0.970    -8.075257    7.
> 771891
           savanna  |          0  (omitted)
semiarid grassland  |   14.52747   13.22887     1.10   0.272    -11.40065    40
> .45558
shortgrass prairie  |   6.771127   5.323104     1.27   0.203    -3.661964    17
> .20422
      shrub steppe  |  -3.512696   1.291446    -2.72   0.007    -6.043883   -.9
> 815079
 tallgrass prairie  |   7.379937   6.393382     1.15   0.248    -5.150861    19
> .91073
                    |
               year |
                 2  |   .0323708   .1444057     0.22   0.823    -.2506591    .3
> 154008
                 3  |  -.0329839   .2849242    -0.12   0.908    -.5914251    .5
> 254574
                 4  |   .2534421   .1644823     1.54   0.123    -.0689372    .5
> 758214
                 5  |   .0370637   .1945718     0.19   0.849    -.3442901    .4
> 184175
                 6  |  -.0583753   .1445027    -0.40   0.686    -.3415953    .2
> 248448
                 7  |   .1794145   .1115532     1.61   0.108    -.0392258    .3
> 980549
                 8  |  -.0823078   .2409109    -0.34   0.733    -.5544844    .3
> 898689
                 9  |  -.1302126   .2465974    -0.53   0.597    -.6135346    .3
> 531095
                10  |   .4976047   .1801031     2.76   0.006     .1446092    .8
> 506002
                11  |    .394552    .130652     3.02   0.003     .1384787    .6
> 506252
                    |
          elevation |    .011619   .0065646     1.77   0.077    -.0012473    .0
> 244853
            managed |  -5.894716   3.268412    -1.80   0.071    -12.30069    .5
> 112544
             burned |  -1.377868   1.019854    -1.35   0.177    -3.376745     .
> 621008
             grazed |   7.044079   3.749351     1.88   0.060    -.3045135    14
> .39267
      anthropogenic |          0  (omitted)
        temp_var_v2 |   -.380697   .1404394    -2.71   0.007    -.6559531   -.1
> 054409
        min_temp_v2 |  -.7650605   .8166559    -0.94   0.349    -2.365677    .8
> 355558
        max_temp_v2 |  -3.099273   1.104583    -2.81   0.005    -5.264216   -.9
> 343288
      temp_wet_q_v2 |   .1282223   .1089201     1.18   0.239    -.0852571    .3
> 417017
      temp_dry_q_v2 |   .4255238   .2484539     1.71   0.087    -.0614369    .9
> 124845
     temp_warm_q_v2 |   18.97487   6.972635     2.72   0.007     5.308758    32
> .64098
     temp_cold_q_v2 |  -14.82031   6.752105    -2.19   0.028     -28.0542    -1
> .58643
             pct_c2 |  -.1469558   .0807672    -1.82   0.069    -.3052566     .
> 011345
             pct_n2 |   3.611677   1.448193     2.49   0.013     .7732714    6.
> 450082
              ppm_p |   .0100606   .0065005     1.55   0.122    -.0026801    .0
> 228014
              ppm_k |   .0007805    .000267     2.92   0.003     .0002573    .0
> 013037
             ppm_ca |   .0000698   .0000666     1.05   0.295    -.0000608    .0
> 002004
             ppm_mg |   -.001553   .0003739    -4.15   0.000    -.0022859   -.0
> 008201
              ppm_s |   -.015301   .0095923    -1.60   0.111    -.0341015    .0
> 034995
             ppm_na |   .0013529   .0007481     1.81   0.071    -.0001134    .0
> 028192
             ppm_zn |   .0065029   .0251631     0.26   0.796    -.0428159    .0
> 558217
             ppm_mn |  -.0007618   .0019696    -0.39   0.699    -.0046222    .0
> 030985
             ppm_fe |  -.0030188   .0016394    -1.84   0.066    -.0062318    .0
> 001943
             ppm_cu |   .0775474   .0475347     1.63   0.103    -.0156189    .1
> 707137
              ppm_b |  -.3730225   .1872172    -1.99   0.046    -.7399614   -.0
> 060835
                 ph |  -.1529235   .2361464    -0.65   0.517     -.615762     .
> 309915
      percentsand_2 |  -.1613083   .7626707    -0.21   0.832    -1.656115    1.
> 333499
      percentsilt_2 |  -.1751761   .7657971    -0.23   0.819    -1.676111    1.
> 325759
      percentclay_2 |  -.1730706   .7575082    -0.23   0.819    -1.657759    1.
> 311618
              _cons |   1.432047    73.5134     0.02   0.984    -142.6516    14
> 5.5157
-------------------------------------------------------------------------------
------

------------------------------------------------------------------------------
                             |               Robust           
  Random-effects Parameters  |   Estimate   Std. Err.     [95% Conf. Interval]
-----------------------------+------------------------------------------------
site_code2: Identity         |
                   sd(_cons) |   7.90e-09          .             .           .
-----------------------------+------------------------------------------------
plst_id: Identity            |
                   sd(_cons) |   2.97e-09   1.29e-07      3.05e-46    2.89e+28
-----------------------------+------------------------------------------------
                sd(Residual) |   .7171338   .1051293       .538043    .9558359
------------------------------------------------------------------------------

. 
. ** Possible to Replication with <lmer> in R? 
. 
. // ADDITIONAL SUPPORT //
. 
. ** NOTE: to compare with the FEs and random effects methods we 
. **   re-run FE estimation but only for subsample that has values for covariat
> es
. **   the estimated effect is still negative, indicating that the positive val
> ue 
. **   we obtained above is not a function of difference in sample composition 
> after
. **   dropping obs, but rather a function of the identification strategy
. reghdfe l_lmass l_rich if elevation~=. & managed~=. & burned~=. & grazed~=. &
>  ///
>                                                         anthropogenic~=. &  t
> emp_var_v2~=. &   min_temp_v2~=. & ///
>                                                         max_temp_v2~=. &  tem
> p_wet_q_v2~=. &  temp_dry_q_v2~=. & ///
>                                                         temp_warm_q_v2~=. &  
> temp_cold_q_v2~=. &  pct_c2~=. &  ///
>                                                         pct_n2~=. &  ppm_p~=.
>  &  ppm_k~=. &  ppm_ca~=. & ///
>                                                         ppm_mg~=. &  ppm_s~=.
>  &  ppm_na~=. &  ppm_zn~=. & ///
>                                                         ppm_mn~=. &  ppm_fe~=
> . &  ppm_cu~=. &  ppm_b~=. & ///
>                                                         ph~=. & percentsand_2
> ~=. &  percentsilt_2~=. &  percentclay_2~=., ///
>                                                 keepsingletons  absorb(plst_i
> d styr_id) cluster(plst_id)
WARNING: Singleton observations not dropped; statistical significance is biased
>  (link)
(MWFE estimator converged in 4 iterations)

HDFE Linear regression                            Number of obs   =        675
Absorbing 2 HDFE groups                           F(   1,     81) =       3.73
Statistics robust to heteroskedasticity           Prob > F        =     0.0569
                                                  R-squared       =     0.8793
                                                  Adj R-squared   =     0.7759
                                                  Within R-sq.    =     0.0164
Number of clusters (plst_id) =         82         Root MSE        =     0.4994

                               (Std. Err. adjusted for 82 clusters in plst_id)
------------------------------------------------------------------------------
             |               Robust
     l_lmass |      Coef.   Std. Err.      t    P>|t|     [95% Conf. Interval]
-------------+----------------------------------------------------------------
      l_rich |  -.3109378   .1609454    -1.93   0.057    -.6311686     .009293
       _cons |   6.017314   .3565913    16.87   0.000     5.307809    6.726819
------------------------------------------------------------------------------

Absorbed degrees of freedom:
-----------------------------------------------------+
 Absorbed FE | Categories  - Redundant  = Num. Coefs |
-------------+---------------------------------------|
     plst_id |        82          82           0    *|
     styr_id |       229           0         229     |
-----------------------------------------------------+
* = FE nested within cluster; treated as redundant for DoF computation

. 
. 
. /////////////////////////////////////////////////////////////////////////////
> ///
> //
. ** Figure 3: Robustness across various designs
. //
. /////////////////////////////////////////////////////////////////////////////
> ///
> 
. 
. ** Main Study Design
. reghdfe l_lmass l_rich, keepsingletons absorb(plst_id styr_id) cluster(plst_i
> d)
WARNING: Singleton observations not dropped; statistical significance is biased
>  (link)
(MWFE estimator converged in 5 iterations)

HDFE Linear regression                            Number of obs   =      1,231
Absorbing 2 HDFE groups                           F(   1,    150) =       8.01
Statistics robust to heteroskedasticity           Prob > F        =     0.0053
                                                  R-squared       =     0.8675
                                                  Adj R-squared   =     0.7791
                                                  Within R-sq.    =     0.0128
Number of clusters (plst_id) =        151         Root MSE        =     0.4529

                              (Std. Err. adjusted for 151 clusters in plst_id)
------------------------------------------------------------------------------
             |               Robust
     l_lmass |      Coef.   Std. Err.      t    P>|t|     [95% Conf. Interval]
-------------+----------------------------------------------------------------
      l_rich |  -.2418294   .0854446    -2.83   0.005    -.4106599   -.0729989
       _cons |   5.996628   .1946824    30.80   0.000     5.611954    6.381302
------------------------------------------------------------------------------

Absorbed degrees of freedom:
-----------------------------------------------------+
 Absorbed FE | Categories  - Redundant  = Num. Coefs |
-------------+---------------------------------------|
     plst_id |       151         151           0    *|
     styr_id |       341           0         341     |
-----------------------------------------------------+
* = FE nested within cluster; treated as redundant for DoF computation

. 
. ** Dynamic Panel Design Lagged Dependent Variable
. reghdfe l_lmass l_rich L.l_lmass, keepsingletons absorb(styr_id) cluster(plst
> _id)
WARNING: Singleton observations not dropped; statistical significance is biased
>  (link)
(MWFE estimator converged in 1 iterations)

HDFE Linear regression                            Number of obs   =      1,063
Absorbing 1 HDFE group                            F(   2,    150) =       8.19
Statistics robust to heteroskedasticity           Prob > F        =     0.0004
                                                  R-squared       =     0.8333
                                                  Adj R-squared   =     0.7695
                                                  Within R-sq.    =     0.0272
Number of clusters (plst_id) =        151         Root MSE        =     0.4735

                              (Std. Err. adjusted for 151 clusters in plst_id)
------------------------------------------------------------------------------
             |               Robust
     l_lmass |      Coef.   Std. Err.      t    P>|t|     [95% Conf. Interval]
-------------+----------------------------------------------------------------
      l_rich |  -.1330352     .07894    -1.69   0.094    -.2890132    .0229427
             |
     l_lmass |
         L1. |   .1369348   .0378409     3.62   0.000     .0621648    .2117049
             |
       _cons |   5.014611   .2734263    18.34   0.000     4.474347    5.554876
------------------------------------------------------------------------------

Absorbed degrees of freedom:
-----------------------------------------------------+
 Absorbed FE | Categories  - Redundant  = Num. Coefs |
-------------+---------------------------------------|
     styr_id |       293           0         293     |
-----------------------------------------------------+

. 
. ** Sensitivity Test (note: no standard errors)
. psacalc beta l_rich, model(reg l_lmass l_rich i.plst_id i.styr_id, cluster(pl
> st_id)) delta(-0.1) rmax(1)

                 ---- Treatment Effect Estimate ----
             |     Estimate           Sq. difference      Bias changes
             |                      from controlled beta    direction
-------------+----------------------------------------------------------------
Beta         |      -0.19962                    .             
Alt. sol. 1  |             .                    .             
Alt. sol. 2  |             .                    .             
-------------+----------------------------------------------------------------

                 ---- Inputs from Regressions ----
             |      Coeff.            R-Squared
-------------+----------------------------------------------------------------
Uncontrolled |        0.06469         0.001
Controlled   |       -0.24183         0.867
-------------+----------------------------------------------------------------

                 ---- Other Inputs ----
-------------+----------------------------------------------------------------
R_max        |   1.000
Delta        |   -0.100
Unr. Controls|   
-------------+----------------------------------------------------------------

. 
. ** Mechanism Blocking Design
. reghdfe l_lmass l_rich ihs_even l_ground_par , keepsingletons  absorb(plst_id
>  styr_id) cluster(plst_id)
WARNING: Singleton observations not dropped; statistical significance is biased
>  (link)
(MWFE estimator converged in 6 iterations)

HDFE Linear regression                            Number of obs   =      1,008
Absorbing 2 HDFE groups                           F(   3,    144) =       4.19
Statistics robust to heteroskedasticity           Prob > F        =     0.0071
                                                  R-squared       =     0.8562
                                                  Adj R-squared   =     0.7521
                                                  Within R-sq.    =     0.0214
Number of clusters (plst_id) =        145         Root MSE        =     0.4495

                              (Std. Err. adjusted for 145 clusters in plst_id)
------------------------------------------------------------------------------
             |               Robust
     l_lmass |      Coef.   Std. Err.      t    P>|t|     [95% Conf. Interval]
-------------+----------------------------------------------------------------
      l_rich |  -.2255069   .0930849    -2.42   0.017    -.4094962   -.0415177
    ihs_even |  -.3744569   .2180978    -1.72   0.088    -.8055435    .0566297
l_ground_par |   .0029138   .0334473     0.09   0.931    -.0631973     .069025
       _cons |   6.227362   .2974381    20.94   0.000     5.639453    6.815271
------------------------------------------------------------------------------

Absorbed degrees of freedom:
-----------------------------------------------------+
 Absorbed FE | Categories  - Redundant  = Num. Coefs |
-------------+---------------------------------------|
     plst_id |       145         145           0    *|
     styr_id |       276           0         276     |
-----------------------------------------------------+
* = FE nested within cluster; treated as redundant for DoF computation

. 
. ** Instrumental Variable Design
. ivreghdfe l_lmass (l_rich = l_nbrichblock), a(plst_id styr_id) cluster(plst_i
> d) first
(dropped 8 singleton observations)
(MWFE estimator converged in 6 iterations)

First-stage regressions
-----------------------


First-stage regression of l_rich:

Statistics robust to heteroskedasticity and clustering on plst_id
Number of obs =                   1212
Number of clusters (plst_id) =     150
-------------------------------------------------------------------------------
              |               Robust
       l_rich |      Coef.   Std. Err.      t    P>|t|     [95% Conf. Interval]
--------------+----------------------------------------------------------------
l_nbrichblock |   .4874442    .116729     4.18   0.000     .2583445    .7165439
-------------------------------------------------------------------------------
F test of excluded instruments:
  F(  1,   149) =    17.44
  Prob > F      =   0.0001
Sanderson-Windmeijer multivariate F test of excluded instruments:
  F(  1,   149) =    17.44
  Prob > F      =   0.0001



Summary results for first-stage regressions
-------------------------------------------

                                           (Underid)            (Weak id)
Variable     | F(  1,   149)  P-val | SW Chi-sq(  1) P-val | SW F(  1,   149)
l_rich       |      17.44    0.0001 |       24.16   0.0000 |       17.44

NB: first-stage test statistics cluster-robust

Stock-Yogo weak ID F test critical values for single endogenous regressor:
                                   10% maximal IV size             16.38
                                   15% maximal IV size              8.96
                                   20% maximal IV size              6.66
                                   25% maximal IV size              5.53
Source: Stock-Yogo (2005).  Reproduced by permission.
NB: Critical values are for i.i.d. errors only.

Underidentification test
Ho: matrix of reduced form coefficients has rank=K1-1 (underidentified)
Ha: matrix has rank=K1 (identified)
Kleibergen-Paap rk LM statistic          Chi-sq(1)=8.24     P-val=0.0041

Weak identification test
Ho: equation is weakly identified
Cragg-Donald Wald F statistic                                      52.03
Kleibergen-Paap Wald rk F statistic                                17.44

Stock-Yogo weak ID test critical values for K1=1 and L1=1:
                                   10% maximal IV size             16.38
                                   15% maximal IV size              8.96
                                   20% maximal IV size              6.66
                                   25% maximal IV size              5.53
Source: Stock-Yogo (2005).  Reproduced by permission.
NB: Critical values are for Cragg-Donald F statistic and i.i.d. errors.

Weak-instrument-robust inference
Tests of joint significance of endogenous regressors B1 in main equation
Ho: B1=0 and orthogonality conditions are valid
Anderson-Rubin Wald test           F(1,149)=       0.40     P-val=0.5305
Anderson-Rubin Wald test           Chi-sq(1)=      0.55     P-val=0.4593
Stock-Wright LM S statistic        Chi-sq(1)=      0.48     P-val=0.4869

NB: Underidentification, weak identification and weak-identification-robust
    test statistics cluster-robust

Number of clusters             N_clust  =        150
Number of observations               N  =       1212
Number of regressors                 K  =          1
Number of endogenous regressors      K1 =          1
Number of instruments                L  =          1
Number of excluded instruments       L1 =          1

IV (2SLS) estimation
--------------------

Estimates efficient for homoskedasticity only
Statistics robust to heteroskedasticity and clustering on plst_id

Number of clusters (plst_id) =     150                Number of obs =     1212
                                                      F(  1,   149) =     0.43
                                                      Prob > F      =   0.5106
Total (centered) SS     =  127.9635332                Centered R2   =   0.0088
Total (uncentered) SS   =  127.9635332                Uncentered R2 =   0.0088
Residual SS             =   126.838614                Root MSE      =    .3797

------------------------------------------------------------------------------
             |               Robust
     l_lmass |      Coef.   Std. Err.      t    P>|t|     [95% Conf. Interval]
-------------+----------------------------------------------------------------
      l_rich |  -.2413251   .3659673    -0.66   0.511    -.9644814    .4818312
------------------------------------------------------------------------------
Underidentification test (Kleibergen-Paap rk LM statistic):              8.241
                                                   Chi-sq(1) P-val =    0.0041
------------------------------------------------------------------------------
Weak identification test (Cragg-Donald Wald F statistic):               52.029
                         (Kleibergen-Paap rk Wald F statistic):         17.438
Stock-Yogo weak ID test critical values: 10% maximal IV size             16.38
                                         15% maximal IV size              8.96
                                         20% maximal IV size              6.66
                                         25% maximal IV size              5.53
Source: Stock-Yogo (2005).  Reproduced by permission.
NB: Critical values are for Cragg-Donald F statistic and i.i.d. errors.
------------------------------------------------------------------------------
Hansen J statistic (overidentification test of all instruments):         0.000
                                                 (equation exactly identified)
------------------------------------------------------------------------------
Instrumented:         l_rich
Excluded instruments: l_nbrichblock
Partialled-out:       _cons
                      nb: total SS, model F and R2s are after partialling-out;
                          any small-sample adjustments include partialled-out
                          variables in regressor count K
------------------------------------------------------------------------------

Absorbed degrees of freedom:
-----------------------------------------------------+
 Absorbed FE | Categories  - Redundant  = Num. Coefs |
-------------+---------------------------------------|
     plst_id |       150         150           0    *|
     styr_id |       331           0         331     |
-----------------------------------------------------+
* = FE nested within cluster; treated as redundant for DoF computation

. 
. // ADDITIONAL SUPPORT //
. 
. ** Sensitivity Test: How low delta makes effect 0? About -1.69:
. psacalc beta l_rich, model(reg l_lmass l_rich i.plst_id i.styr_id, cluster(pl
> st_id)) delta(-1.69) rmax(1)

                 ---- Treatment Effect Estimate ----
             |     Estimate           Sq. difference      Bias changes
             |                      from controlled beta    direction
-------------+----------------------------------------------------------------
Beta         |       0.00003                    .             
Alt. sol. 1  |             .                    .             
Alt. sol. 2  |             .                    .             
-------------+----------------------------------------------------------------

                 ---- Inputs from Regressions ----
             |      Coeff.            R-Squared
-------------+----------------------------------------------------------------
Uncontrolled |        0.06469         0.001
Controlled   |       -0.24183         0.867
-------------+----------------------------------------------------------------

                 ---- Other Inputs ----
-------------+----------------------------------------------------------------
R_max        |   1.000
Delta        |   -1.690
Unr. Controls|   
-------------+----------------------------------------------------------------

. 
. 
. /////////////////////////////////////////////////////////////////////////////
> ///
> //
. ** Table S4 (Functional Form Tests)
. //
. /////////////////////////////////////////////////////////////////////////////
> ///
> 
. 
. ** Log-Log
. reghdfe l_lmass l_rich, keepsingletons absorb(plst_id styr_id) cluster(plst_i
> d)
WARNING: Singleton observations not dropped; statistical significance is biased
>  (link)
(MWFE estimator converged in 5 iterations)

HDFE Linear regression                            Number of obs   =      1,231
Absorbing 2 HDFE groups                           F(   1,    150) =       8.01
Statistics robust to heteroskedasticity           Prob > F        =     0.0053
                                                  R-squared       =     0.8675
                                                  Adj R-squared   =     0.7791
                                                  Within R-sq.    =     0.0128
Number of clusters (plst_id) =        151         Root MSE        =     0.4529

                              (Std. Err. adjusted for 151 clusters in plst_id)
------------------------------------------------------------------------------
             |               Robust
     l_lmass |      Coef.   Std. Err.      t    P>|t|     [95% Conf. Interval]
-------------+----------------------------------------------------------------
      l_rich |  -.2418294   .0854446    -2.83   0.005    -.4106599   -.0729989
       _cons |   5.996628   .1946824    30.80   0.000     5.611954    6.381302
------------------------------------------------------------------------------

Absorbed degrees of freedom:
-----------------------------------------------------+
 Absorbed FE | Categories  - Redundant  = Num. Coefs |
-------------+---------------------------------------|
     plst_id |       151         151           0    *|
     styr_id |       341           0         341     |
-----------------------------------------------------+
* = FE nested within cluster; treated as redundant for DoF computation

. 
. ** Log-Level
. reghdfe l_lmass rich, keepsingletons absorb(plst_id styr_id) cluster(plst_id)
WARNING: Singleton observations not dropped; statistical significance is biased
>  (link)
(MWFE estimator converged in 5 iterations)

HDFE Linear regression                            Number of obs   =      1,231
Absorbing 2 HDFE groups                           F(   1,    150) =       3.46
Statistics robust to heteroskedasticity           Prob > F        =     0.0648
                                                  R-squared       =     0.8663
                                                  Adj R-squared   =     0.7771
                                                  Within R-sq.    =     0.0041
Number of clusters (plst_id) =        151         Root MSE        =     0.4549

                              (Std. Err. adjusted for 151 clusters in plst_id)
------------------------------------------------------------------------------
             |               Robust
     l_lmass |      Coef.   Std. Err.      t    P>|t|     [95% Conf. Interval]
-------------+----------------------------------------------------------------
        rich |   -.014839   .0079763    -1.86   0.065    -.0305993    .0009214
       _cons |   5.610714    .088737    63.23   0.000     5.435378     5.78605
------------------------------------------------------------------------------

Absorbed degrees of freedom:
-----------------------------------------------------+
 Absorbed FE | Categories  - Redundant  = Num. Coefs |
-------------+---------------------------------------|
     plst_id |       151         151           0    *|
     styr_id |       341           0         341     |
-----------------------------------------------------+
* = FE nested within cluster; treated as redundant for DoF computation

. 
. ** Level-Level
. reghdfe live_mass rich, keepsingletons absorb(plst_id styr_id) cluster(plst_i
> d)
WARNING: Singleton observations not dropped; statistical significance is biased
>  (link)
(MWFE estimator converged in 5 iterations)

HDFE Linear regression                            Number of obs   =      1,231
Absorbing 2 HDFE groups                           F(   1,    150) =       0.43
Statistics robust to heteroskedasticity           Prob > F        =     0.5143
                                                  R-squared       =     0.8294
                                                  Adj R-squared   =     0.7157
                                                  Within R-sq.    =     0.0007
Number of clusters (plst_id) =        151         Root MSE        =   144.8716

                              (Std. Err. adjusted for 151 clusters in plst_id)
------------------------------------------------------------------------------
             |               Robust
   live_mass |      Coef.   Std. Err.      t    P>|t|     [95% Conf. Interval]
-------------+----------------------------------------------------------------
        rich |  -1.906597   2.916688    -0.65   0.514    -7.669696    3.856502
       _cons |   350.8531   32.44845    10.81   0.000     286.7381    414.9682
------------------------------------------------------------------------------

Absorbed degrees of freedom:
-----------------------------------------------------+
 Absorbed FE | Categories  - Redundant  = Num. Coefs |
-------------+---------------------------------------|
     plst_id |       151         151           0    *|
     styr_id |       341           0         341     |
-----------------------------------------------------+
* = FE nested within cluster; treated as redundant for DoF computation

. 
. ** Level-Quadratic
. reghdfe live_mass rich rich2, keepsingletons absorb(plst_id styr_id) cluster(
> plst_id)
WARNING: Singleton observations not dropped; statistical significance is biased
>  (link)
(MWFE estimator converged in 5 iterations)

HDFE Linear regression                            Number of obs   =      1,231
Absorbing 2 HDFE groups                           F(   2,    150) =       3.39
Statistics robust to heteroskedasticity           Prob > F        =     0.0363
                                                  R-squared       =     0.8308
                                                  Adj R-squared   =     0.7176
                                                  Within R-sq.    =     0.0089
Number of clusters (plst_id) =        151         Root MSE        =   144.3745

                              (Std. Err. adjusted for 151 clusters in plst_id)
------------------------------------------------------------------------------
             |               Robust
   live_mass |      Coef.   Std. Err.      t    P>|t|     [95% Conf. Interval]
-------------+----------------------------------------------------------------
        rich |  -16.65682    6.62181    -2.52   0.013    -29.74089   -3.572754
       rich2 |    .553964   .2165811     2.56   0.012     .1260203    .9819077
       _cons |   429.0928   45.80669     9.37   0.000     338.5831    519.6024
------------------------------------------------------------------------------

Absorbed degrees of freedom:
-----------------------------------------------------+
 Absorbed FE | Categories  - Redundant  = Num. Coefs |
-------------+---------------------------------------|
     plst_id |       151         151           0    *|
     styr_id |       341           0         341     |
-----------------------------------------------------+
* = FE nested within cluster; treated as redundant for DoF computation

. 
. 
. 
. 
. 
. /////////////////////////////////////////////////////////////////////////////
> ///
> //
. ** Table S5 Not in SM
. //
. /////////////////////////////////////////////////////////////////////////////
> ///
> 
. 
. 
. 
. 
. /////////////////////////////////////////////////////////////////////////////
> ///
> //
. ** Table S11: IV (replicates IV results of Table 3)
. //
. /////////////////////////////////////////////////////////////////////////////
> ///
> ivreghdfe l_lmass (l_rich = l_nbrichblock), a(plst_id styr_id) cluster(plst_i
> d) first
(dropped 8 singleton observations)
(MWFE estimator converged in 6 iterations)

First-stage regressions
-----------------------


First-stage regression of l_rich:

Statistics robust to heteroskedasticity and clustering on plst_id
Number of obs =                   1212
Number of clusters (plst_id) =     150
-------------------------------------------------------------------------------
              |               Robust
       l_rich |      Coef.   Std. Err.      t    P>|t|     [95% Conf. Interval]
--------------+----------------------------------------------------------------
l_nbrichblock |   .4874442    .116729     4.18   0.000     .2583445    .7165439
-------------------------------------------------------------------------------
F test of excluded instruments:
  F(  1,   149) =    17.44
  Prob > F      =   0.0001
Sanderson-Windmeijer multivariate F test of excluded instruments:
  F(  1,   149) =    17.44
  Prob > F      =   0.0001



Summary results for first-stage regressions
-------------------------------------------

                                           (Underid)            (Weak id)
Variable     | F(  1,   149)  P-val | SW Chi-sq(  1) P-val | SW F(  1,   149)
l_rich       |      17.44    0.0001 |       24.16   0.0000 |       17.44

NB: first-stage test statistics cluster-robust

Stock-Yogo weak ID F test critical values for single endogenous regressor:
                                   10% maximal IV size             16.38
                                   15% maximal IV size              8.96
                                   20% maximal IV size              6.66
                                   25% maximal IV size              5.53
Source: Stock-Yogo (2005).  Reproduced by permission.
NB: Critical values are for i.i.d. errors only.

Underidentification test
Ho: matrix of reduced form coefficients has rank=K1-1 (underidentified)
Ha: matrix has rank=K1 (identified)
Kleibergen-Paap rk LM statistic          Chi-sq(1)=8.24     P-val=0.0041

Weak identification test
Ho: equation is weakly identified
Cragg-Donald Wald F statistic                                      52.03
Kleibergen-Paap Wald rk F statistic                                17.44

Stock-Yogo weak ID test critical values for K1=1 and L1=1:
                                   10% maximal IV size             16.38
                                   15% maximal IV size              8.96
                                   20% maximal IV size              6.66
                                   25% maximal IV size              5.53
Source: Stock-Yogo (2005).  Reproduced by permission.
NB: Critical values are for Cragg-Donald F statistic and i.i.d. errors.

Weak-instrument-robust inference
Tests of joint significance of endogenous regressors B1 in main equation
Ho: B1=0 and orthogonality conditions are valid
Anderson-Rubin Wald test           F(1,149)=       0.40     P-val=0.5305
Anderson-Rubin Wald test           Chi-sq(1)=      0.55     P-val=0.4593
Stock-Wright LM S statistic        Chi-sq(1)=      0.48     P-val=0.4869

NB: Underidentification, weak identification and weak-identification-robust
    test statistics cluster-robust

Number of clusters             N_clust  =        150
Number of observations               N  =       1212
Number of regressors                 K  =          1
Number of endogenous regressors      K1 =          1
Number of instruments                L  =          1
Number of excluded instruments       L1 =          1

IV (2SLS) estimation
--------------------

Estimates efficient for homoskedasticity only
Statistics robust to heteroskedasticity and clustering on plst_id

Number of clusters (plst_id) =     150                Number of obs =     1212
                                                      F(  1,   149) =     0.43
                                                      Prob > F      =   0.5106
Total (centered) SS     =  127.9635332                Centered R2   =   0.0088
Total (uncentered) SS   =  127.9635332                Uncentered R2 =   0.0088
Residual SS             =   126.838614                Root MSE      =    .3797

------------------------------------------------------------------------------
             |               Robust
     l_lmass |      Coef.   Std. Err.      t    P>|t|     [95% Conf. Interval]
-------------+----------------------------------------------------------------
      l_rich |  -.2413251   .3659673    -0.66   0.511    -.9644814    .4818312
------------------------------------------------------------------------------
Underidentification test (Kleibergen-Paap rk LM statistic):              8.241
                                                   Chi-sq(1) P-val =    0.0041
------------------------------------------------------------------------------
Weak identification test (Cragg-Donald Wald F statistic):               52.029
                         (Kleibergen-Paap rk Wald F statistic):         17.438
Stock-Yogo weak ID test critical values: 10% maximal IV size             16.38
                                         15% maximal IV size              8.96
                                         20% maximal IV size              6.66
                                         25% maximal IV size              5.53
Source: Stock-Yogo (2005).  Reproduced by permission.
NB: Critical values are for Cragg-Donald F statistic and i.i.d. errors.
------------------------------------------------------------------------------
Hansen J statistic (overidentification test of all instruments):         0.000
                                                 (equation exactly identified)
------------------------------------------------------------------------------
Instrumented:         l_rich
Excluded instruments: l_nbrichblock
Partialled-out:       _cons
                      nb: total SS, model F and R2s are after partialling-out;
                          any small-sample adjustments include partialled-out
                          variables in regressor count K
------------------------------------------------------------------------------

Absorbed degrees of freedom:
-----------------------------------------------------+
 Absorbed FE | Categories  - Redundant  = Num. Coefs |
-------------+---------------------------------------|
     plst_id |       150         150           0    *|
     styr_id |       331           0         331     |
-----------------------------------------------------+
* = FE nested within cluster; treated as redundant for DoF computation

. 
. 
. 
. 
. 
. /////////////////////////////////////////////////////////////////////////////
> ///
> //
. ** Table S12: Lagged Dependent Varaibles (also replicates a result in Table 3
> )
. //
. /////////////////////////////////////////////////////////////////////////////
> ///
> 
. reghdfe l_lmass l_rich L.l_lmass, keepsingletons a(styr_id) cluster(plst_id)
WARNING: Singleton observations not dropped; statistical significance is biased
>  (link)
(MWFE estimator converged in 1 iterations)

HDFE Linear regression                            Number of obs   =      1,063
Absorbing 1 HDFE group                            F(   2,    150) =       8.19
Statistics robust to heteroskedasticity           Prob > F        =     0.0004
                                                  R-squared       =     0.8333
                                                  Adj R-squared   =     0.7695
                                                  Within R-sq.    =     0.0272
Number of clusters (plst_id) =        151         Root MSE        =     0.4735

                              (Std. Err. adjusted for 151 clusters in plst_id)
------------------------------------------------------------------------------
             |               Robust
     l_lmass |      Coef.   Std. Err.      t    P>|t|     [95% Conf. Interval]
-------------+----------------------------------------------------------------
      l_rich |  -.1330352     .07894    -1.69   0.094    -.2890132    .0229427
             |
     l_lmass |
         L1. |   .1369348   .0378409     3.62   0.000     .0621648    .2117049
             |
       _cons |   5.014611   .2734263    18.34   0.000     4.474347    5.554876
------------------------------------------------------------------------------

Absorbed degrees of freedom:
-----------------------------------------------------+
 Absorbed FE | Categories  - Redundant  = Num. Coefs |
-------------+---------------------------------------|
     styr_id |       293           0         293     |
-----------------------------------------------------+

. reghdfe l_lmass l_rich L.l_lmass ihs_even, keepsingletons a(styr_id) cluster(
> plst_id)
WARNING: Singleton observations not dropped; statistical significance is biased
>  (link)
(MWFE estimator converged in 1 iterations)

HDFE Linear regression                            Number of obs   =      1,063
Absorbing 1 HDFE group                            F(   3,    150) =       5.65
Statistics robust to heteroskedasticity           Prob > F        =     0.0011
                                                  R-squared       =     0.8333
                                                  Adj R-squared   =     0.7692
                                                  Within R-sq.    =     0.0273
Number of clusters (plst_id) =        151         Root MSE        =     0.4738

                              (Std. Err. adjusted for 151 clusters in plst_id)
------------------------------------------------------------------------------
             |               Robust
     l_lmass |      Coef.   Std. Err.      t    P>|t|     [95% Conf. Interval]
-------------+----------------------------------------------------------------
      l_rich |  -.1354909   .0773369    -1.75   0.082    -.2883014    .0173196
             |
     l_lmass |
         L1. |   .1371646   .0377757     3.63   0.000     .0625235    .2118058
             |
    ihs_even |   .0256509   .2263663     0.11   0.910    -.4216274    .4729292
       _cons |   5.002991   .3007977    16.63   0.000     4.408643    5.597339
------------------------------------------------------------------------------

Absorbed degrees of freedom:
-----------------------------------------------------+
 Absorbed FE | Categories  - Redundant  = Num. Coefs |
-------------+---------------------------------------|
     styr_id |       293           0         293     |
-----------------------------------------------------+

. 
. reghdfe l_lmass l_rich L.l_lmass L.l_rich, keepsingletons a(styr_id) cluster(
> plst_id)
WARNING: Singleton observations not dropped; statistical significance is biased
>  (link)
(MWFE estimator converged in 1 iterations)

HDFE Linear regression                            Number of obs   =      1,061
Absorbing 1 HDFE group                            F(   3,    150) =       5.57
Statistics robust to heteroskedasticity           Prob > F        =     0.0012
                                                  R-squared       =     0.8335
                                                  Adj R-squared   =     0.7693
                                                  Within R-sq.    =     0.0284
Number of clusters (plst_id) =        151         Root MSE        =     0.4736

                              (Std. Err. adjusted for 151 clusters in plst_id)
------------------------------------------------------------------------------
             |               Robust
     l_lmass |      Coef.   Std. Err.      t    P>|t|     [95% Conf. Interval]
-------------+----------------------------------------------------------------
      l_rich |  -.1694313   .0934803    -1.81   0.072    -.3541395    .0152768
             |
     l_lmass |
         L1. |   .1413156   .0381619     3.70   0.000     .0659112      .21672
             |
      l_rich |
         L1. |    .062443   .0882582     0.71   0.480    -.1119468    .2368327
             |
       _cons |   4.932196   .3005633    16.41   0.000     4.338311     5.52608
------------------------------------------------------------------------------

Absorbed degrees of freedom:
-----------------------------------------------------+
 Absorbed FE | Categories  - Redundant  = Num. Coefs |
-------------+---------------------------------------|
     styr_id |       293           0         293     |
-----------------------------------------------------+

. reghdfe l_lmass l_rich L.l_lmass L.l_rich ihs_even, keepsingletons a(styr_id)
>  cluster(plst_id)
WARNING: Singleton observations not dropped; statistical significance is biased
>  (link)
(MWFE estimator converged in 1 iterations)

HDFE Linear regression                            Number of obs   =      1,061
Absorbing 1 HDFE group                            F(   4,    150) =       4.33
Statistics robust to heteroskedasticity           Prob > F        =     0.0024
                                                  R-squared       =     0.8335
                                                  Adj R-squared   =     0.7690
                                                  Within R-sq.    =     0.0284
Number of clusters (plst_id) =        151         Root MSE        =     0.4739

                              (Std. Err. adjusted for 151 clusters in plst_id)
------------------------------------------------------------------------------
             |               Robust
     l_lmass |      Coef.   Std. Err.      t    P>|t|     [95% Conf. Interval]
-------------+----------------------------------------------------------------
      l_rich |  -.1717868   .0934329    -1.84   0.068    -.3564014    .0128278
             |
     l_lmass |
         L1. |   .1415642   .0380845     3.72   0.000     .0663128    .2168156
             |
      l_rich |
         L1. |   .0620311   .0879094     0.71   0.482    -.1116695    .2357317
             |
    ihs_even |   .0275431   .2253067     0.12   0.903    -.4176417    .4727279
       _cons |   4.920007   .3269643    15.05   0.000     4.273956    5.566057
------------------------------------------------------------------------------

Absorbed degrees of freedom:
-----------------------------------------------------+
 Absorbed FE | Categories  - Redundant  = Num. Coefs |
-------------+---------------------------------------|
     styr_id |       293           0         293     |
-----------------------------------------------------+

. 
. 
. 
end of do-file

. 
. *do             "$codedir/stata/extended_analysis.do" ** NOT INCORPORATED YET
. 
. /////////////////////////////////////////////////////////////////////////////
> ///
> // Clean up
. 
. log close
      name:  <unnamed>
       log:  C:\GitHub\NutNetCausalinf/output/log/stata_results_d20210223.smcl
  log type:  smcl
 closed on:  23 Feb 2021, 16:07:48
-------------------------------------------------------------------------------
