-------------------------------------------------------------------------------
      name:  <unnamed>
       log:  C:\GitHub\NutNetCausalinf/output/log/stata_results_d20210224.smcl
  log type:  smcl
 opened on:  24 Feb 2021, 14:50:35

. 
. /////////////////////////////////////////////////////////////////////////////
> ///
> // Main Block
. 
. do              "$codedir/stata/final_processing.do"

. insheet using  "$datadir/processed/NutNetControlPlotData_v201804.csv", clear
(151 vars, 1,328 obs)

. 
. ** Check characteristics of data 
. destring total_mass live_mass simpson shan rich ground_par ppm_* ph avg_neigh
> bor_rich avgtrtneighrichwithinblock lagged_avg_neighbor_rich even initial_sit
> e_rich, i("NA") replace
total_mass: characters N A removed; replaced as double
(62 missing values generated)
live_mass: characters N A removed; replaced as double
(74 missing values generated)
simpson: characters N A removed; replaced as double
(2 missing values generated)
shan: characters N A removed; replaced as double
(2 missing values generated)
rich: characters N A removed; replaced as byte
(2 missing values generated)
ground_par: characters N A removed; replaced as double
(252 missing values generated)
ppm_p: characters N A removed; replaced as int
(319 missing values generated)
ppm_k: characters N A removed; replaced as int
(319 missing values generated)
ppm_ca: characters N A removed; replaced as int
(319 missing values generated)
ppm_mg: characters N A removed; replaced as int
(319 missing values generated)
ppm_s: characters N A removed; replaced as byte
(319 missing values generated)
ppm_na: characters N A removed; replaced as int
(319 missing values generated)
ppm_zn: characters N A removed; replaced as double
(319 missing values generated)
ppm_mn: characters N A removed; replaced as int
(319 missing values generated)
ppm_fe: characters N A removed; replaced as int
(319 missing values generated)
ppm_cu: characters N A removed; replaced as double
(319 missing values generated)
ppm_b: characters N A removed; replaced as double
(319 missing values generated)
ph: characters N A removed; replaced as double
(319 missing values generated)
avg_neighbor_rich: characters N A removed; replaced as double
(2 missing values generated)
avgtrtneighrichwithinblock: characters N A removed; replaced as double
(11 missing values generated)
lagged_avg_neighbor_rich: characters N A removed; replaced as double
(174 missing values generated)
even: characters N A removed; replaced as double
(2 missing values generated)
initial_site_rich: characters N A removed; replaced as byte
(24 missing values generated)

. count 
  1,328

. sum     live_mass rich

    Variable |        Obs        Mean    Std. Dev.       Min        Max
-------------+---------------------------------------------------------
   live_mass |      1,254    326.5658    270.6938      .0105   2170.956
        rich |      1,326    11.21569    5.584771          1         37

. tab     year

       year |      Freq.     Percent        Cum.
------------+-----------------------------------
       2007 |         91        6.85        6.85
       2008 |        116        8.73       15.59
       2009 |        131        9.86       25.45
       2010 |        140       10.54       35.99
       2011 |        147       11.07       47.06
       2012 |        162       12.20       59.26
       2013 |        144       10.84       70.11
       2014 |        129        9.71       79.82
       2015 |        121        9.11       88.93
       2016 |         99        7.45       96.39
       2017 |         48        3.61      100.00
------------+-----------------------------------
      Total |      1,328      100.00

. rename  year year_actual

. gen     year = year_actual - 2006

. bys plot site: egen yr_in_plot = count(total_mass)

. tab     yr_in_plot

 yr_in_plot |      Freq.     Percent        Cum.
------------+-----------------------------------
          1 |         37        2.79        2.79
          5 |         87        6.55        9.34
          6 |        108        8.13       17.47
          7 |        149       11.22       28.69
          8 |        307       23.12       51.81
          9 |        171       12.88       64.68
         10 |        161       12.12       76.81
         11 |        308       23.19      100.00
------------+-----------------------------------
      Total |      1,328      100.00

. drop if yr_in_plot<5
(37 observations deleted)

. tab     yr_in_plot

 yr_in_plot |      Freq.     Percent        Cum.
------------+-----------------------------------
          5 |         87        6.74        6.74
          6 |        108        8.37       15.10
          7 |        149       11.54       26.65
          8 |        307       23.78       50.43
          9 |        171       13.25       63.67
         10 |        161       12.47       76.14
         11 |        308       23.86      100.00
------------+-----------------------------------
      Total |      1,291      100.00

. 
. ** Prep data and variables 
. egen    plst_id         = group(site_code plot)

. egen    site_code2  = group(site_code)

. egen    styr_id         = group(site_code year)

. codebook site_code plot plst_id styr_id

-------------------------------------------------------------------------------
site_code                                                           (unlabeled)
-------------------------------------------------------------------------------

                  type:  string (str12)

         unique values:  43                       missing "":  0/1,291

              examples:  "cdpt.us"
                         "koffler.ca"
                         "rook.uk"
                         "sier.us"

-------------------------------------------------------------------------------
plot                                                                (unlabeled)
-------------------------------------------------------------------------------

                  type:  numeric (byte)

                 range:  [1,62]                       units:  1
         unique values:  44                       missing .:  0/1,291

                  mean:   18.2122
              std. dev:   12.4245

           percentiles:        10%       25%       50%       75%       90%
                                 3         9        17        25        36

-------------------------------------------------------------------------------
plst_id                                                   group(site_code plot)
-------------------------------------------------------------------------------

                  type:  numeric (float)

                 range:  [1,151]                      units:  1
         unique values:  151                      missing .:  0/1,291

                  mean:   76.2665
              std. dev:   43.6555

           percentiles:        10%       25%       50%       75%       90%
                                16        38        77       116       134

-------------------------------------------------------------------------------
styr_id                                                   group(site_code year)
-------------------------------------------------------------------------------

                  type:  numeric (float)

                 range:  [1,359]                      units:  1
         unique values:  359                      missing .:  0/1,291

                  mean:   181.624
              std. dev:   104.688

           percentiles:        10%       25%       50%       75%       90%
                                40        85       178       273       326

. 
. ** Remove duplicate rows
. duplicates report       plst_id year

Duplicates in terms of plst_id year

--------------------------------------
   copies | observations       surplus
----------+---------------------------
        1 |         1291             0
--------------------------------------

. duplicates tag          plst_id year, generate(duplicates)

Duplicates in terms of plst_id year

. tab     duplicates

 duplicates |      Freq.     Percent        Cum.
------------+-----------------------------------
          0 |      1,291      100.00      100.00
------------+-----------------------------------
      Total |      1,291      100.00

. list plst_id year year_trt rich live_mass if duplicates==1

. drop if duplicates==1 & year_trt==0
(0 observations deleted)

. 
. ** Set data as panel data
. xtset plst_id year
       panel variable:  plst_id (unbalanced)
        time variable:  year, 1 to 11
                delta:  1 unit

. 
. ** Create analysis variables
. gen     l_lmass         = ln(live_mass)
(58 missing values generated)

. gen     l_rich          = ln(rich)
(2 missing values generated)

. gen     l_nbrich        = ln(avg_neighbor_rich)
(2 missing values generated)

. gen             l_nbrichblock   = ln(avgtrtneighrichwithinblock)
(11 missing values generated)

. gen     l_simpson       = ln(simpson)
(2 missing values generated)

. gen             l_even          = ln(even)
(3 missing values generated)

. gen     l_ground_par=ln(ground_par)
(255 missing values generated)

. gen             ihs_even        = ln(even + sqrt(1+even^2))
(2 missing values generated)

. gen     rich2           = rich^2
(2 missing values generated)

. 
. ** some soil attributes need to be destringed for use as covariates
. destring pct_c pct_n percentsand percentsilt percentclay , gen(pct_c2 pct_n2 
> percentsand_2 percentsilt_2 percentclay_2 ) ignore("NA")
pct_c: characters N A removed; pct_c2 generated as double
(219 missing values generated)
pct_n: characters N A removed; pct_n2 generated as double
(219 missing values generated)
percentsand: characters N A removed; percentsand_2 generated as double
(515 missing values generated)
percentsilt: characters N A removed; percentsilt_2 generated as double
(515 missing values generated)
percentclay: characters N A removed; percentclay_2 generated as double
(515 missing values generated)

. 
. ** country and habitat need to be destringed for use as covariates
. encode country, gen(pais)

. encode habitat, gen(tierra)

. 
. ** SAVE OUTPUT
. 
. save    "$datadir/processed/NutNet_Prepped.dta", replace
file C:\GitHub\NutNetCausalinf/data/processed/NutNet_Prepped.dta saved

. outsheet using "$datadir/processed/NutNet_Prepped.csv", comma replace

. clear all

. 
. ** PROCESSING NOTES FROM PAUL AND CHRIS
. 
. /* We started with 1340 observations. 2 don’t have richness values. 
> ** 74 don’t have biomass values.  
> ** 37 observations were in the plot for fewer than 5 years
> ** (specifically, all have only 1 year in plot). 
> ** 16 of these 37 obs have no biomass (all have richness). 
> ** We also have 3 plots that have duplicate year entries, creating 24 obs
> ** where there should only be 12. We drop the duplicates – drop 12 
> ** (none of these duplicates are part of the 37 with fewer than 5 yrs). 
> ** 1,340 -> Drop 12 duplicates -> 1,328 -> Drop 37 with <5yr -> 1,291 -> 
> ** Two don’t have richness -> 1,289 - > 58 don’t have biomass values 
> ** (the other 16 without biomass values were dropped in earlier steps) -> 
> ** 1,231 observations in the main analysis. */
. 
. ** both live_mass and rich are right-skewed, thus a ln transform of both is
. ** preferred; yield more precise estimates & reduce the influence of outliers
. 
end of do-file

. 
. do              "$codedir/stata/analysis.do"

. use     "$datadir/processed/NutNet_Prepped.dta"

. 
. /////////////////////////////////////////////////////////////////////////////
> ///
> //
. ** Figure 2A and Table S2 (Main Design)
. //
. /////////////////////////////////////////////////////////////////////////////
> ///
> 
. 
. ** Headline results: Figure 2A and Table S2
. ** Notes: We keep singletons below slightly increases standard errors (at the
>  
. **              fourth decimal place). We keep singeltons to be conservative 
> and ease 
. **              exposition. There are singletons, which correspond to seven y
> ears of 
. **              data for a single plot at the pape.de site; when we include s
> ite-by-year 
. **              FEs this plot becomes a singleton because no other plots from
>  site are 
. **      in the data.
. ** Including l_even controls for log evenness, l_rich barely changes
. ** l_simpson is Simpson's diversity index
. 
. 
. ** Figure 2A shows the following:
. reghdfe l_lmass l_rich, keepsingletons absorb(plst_id styr_id) cluster(plst_i
> d)
WARNING: Singleton observations not dropped; statistical significance is biased
>  (link)
(MWFE estimator converged in 5 iterations)

HDFE Linear regression                            Number of obs   =      1,231
Absorbing 2 HDFE groups                           F(   1,    150) =       8.01
Statistics robust to heteroskedasticity           Prob > F        =     0.0053
                                                  R-squared       =     0.8675
                                                  Adj R-squared   =     0.7791
                                                  Within R-sq.    =     0.0128
Number of clusters (plst_id) =        151         Root MSE        =     0.4529

                              (Std. Err. adjusted for 151 clusters in plst_id)
------------------------------------------------------------------------------
             |               Robust
     l_lmass |      Coef.   Std. Err.      t    P>|t|     [95% Conf. Interval]
-------------+----------------------------------------------------------------
      l_rich |  -.2418294   .0854446    -2.83   0.005    -.4106599   -.0729989
       _cons |   5.996628   .1946824    30.80   0.000     5.611954    6.381302
------------------------------------------------------------------------------

Absorbed degrees of freedom:
-----------------------------------------------------+
 Absorbed FE | Categories  - Redundant  = Num. Coefs |
-------------+---------------------------------------|
     plst_id |       151         151           0    *|
     styr_id |       341           0         341     |
-----------------------------------------------------+
* = FE nested within cluster; treated as redundant for DoF computation

. reghdfe l_lmass l_rich ihs_even, keepsingletons  absorb(plst_id styr_id) clus
> ter(plst_id)
WARNING: Singleton observations not dropped; statistical significance is biased
>  (link)
(MWFE estimator converged in 5 iterations)

HDFE Linear regression                            Number of obs   =      1,231
Absorbing 2 HDFE groups                           F(   2,    150) =       4.37
Statistics robust to heteroskedasticity           Prob > F        =     0.0142
                                                  R-squared       =     0.8676
                                                  Adj R-squared   =     0.7791
                                                  Within R-sq.    =     0.0142
Number of clusters (plst_id) =        151         Root MSE        =     0.4528

                              (Std. Err. adjusted for 151 clusters in plst_id)
------------------------------------------------------------------------------
             |               Robust
     l_lmass |      Coef.   Std. Err.      t    P>|t|     [95% Conf. Interval]
-------------+----------------------------------------------------------------
      l_rich |  -.2237409   .0851426    -2.63   0.009    -.3919745   -.0555073
    ihs_even |  -.1865697   .2121507    -0.88   0.381    -.6057594    .2326201
       _cons |   6.071086   .2145751    28.29   0.000     5.647106    6.495066
------------------------------------------------------------------------------

Absorbed degrees of freedom:
-----------------------------------------------------+
 Absorbed FE | Categories  - Redundant  = Num. Coefs |
-------------+---------------------------------------|
     plst_id |       151         151           0    *|
     styr_id |       341           0         341     |
-----------------------------------------------------+
* = FE nested within cluster; treated as redundant for DoF computation

. reghdfe l_lmass l_simpson, keepsingletons absorb(plst_id styr_id) cluster(pls
> t_id)
WARNING: Singleton observations not dropped; statistical significance is biased
>  (link)
(MWFE estimator converged in 5 iterations)

HDFE Linear regression                            Number of obs   =      1,231
Absorbing 2 HDFE groups                           F(   1,    150) =       6.23
Statistics robust to heteroskedasticity           Prob > F        =     0.0137
                                                  R-squared       =     0.8672
                                                  Adj R-squared   =     0.7787
                                                  Within R-sq.    =     0.0111
Number of clusters (plst_id) =        151         Root MSE        =     0.4533

                              (Std. Err. adjusted for 151 clusters in plst_id)
------------------------------------------------------------------------------
             |               Robust
     l_lmass |      Coef.   Std. Err.      t    P>|t|     [95% Conf. Interval]
-------------+----------------------------------------------------------------
   l_simpson |   -.169327   .0678457    -2.50   0.014    -.3033838   -.0352703
       _cons |   5.656877   .0846425    66.83   0.000     5.489631    5.824122
------------------------------------------------------------------------------

Absorbed degrees of freedom:
-----------------------------------------------------+
 Absorbed FE | Categories  - Redundant  = Num. Coefs |
-------------+---------------------------------------|
     plst_id |       151         151           0    *|
     styr_id |       341           0         341     |
-----------------------------------------------------+
* = FE nested within cluster; treated as redundant for DoF computation

. 
. ** Table S2 includes the following 
. 
. est clear

. 
. eststo: reghdfe l_lmass l_rich, keepsingletons absorb(plst_id styr_id) cluste
> r(plst_id)
WARNING: Singleton observations not dropped; statistical significance is biased
>  (link)
(MWFE estimator converged in 5 iterations)

HDFE Linear regression                            Number of obs   =      1,231
Absorbing 2 HDFE groups                           F(   1,    150) =       8.01
Statistics robust to heteroskedasticity           Prob > F        =     0.0053
                                                  R-squared       =     0.8675
                                                  Adj R-squared   =     0.7791
                                                  Within R-sq.    =     0.0128
Number of clusters (plst_id) =        151         Root MSE        =     0.4529

                              (Std. Err. adjusted for 151 clusters in plst_id)
------------------------------------------------------------------------------
             |               Robust
     l_lmass |      Coef.   Std. Err.      t    P>|t|     [95% Conf. Interval]
-------------+----------------------------------------------------------------
      l_rich |  -.2418294   .0854446    -2.83   0.005    -.4106599   -.0729989
       _cons |   5.996628   .1946824    30.80   0.000     5.611954    6.381302
------------------------------------------------------------------------------

Absorbed degrees of freedom:
-----------------------------------------------------+
 Absorbed FE | Categories  - Redundant  = Num. Coefs |
-------------+---------------------------------------|
     plst_id |       151         151           0    *|
     styr_id |       341           0         341     |
-----------------------------------------------------+
* = FE nested within cluster; treated as redundant for DoF computation
(est1 stored)

. eststo: reghdfe l_lmass l_rich ihs_even, keepsingletons  absorb(plst_id styr_
> id) cluster(plst_id)
WARNING: Singleton observations not dropped; statistical significance is biased
>  (link)
(MWFE estimator converged in 5 iterations)

HDFE Linear regression                            Number of obs   =      1,231
Absorbing 2 HDFE groups                           F(   2,    150) =       4.37
Statistics robust to heteroskedasticity           Prob > F        =     0.0142
                                                  R-squared       =     0.8676
                                                  Adj R-squared   =     0.7791
                                                  Within R-sq.    =     0.0142
Number of clusters (plst_id) =        151         Root MSE        =     0.4528

                              (Std. Err. adjusted for 151 clusters in plst_id)
------------------------------------------------------------------------------
             |               Robust
     l_lmass |      Coef.   Std. Err.      t    P>|t|     [95% Conf. Interval]
-------------+----------------------------------------------------------------
      l_rich |  -.2237409   .0851426    -2.63   0.009    -.3919745   -.0555073
    ihs_even |  -.1865697   .2121507    -0.88   0.381    -.6057594    .2326201
       _cons |   6.071086   .2145751    28.29   0.000     5.647106    6.495066
------------------------------------------------------------------------------

Absorbed degrees of freedom:
-----------------------------------------------------+
 Absorbed FE | Categories  - Redundant  = Num. Coefs |
-------------+---------------------------------------|
     plst_id |       151         151           0    *|
     styr_id |       341           0         341     |
-----------------------------------------------------+
* = FE nested within cluster; treated as redundant for DoF computation
(est2 stored)

. eststo: reghdfe l_lmass l_simpson, keepsingletons absorb(plst_id styr_id) clu
> ster(plst_id)
WARNING: Singleton observations not dropped; statistical significance is biased
>  (link)
(MWFE estimator converged in 5 iterations)

HDFE Linear regression                            Number of obs   =      1,231
Absorbing 2 HDFE groups                           F(   1,    150) =       6.23
Statistics robust to heteroskedasticity           Prob > F        =     0.0137
                                                  R-squared       =     0.8672
                                                  Adj R-squared   =     0.7787
                                                  Within R-sq.    =     0.0111
Number of clusters (plst_id) =        151         Root MSE        =     0.4533

                              (Std. Err. adjusted for 151 clusters in plst_id)
------------------------------------------------------------------------------
             |               Robust
     l_lmass |      Coef.   Std. Err.      t    P>|t|     [95% Conf. Interval]
-------------+----------------------------------------------------------------
   l_simpson |   -.169327   .0678457    -2.50   0.014    -.3033838   -.0352703
       _cons |   5.656877   .0846425    66.83   0.000     5.489631    5.824122
------------------------------------------------------------------------------

Absorbed degrees of freedom:
-----------------------------------------------------+
 Absorbed FE | Categories  - Redundant  = Num. Coefs |
-------------+---------------------------------------|
     plst_id |       151         151           0    *|
     styr_id |       341           0         341     |
-----------------------------------------------------+
* = FE nested within cluster; treated as redundant for DoF computation
(est3 stored)

. 
. esttab * using "$userdir/output/Table_S2.tex", fragment cells(b(fmt(%9.3f)) s
> e(par) ci(par)) stats(r2 N, fmt(%9.3f %9.0g) label(R-squared)) legend label r
> eplace
(output written to C:\GitHub\NutNetCausalinf/output/Table_S2.tex)

. est clear

. 
. // ADDITIONAL SUPPORT //
. 
. ** Supporting: Drop singletons
. ** Inference is not affected by dropping singletons
. reghdfe l_lmass l_rich, absorb(plst_id styr_id) cluster(plst_id)
(dropped 7 singleton observations)
(MWFE estimator converged in 5 iterations)

HDFE Linear regression                            Number of obs   =      1,224
Absorbing 2 HDFE groups                           F(   1,    149) =       8.06
Statistics robust to heteroskedasticity           Prob > F        =     0.0052
                                                  R-squared       =     0.8658
                                                  Adj R-squared   =     0.7780
                                                  Within R-sq.    =     0.0128
Number of clusters (plst_id) =        150         Root MSE        =     0.4526

                              (Std. Err. adjusted for 150 clusters in plst_id)
------------------------------------------------------------------------------
             |               Robust
     l_lmass |      Coef.   Std. Err.      t    P>|t|     [95% Conf. Interval]
-------------+----------------------------------------------------------------
      l_rich |  -.2418294    .085203    -2.84   0.005    -.4101918   -.0734671
       _cons |       5.99   .1945119    30.80   0.000     5.605642    6.374358
------------------------------------------------------------------------------

Absorbed degrees of freedom:
-----------------------------------------------------+
 Absorbed FE | Categories  - Redundant  = Num. Coefs |
-------------+---------------------------------------|
     plst_id |       150         150           0    *|
     styr_id |       334           0         334     |
-----------------------------------------------------+
* = FE nested within cluster; treated as redundant for DoF computation

. 
. ** Supporting: Cluster at site
. ** Confirms that inference is robust to clustering SEs at the site level, 
. **              acknowledging that we do not have a lot of sites. Worth repor
> ting.
. reghdfe l_lmass l_rich, keepsingletons absorb(plst_id styr_id) cluster(site_c
> ode2)
WARNING: Singleton observations not dropped; statistical significance is biased
>  (link)
(MWFE estimator converged in 5 iterations)

HDFE Linear regression                            Number of obs   =      1,231
Absorbing 2 HDFE groups                           F(   1,     42) =       7.36
Statistics robust to heteroskedasticity           Prob > F        =     0.0096
                                                  R-squared       =     0.8675
                                                  Adj R-squared   =     0.7791
                                                  Within R-sq.    =     0.0128
Number of clusters (site_code2) =         43      Root MSE        =     0.4529

                            (Std. Err. adjusted for 43 clusters in site_code2)
------------------------------------------------------------------------------
             |               Robust
     l_lmass |      Coef.   Std. Err.      t    P>|t|     [95% Conf. Interval]
-------------+----------------------------------------------------------------
      l_rich |  -.2418294   .0891651    -2.71   0.010     -.421772   -.0618869
       _cons |   5.996628   .2031594    29.52   0.000     5.586636    6.406621
------------------------------------------------------------------------------

Absorbed degrees of freedom:
-----------------------------------------------------+
 Absorbed FE | Categories  - Redundant  = Num. Coefs |
-------------+---------------------------------------|
     plst_id |       151         151           0    *|
     styr_id |       341         341           0    *|
-----------------------------------------------------+
* = FE nested within cluster; treated as redundant for DoF computation

. 
. 
. /////////////////////////////////////////////////////////////////////////////
> ///
> //
. ** Figure 2B: Bivariate and Traditional Multi-variate Approaches
. //
. /////////////////////////////////////////////////////////////////////////////
> ///
> 
. local control_vars i.pais i.tierra i.year elevation managed burned grazed ant
> hropogenic ///
>                                         temp_var_v2  min_temp_v2 max_temp_v2 
> temp_wet_q_v2 temp_dry_q_v2 temp_warm_q_v2 ///
>                                         temp_cold_q_v2 pct_c2 pct_n2 ppm_p pp
> m_k ppm_ca ppm_mg ppm_s ppm_na ppm_zn ///
>                                         ppm_mn ppm_fe ppm_cu ppm_b ph percent
> sand_2 percentsilt_2 percentclay_2 

. 
. xtmixed l_lmass l_rich `control_vars' || site_code2: || plst_id:, vce(robust)
note: 10.tierra omitted because of collinearity
note: anthropogenic omitted because of collinearity

Performing EM optimization: 

Performing gradient-based optimization: 

Iteration 0:   log pseudolikelihood = -728.68647  
Iteration 1:   log pseudolikelihood = -725.86649  
Iteration 2:   log pseudolikelihood = -725.63007  
Iteration 3:   log pseudolikelihood = -725.62796  
Iteration 4:   log pseudolikelihood = -725.62796  

Computing standard errors:

Mixed-effects regression                        Number of obs     =        675

-------------------------------------------------------------
                |     No. of       Observations per Group
 Group Variable |     Groups    Minimum    Average    Maximum
----------------+--------------------------------------------
     site_code2 |         28          7       24.1         60
        plst_id |         82          5        8.2         11
-------------------------------------------------------------

                                                Wald chi2(27)     =          .
Log pseudolikelihood = -725.62796               Prob > chi2       =          .

                                   (Std. Err. adjusted for 28 clusters in site_
> code2)
-------------------------------------------------------------------------------
------
                    |               Robust
            l_lmass |      Coef.   Std. Err.      z    P>|z|     [95% Conf. Int
> erval]
--------------------+----------------------------------------------------------
------
             l_rich |   .3792555   .1909606     1.99   0.047     .0049797    .7
> 535313
                    |
               pais |
                CA  |   14.99055   6.354817     2.36   0.018     2.535342    27
> .44577
                CH  |   11.77419   3.339474     3.53   0.000      5.22894    18
> .31944
                DE  |   12.66265    7.28861     1.74   0.082    -1.622763    26
> .94806
                TZ  |    1.47228    7.22068     0.20   0.838    -12.67999    15
> .62455
                UK  |   10.13444   6.795737     1.49   0.136     -3.18496    23
> .45384
                US  |   11.16888   7.879042     1.42   0.156    -4.273754    26
> .61152
                    |
             tierra |
  annual grassland  |   9.687687   7.654968     1.27   0.206    -5.315773    24
> .69115
  desert grassland  |  -.3765982   4.744964    -0.08   0.937    -9.676558    8.
> 923361
   mesic grassland  |   8.872761   4.575168     1.94   0.052     -.094403    17
> .83992
 montane grassland  |   -2.59986   1.960917    -1.33   0.185    -6.443187    1.
> 243467
         old field  |   7.057867   6.336862     1.11   0.265    -5.362154    19
> .47789
           pasture  |   .1618745   3.898956     0.04   0.967    -7.479939    7.
> 803689
           savanna  |          0  (omitted)
semiarid grassland  |   13.74411   13.18785     1.04   0.297     -12.1036    39
> .59181
shortgrass prairie  |   6.933653   5.312019     1.31   0.192    -3.477713    17
> .34502
      shrub steppe  |  -3.086889   1.315279    -2.35   0.019    -5.664788   -.5
> 089886
 tallgrass prairie  |   6.975024   6.286552     1.11   0.267    -5.346392    19
> .29644
                    |
               year |
                 2  |   .0509527   .1342547     0.38   0.704    -.2121816     .
> 314087
                 3  |  -.0245272   .2738956    -0.09   0.929    -.5613527    .5
> 122984
                 4  |   .2506908    .158125     1.59   0.113    -.0592285    .5
> 606101
                 5  |   .0824884   .1875225     0.44   0.660     -.285049    .4
> 500257
                 6  |  -.0375756   .1445186    -0.26   0.795    -.3208269    .2
> 456756
                 7  |   .2007539   .1082511     1.85   0.064    -.0114144    .4
> 129223
                 8  |  -.0137634   .2044578    -0.07   0.946    -.4144933    .3
> 869665
                 9  |  -.1006103    .253932    -0.40   0.692    -.5983079    .3
> 970873
                10  |   .4982199   .1812426     2.75   0.006      .142991    .8
> 534489
                11  |   .4395787   .1298018     3.39   0.001     .1851718    .6
> 939856
                    |
          elevation |   .0113795   .0065974     1.72   0.085    -.0015512    .0
> 243101
            managed |   -5.27416    3.19411    -1.65   0.099     -11.5345    .9
> 861807
             burned |  -1.170978   1.020842    -1.15   0.251    -3.171792    .8
> 298355
             grazed |   5.445012   3.519313     1.55   0.122    -1.452715    12
> .34274
      anthropogenic |          0  (omitted)
        temp_var_v2 |   -.383507   .1446103    -2.65   0.008    -.6669379   -.1
> 000761
        min_temp_v2 |  -.8373512   .8169269    -1.03   0.305    -2.438498    .7
> 637962
        max_temp_v2 |  -3.194121   1.145741    -2.79   0.005    -5.439732     -
> .94851
      temp_wet_q_v2 |   .1988436    .101994     1.95   0.051     -.001061    .3
> 987482
      temp_dry_q_v2 |   .4296542   .2496581     1.72   0.085    -.0596666    .9
> 189751
     temp_warm_q_v2 |   19.15384   7.202164     2.66   0.008      5.03786    33
> .26982
     temp_cold_q_v2 |  -14.88491   6.927368    -2.15   0.032    -28.46231   -1.
> 307523
             pct_c2 |  -.1634285   .0681903    -2.40   0.017    -.2970791   -.0
> 297779
             pct_n2 |   3.762984   1.196473     3.15   0.002      1.41794    6.
> 108028
              ppm_p |   .0110186   .0060177     1.83   0.067    -.0007759    .0
> 228131
              ppm_k |   .0009889   .0002926     3.38   0.001     .0004154    .0
> 015623
             ppm_ca |   .0000826   .0000613     1.35   0.178    -.0000375    .0
> 002027
             ppm_mg |  -.0015232   .0003654    -4.17   0.000    -.0022393   -.0
> 008071
              ppm_s |  -.0137877   .0077095    -1.79   0.074     -.028898    .0
> 013227
             ppm_na |   .0012468   .0007274     1.71   0.087    -.0001788    .0
> 026725
             ppm_zn |  -.0080712   .0264538    -0.31   0.760    -.0599196    .0
> 437772
             ppm_mn |   .0002342   .0018024     0.13   0.897    -.0032985    .0
> 037669
             ppm_fe |  -.0027326    .001586    -1.72   0.085    -.0058411    .0
> 003758
             ppm_cu |   .0995997   .0516441     1.93   0.054    -.0016208    .2
> 008203
              ppm_b |  -.3115199   .1807045    -1.72   0.085    -.6656943    .0
> 426545
                 ph |  -.1966372   .2220746    -0.89   0.376    -.6318954    .2
> 386209
      percentsand_2 |   .4261968   .7445401     0.57   0.567    -1.033075    1.
> 885469
      percentsilt_2 |   .4173405    .747138     0.56   0.576    -1.047023    1.
> 881704
      percentclay_2 |   .4162243   .7392582     0.56   0.573    -1.032695    1.
> 865144
              _cons |  -57.76952   73.72949    -0.78   0.433    -202.2767    86
> .73762
-------------------------------------------------------------------------------
------

------------------------------------------------------------------------------
                             |               Robust           
  Random-effects Parameters  |   Estimate   Std. Err.     [95% Conf. Interval]
-----------------------------+------------------------------------------------
site_code2: Identity         |
                   sd(_cons) |   2.57e-11          .             .           .
-----------------------------+------------------------------------------------
plst_id: Identity            |
                   sd(_cons) |   4.75e-11   3.15e-09      1.53e-67    1.48e+46
-----------------------------+------------------------------------------------
                sd(Residual) |   .7089756    .100288      .5373098    .9354871
------------------------------------------------------------------------------

. xtmixed l_lmass l_rich ihs_even `control_vars' || site_code2: || plst_id:, vc
> e(robust)
note: 10.tierra omitted because of collinearity
note: anthropogenic omitted because of collinearity

Performing EM optimization: 

Performing gradient-based optimization: 

Iteration 0:   log pseudolikelihood = -727.51131  
Iteration 1:   log pseudolikelihood = -724.60345  
Iteration 2:   log pseudolikelihood = -724.46113  
Iteration 3:   log pseudolikelihood = -724.46107  

Computing standard errors:

Mixed-effects regression                        Number of obs     =        675

-------------------------------------------------------------
                |     No. of       Observations per Group
 Group Variable |     Groups    Minimum    Average    Maximum
----------------+--------------------------------------------
     site_code2 |         28          7       24.1         60
        plst_id |         82          5        8.2         11
-------------------------------------------------------------

                                                Wald chi2(27)     =          .
Log pseudolikelihood = -724.46107               Prob > chi2       =          .

                                   (Std. Err. adjusted for 28 clusters in site_
> code2)
-------------------------------------------------------------------------------
------
                    |               Robust
            l_lmass |      Coef.   Std. Err.      z    P>|z|     [95% Conf. Int
> erval]
--------------------+----------------------------------------------------------
------
             l_rich |    .404343   .2122879     1.90   0.057    -.0117337    .8
> 204197
           ihs_even |  -.3991784   .4862437    -0.82   0.412    -1.352199    .5
> 538418
                    |
               pais |
                CA  |   16.47405   6.998674     2.35   0.019     2.756896    30
> .19119
                CH  |   12.87999   3.922292     3.28   0.001     5.192441    20
> .56754
                DE  |     14.289   8.011945     1.78   0.075    -1.414124    29
> .99212
                TZ  |   3.094502   7.998372     0.39   0.699    -12.58202    18
> .77102
                UK  |    11.8226   7.553692     1.57   0.118    -2.982361    26
> .62757
                US  |   12.98733   8.659234     1.50   0.134    -3.984455    29
> .95912
                    |
             tierra |
  annual grassland  |   11.44269   8.623654     1.33   0.185    -5.459358    28
> .34475
  desert grassland  |   .7408665   5.353119     0.14   0.890    -9.751054    11
> .23279
   mesic grassland  |   10.00302   5.147683     1.94   0.052    -.0862556    20
> .09229
 montane grassland  |  -2.792009   2.001882    -1.39   0.163    -6.715626    1.
> 131608
         old field  |    8.48041    7.12501     1.19   0.234    -5.484353    22
> .44517
           pasture  |   .7838234   4.165133     0.19   0.851    -7.379686    8.
> 947333
           savanna  |          0  (omitted)
semiarid grassland  |   16.66301   14.65957     1.14   0.256    -12.06922    45
> .39525
shortgrass prairie  |   8.240401   5.984051     1.38   0.168    -3.488124    19
> .96893
      shrub steppe  |  -3.122933   1.328749    -2.35   0.019    -5.727233   -.5
> 186323
 tallgrass prairie  |   8.248237    7.01066     1.18   0.239    -5.492404    21
> .98888
                    |
               year |
                 2  |   .0485713   .1317197     0.37   0.712    -.2095945    .3
> 067371
                 3  |  -.0405832   .2694718    -0.15   0.880    -.5687382    .4
> 875718
                 4  |   .2525034   .1523746     1.66   0.097    -.0461453    .5
> 511521
                 5  |   .0853572   .1851863     0.46   0.645    -.2776013    .4
> 483157
                 6  |  -.0338777   .1427585    -0.24   0.812    -.3136792    .2
> 459238
                 7  |   .2063623   .1081271     1.91   0.056    -.0055629    .4
> 182875
                 8  |  -.0043574   .1948058    -0.02   0.982    -.3861698    .3
> 774549
                 9  |  -.0836505   .2539168    -0.33   0.742    -.5813183    .4
> 140173
                10  |    .502693   .1788993     2.81   0.005     .1520569    .8
> 533291
                11  |   .4515888   .1282528     3.52   0.000     .2002181    .7
> 029596
                    |
          elevation |   .0129521   .0073642     1.76   0.079    -.0014814    .0
> 273857
            managed |  -6.017429   3.538037    -1.70   0.089    -12.95186    .9
> 169968
             burned |  -1.411553   1.198225    -1.18   0.239    -3.760031    .9
> 369255
             grazed |    6.15398   3.896419     1.58   0.114    -1.482861    13
> .79082
      anthropogenic |          0  (omitted)
        temp_var_v2 |  -.4239697   .1652965    -2.56   0.010    -.7479448   -.0
> 999946
        min_temp_v2 |  -.6922577    .895964    -0.77   0.440    -2.448315    1.
> 063799
        max_temp_v2 |  -3.533381   1.282431    -2.76   0.006      -6.0469   -1.
> 019862
      temp_wet_q_v2 |   .2080977   .1000728     2.08   0.038     .0119586    .4
> 042367
      temp_dry_q_v2 |   .4906959   .2736475     1.79   0.073    -.0456433    1.
> 027035
     temp_warm_q_v2 |   21.20937   8.234125     2.58   0.010     5.070782    37
> .34796
     temp_cold_q_v2 |  -16.75065   7.889511    -2.12   0.034    -32.21381   -1.
> 287496
             pct_c2 |  -.1737116    .067813    -2.56   0.010    -.3066226   -.0
> 408007
             pct_n2 |   3.860452   1.209993     3.19   0.001     1.488909    6.
> 231994
              ppm_p |   .0116622   .0063442     1.84   0.066    -.0007723    .0
> 240967
              ppm_k |   .0009799   .0002938     3.33   0.001      .000404    .0
> 015558
             ppm_ca |    .000108   .0000597     1.81   0.071    -9.06e-06    .0
> 002251
             ppm_mg |  -.0014822   .0003396    -4.36   0.000    -.0021479   -.0
> 008166
              ppm_s |  -.0152196   .0080025    -1.90   0.057    -.0309042     .
> 000465
             ppm_na |   .0015114   .0006873     2.20   0.028     .0001643    .0
> 028584
             ppm_zn |  -.0089639    .026168    -0.34   0.732    -.0602522    .0
> 423243
             ppm_mn |   .0003508   .0016451     0.21   0.831    -.0028734    .0
> 035751
             ppm_fe |  -.0027604   .0016629    -1.66   0.097    -.0060195    .0
> 004988
             ppm_cu |   .0922788   .0490586     1.88   0.060    -.0038744    .1
> 884319
              ppm_b |  -.3461044   .1832363    -1.89   0.059    -.7052408    .0
> 130321
                 ph |   -.215423   .2151198    -1.00   0.317    -.6370501     .
> 206204
      percentsand_2 |   .2977937    .757753     0.39   0.694    -1.187375    1.
> 782962
      percentsilt_2 |   .2876284   .7606776     0.38   0.705    -1.203272    1.
> 778529
      percentclay_2 |   .2849689   .7531549     0.38   0.705    -1.191187    1.
> 761125
              _cons |  -46.74716   74.49632    -0.63   0.530    -192.7573    99
> .26294
-------------------------------------------------------------------------------
------

------------------------------------------------------------------------------
                             |               Robust           
  Random-effects Parameters  |   Estimate   Std. Err.     [95% Conf. Interval]
-----------------------------+------------------------------------------------
site_code2: Identity         |
                   sd(_cons) |   2.88e-09   1.18e-06             0           .
-----------------------------+------------------------------------------------
plst_id: Identity            |
                   sd(_cons) |   2.90e-10   2.38e-08      3.40e-80    2.47e+60
-----------------------------+------------------------------------------------
                sd(Residual) |    .707751   2.010316      .0027046    185.2071
------------------------------------------------------------------------------

. xtmixed l_lmass l_simpson `control_vars' || site_code2: || plst_id:, vce(robu
> st)
note: 10.tierra omitted because of collinearity
note: anthropogenic omitted because of collinearity

Performing EM optimization: 

Performing gradient-based optimization: 

Iteration 0:   log pseudolikelihood = -736.41922  
Iteration 1:   log pseudolikelihood = -733.60269  
Iteration 2:   log pseudolikelihood = -733.35102  
Iteration 3:   log pseudolikelihood =  -733.3508  
Iteration 4:   log pseudolikelihood =  -733.3508  

Computing standard errors:

Mixed-effects regression                        Number of obs     =        675

-------------------------------------------------------------
                |     No. of       Observations per Group
 Group Variable |     Groups    Minimum    Average    Maximum
----------------+--------------------------------------------
     site_code2 |         28          7       24.1         60
        plst_id |         82          5        8.2         11
-------------------------------------------------------------

                                                Wald chi2(27)     =          .
Log pseudolikelihood =  -733.3508               Prob > chi2       =          .

                                   (Std. Err. adjusted for 28 clusters in site_
> code2)
-------------------------------------------------------------------------------
------
                    |               Robust
            l_lmass |      Coef.   Std. Err.      z    P>|z|     [95% Conf. Int
> erval]
--------------------+----------------------------------------------------------
------
          l_simpson |   .0746331   .0817398     0.91   0.361    -.0855739    .2
> 348401
                    |
               pais |
                CA  |   14.85548   6.211524     2.39   0.017      2.68112    27
> .02985
                CH  |   12.26424   3.253607     3.77   0.000      5.88729    18
> .64119
                DE  |   13.27463   7.134027     1.86   0.063    -.7078084    27
> .25706
                TZ  |   2.168642   7.351146     0.30   0.768    -12.23934    16
> .57662
                UK  |   10.02446   6.634024     1.51   0.131    -2.977984    23
> .02691
                US  |   12.07496   7.932166     1.52   0.128    -3.471796    27
> .62172
                    |
             tierra |
  annual grassland  |   8.977895   7.533766     1.19   0.233    -5.788014     2
> 3.7438
  desert grassland  |   -.717645   4.725821    -0.15   0.879    -9.980084    8.
> 544794
   mesic grassland  |   8.313769   4.533934     1.83   0.067    -.5725772    17
> .20012
 montane grassland  |   -3.90077   2.087169    -1.87   0.062    -7.991546    .1
> 900061
         old field  |   7.300084   6.389116     1.14   0.253    -5.222352    19
> .82252
           pasture  |   -.151683   4.042714    -0.04   0.970    -8.075257    7.
> 771891
           savanna  |          0  (omitted)
semiarid grassland  |   14.52747   13.22887     1.10   0.272    -11.40065    40
> .45558
shortgrass prairie  |   6.771127   5.323104     1.27   0.203    -3.661964    17
> .20422
      shrub steppe  |  -3.512696   1.291446    -2.72   0.007    -6.043883   -.9
> 815079
 tallgrass prairie  |   7.379937   6.393382     1.15   0.248    -5.150861    19
> .91073
                    |
               year |
                 2  |   .0323708   .1444057     0.22   0.823    -.2506591    .3
> 154008
                 3  |  -.0329839   .2849242    -0.12   0.908    -.5914251    .5
> 254574
                 4  |   .2534421   .1644823     1.54   0.123    -.0689372    .5
> 758214
                 5  |   .0370637   .1945718     0.19   0.849    -.3442901    .4
> 184175
                 6  |  -.0583753   .1445027    -0.40   0.686    -.3415953    .2
> 248448
                 7  |   .1794145   .1115532     1.61   0.108    -.0392258    .3
> 980549
                 8  |  -.0823078   .2409109    -0.34   0.733    -.5544844    .3
> 898689
                 9  |  -.1302126   .2465974    -0.53   0.597    -.6135346    .3
> 531095
                10  |   .4976047   .1801031     2.76   0.006     .1446092    .8
> 506002
                11  |    .394552    .130652     3.02   0.003     .1384787    .6
> 506252
                    |
          elevation |    .011619   .0065646     1.77   0.077    -.0012473    .0
> 244853
            managed |  -5.894716   3.268412    -1.80   0.071    -12.30069    .5
> 112544
             burned |  -1.377868   1.019854    -1.35   0.177    -3.376745     .
> 621008
             grazed |   7.044079   3.749351     1.88   0.060    -.3045135    14
> .39267
      anthropogenic |          0  (omitted)
        temp_var_v2 |   -.380697   .1404394    -2.71   0.007    -.6559531   -.1
> 054409
        min_temp_v2 |  -.7650605   .8166559    -0.94   0.349    -2.365677    .8
> 355558
        max_temp_v2 |  -3.099273   1.104583    -2.81   0.005    -5.264216   -.9
> 343288
      temp_wet_q_v2 |   .1282223   .1089201     1.18   0.239    -.0852571    .3
> 417017
      temp_dry_q_v2 |   .4255238   .2484539     1.71   0.087    -.0614369    .9
> 124845
     temp_warm_q_v2 |   18.97487   6.972635     2.72   0.007     5.308758    32
> .64098
     temp_cold_q_v2 |  -14.82031   6.752105    -2.19   0.028     -28.0542    -1
> .58643
             pct_c2 |  -.1469558   .0807672    -1.82   0.069    -.3052566     .
> 011345
             pct_n2 |   3.611677   1.448193     2.49   0.013     .7732714    6.
> 450082
              ppm_p |   .0100606   .0065005     1.55   0.122    -.0026801    .0
> 228014
              ppm_k |   .0007805    .000267     2.92   0.003     .0002573    .0
> 013037
             ppm_ca |   .0000698   .0000666     1.05   0.295    -.0000608    .0
> 002004
             ppm_mg |   -.001553   .0003739    -4.15   0.000    -.0022859   -.0
> 008201
              ppm_s |   -.015301   .0095923    -1.60   0.111    -.0341015    .0
> 034995
             ppm_na |   .0013529   .0007481     1.81   0.071    -.0001134    .0
> 028192
             ppm_zn |   .0065029   .0251631     0.26   0.796    -.0428159    .0
> 558217
             ppm_mn |  -.0007618   .0019696    -0.39   0.699    -.0046222    .0
> 030985
             ppm_fe |  -.0030188   .0016394    -1.84   0.066    -.0062318    .0
> 001943
             ppm_cu |   .0775474   .0475347     1.63   0.103    -.0156189    .1
> 707137
              ppm_b |  -.3730225   .1872172    -1.99   0.046    -.7399614   -.0
> 060835
                 ph |  -.1529235   .2361464    -0.65   0.517     -.615762     .
> 309915
      percentsand_2 |  -.1613083   .7626707    -0.21   0.832    -1.656115    1.
> 333499
      percentsilt_2 |  -.1751761   .7657971    -0.23   0.819    -1.676111    1.
> 325759
      percentclay_2 |  -.1730706   .7575082    -0.23   0.819    -1.657759    1.
> 311618
              _cons |   1.432047    73.5134     0.02   0.984    -142.6516    14
> 5.5157
-------------------------------------------------------------------------------
------

------------------------------------------------------------------------------
                             |               Robust           
  Random-effects Parameters  |   Estimate   Std. Err.     [95% Conf. Interval]
-----------------------------+------------------------------------------------
site_code2: Identity         |
                   sd(_cons) |   7.90e-09          .             .           .
-----------------------------+------------------------------------------------
plst_id: Identity            |
                   sd(_cons) |   2.97e-09   1.29e-07      3.05e-46    2.89e+28
-----------------------------+------------------------------------------------
                sd(Residual) |   .7171338   .1051293       .538043    .9558359
------------------------------------------------------------------------------

. 
. ** Possible to Replication with <lmer> in R? 
. 
. // ADDITIONAL SUPPORT //
. 
. ** NOTE: to compare with the FEs and random effects methods we 
. **   re-run FE estimation but only for subsample that has values for covariat
> es
. **   the estimated effect is still negative, indicating that the positive val
> ue 
. **   we obtained above is not a function of difference in sample composition 
> after
. **   dropping obs, but rather a function of the identification strategy
. reghdfe l_lmass l_rich if elevation~=. & managed~=. & burned~=. & grazed~=. &
>  ///
>                                                         anthropogenic~=. &  t
> emp_var_v2~=. &   min_temp_v2~=. & ///
>                                                         max_temp_v2~=. &  tem
> p_wet_q_v2~=. &  temp_dry_q_v2~=. & ///
>                                                         temp_warm_q_v2~=. &  
> temp_cold_q_v2~=. &  pct_c2~=. &  ///
>                                                         pct_n2~=. &  ppm_p~=.
>  &  ppm_k~=. &  ppm_ca~=. & ///
>                                                         ppm_mg~=. &  ppm_s~=.
>  &  ppm_na~=. &  ppm_zn~=. & ///
>                                                         ppm_mn~=. &  ppm_fe~=
> . &  ppm_cu~=. &  ppm_b~=. & ///
>                                                         ph~=. & percentsand_2
> ~=. &  percentsilt_2~=. &  percentclay_2~=., ///
>                                                 keepsingletons  absorb(plst_i
> d styr_id) cluster(plst_id)
WARNING: Singleton observations not dropped; statistical significance is biased
>  (link)
(MWFE estimator converged in 4 iterations)

HDFE Linear regression                            Number of obs   =        675
Absorbing 2 HDFE groups                           F(   1,     81) =       3.73
Statistics robust to heteroskedasticity           Prob > F        =     0.0569
                                                  R-squared       =     0.8793
                                                  Adj R-squared   =     0.7759
                                                  Within R-sq.    =     0.0164
Number of clusters (plst_id) =         82         Root MSE        =     0.4994

                               (Std. Err. adjusted for 82 clusters in plst_id)
------------------------------------------------------------------------------
             |               Robust
     l_lmass |      Coef.   Std. Err.      t    P>|t|     [95% Conf. Interval]
-------------+----------------------------------------------------------------
      l_rich |  -.3109378   .1609454    -1.93   0.057    -.6311686     .009293
       _cons |   6.017314   .3565913    16.87   0.000     5.307809    6.726819
------------------------------------------------------------------------------

Absorbed degrees of freedom:
-----------------------------------------------------+
 Absorbed FE | Categories  - Redundant  = Num. Coefs |
-------------+---------------------------------------|
     plst_id |        82          82           0    *|
     styr_id |       229           0         229     |
-----------------------------------------------------+
* = FE nested within cluster; treated as redundant for DoF computation

. 
. 
. /////////////////////////////////////////////////////////////////////////////
> ///
> //
. ** Figure 3: Robustness across various designs
. //
. /////////////////////////////////////////////////////////////////////////////
> ///
> 
. 
. ** Main Study Design
. reghdfe l_lmass l_rich, keepsingletons absorb(plst_id styr_id) cluster(plst_i
> d)
WARNING: Singleton observations not dropped; statistical significance is biased
>  (link)
(MWFE estimator converged in 5 iterations)

HDFE Linear regression                            Number of obs   =      1,231
Absorbing 2 HDFE groups                           F(   1,    150) =       8.01
Statistics robust to heteroskedasticity           Prob > F        =     0.0053
                                                  R-squared       =     0.8675
                                                  Adj R-squared   =     0.7791
                                                  Within R-sq.    =     0.0128
Number of clusters (plst_id) =        151         Root MSE        =     0.4529

                              (Std. Err. adjusted for 151 clusters in plst_id)
------------------------------------------------------------------------------
             |               Robust
     l_lmass |      Coef.   Std. Err.      t    P>|t|     [95% Conf. Interval]
-------------+----------------------------------------------------------------
      l_rich |  -.2418294   .0854446    -2.83   0.005    -.4106599   -.0729989
       _cons |   5.996628   .1946824    30.80   0.000     5.611954    6.381302
------------------------------------------------------------------------------

Absorbed degrees of freedom:
-----------------------------------------------------+
 Absorbed FE | Categories  - Redundant  = Num. Coefs |
-------------+---------------------------------------|
     plst_id |       151         151           0    *|
     styr_id |       341           0         341     |
-----------------------------------------------------+
* = FE nested within cluster; treated as redundant for DoF computation

. 
. ** Dynamic Panel Design Lagged Dependent Variable
. reghdfe l_lmass l_rich L.l_lmass, keepsingletons absorb(styr_id) cluster(plst
> _id)
WARNING: Singleton observations not dropped; statistical significance is biased
>  (link)
(MWFE estimator converged in 1 iterations)

HDFE Linear regression                            Number of obs   =      1,063
Absorbing 1 HDFE group                            F(   2,    150) =       8.19
Statistics robust to heteroskedasticity           Prob > F        =     0.0004
                                                  R-squared       =     0.8333
                                                  Adj R-squared   =     0.7695
                                                  Within R-sq.    =     0.0272
Number of clusters (plst_id) =        151         Root MSE        =     0.4735

                              (Std. Err. adjusted for 151 clusters in plst_id)
------------------------------------------------------------------------------
             |               Robust
     l_lmass |      Coef.   Std. Err.      t    P>|t|     [95% Conf. Interval]
-------------+----------------------------------------------------------------
      l_rich |  -.1330352     .07894    -1.69   0.094    -.2890132    .0229427
             |
     l_lmass |
         L1. |   .1369348   .0378409     3.62   0.000     .0621648    .2117049
             |
       _cons |   5.014611   .2734263    18.34   0.000     4.474347    5.554876
------------------------------------------------------------------------------

Absorbed degrees of freedom:
-----------------------------------------------------+
 Absorbed FE | Categories  - Redundant  = Num. Coefs |
-------------+---------------------------------------|
     styr_id |       293           0         293     |
-----------------------------------------------------+

. 
. ** Sensitivity Test (note: no standard errors)
. psacalc beta l_rich, model(reg l_lmass l_rich i.plst_id i.styr_id, cluster(pl
> st_id)) delta(-0.1) rmax(1)

                 ---- Treatment Effect Estimate ----
             |     Estimate           Sq. difference      Bias changes
             |                      from controlled beta    direction
-------------+----------------------------------------------------------------
Beta         |      -0.19962                    .             
Alt. sol. 1  |             .                    .             
Alt. sol. 2  |             .                    .             
-------------+----------------------------------------------------------------

                 ---- Inputs from Regressions ----
             |      Coeff.            R-Squared
-------------+----------------------------------------------------------------
Uncontrolled |        0.06469         0.001
Controlled   |       -0.24183         0.867
-------------+----------------------------------------------------------------

                 ---- Other Inputs ----
-------------+----------------------------------------------------------------
R_max        |   1.000
Delta        |   -0.100
Unr. Controls|   
-------------+----------------------------------------------------------------

. 
. ** Mechanism Blocking Design
. reghdfe l_lmass l_rich ihs_even l_ground_par , keepsingletons  absorb(plst_id
>  styr_id) cluster(plst_id)
WARNING: Singleton observations not dropped; statistical significance is biased
>  (link)
(MWFE estimator converged in 6 iterations)

HDFE Linear regression                            Number of obs   =      1,008
Absorbing 2 HDFE groups                           F(   3,    144) =       4.19
Statistics robust to heteroskedasticity           Prob > F        =     0.0071
                                                  R-squared       =     0.8562
                                                  Adj R-squared   =     0.7521
                                                  Within R-sq.    =     0.0214
Number of clusters (plst_id) =        145         Root MSE        =     0.4495

                              (Std. Err. adjusted for 145 clusters in plst_id)
------------------------------------------------------------------------------
             |               Robust
     l_lmass |      Coef.   Std. Err.      t    P>|t|     [95% Conf. Interval]
-------------+----------------------------------------------------------------
      l_rich |  -.2255069   .0930849    -2.42   0.017    -.4094962   -.0415177
    ihs_even |  -.3744569   .2180978    -1.72   0.088    -.8055435    .0566297
l_ground_par |   .0029138   .0334473     0.09   0.931    -.0631973     .069025
       _cons |   6.227362   .2974381    20.94   0.000     5.639453    6.815271
------------------------------------------------------------------------------

Absorbed degrees of freedom:
-----------------------------------------------------+
 Absorbed FE | Categories  - Redundant  = Num. Coefs |
-------------+---------------------------------------|
     plst_id |       145         145           0    *|
     styr_id |       276           0         276     |
-----------------------------------------------------+
* = FE nested within cluster; treated as redundant for DoF computation

. 
. ** Instrumental Variable Design
. ivreghdfe l_lmass (l_rich = l_nbrichblock), a(plst_id styr_id) cluster(plst_i
> d) first
(dropped 8 singleton observations)
(MWFE estimator converged in 6 iterations)

First-stage regressions
-----------------------


First-stage regression of l_rich:

Statistics robust to heteroskedasticity and clustering on plst_id
Number of obs =                   1212
Number of clusters (plst_id) =     150
-------------------------------------------------------------------------------
              |               Robust
       l_rich |      Coef.   Std. Err.      t    P>|t|     [95% Conf. Interval]
--------------+----------------------------------------------------------------
l_nbrichblock |   .4874442    .116729     4.18   0.000     .2583445    .7165439
-------------------------------------------------------------------------------
F test of excluded instruments:
  F(  1,   149) =    17.44
  Prob > F      =   0.0001
Sanderson-Windmeijer multivariate F test of excluded instruments:
  F(  1,   149) =    17.44
  Prob > F      =   0.0001



Summary results for first-stage regressions
-------------------------------------------

                                           (Underid)            (Weak id)
Variable     | F(  1,   149)  P-val | SW Chi-sq(  1) P-val | SW F(  1,   149)
l_rich       |      17.44    0.0001 |       24.16   0.0000 |       17.44

NB: first-stage test statistics cluster-robust

Stock-Yogo weak ID F test critical values for single endogenous regressor:
                                   10% maximal IV size             16.38
                                   15% maximal IV size              8.96
                                   20% maximal IV size              6.66
                                   25% maximal IV size              5.53
Source: Stock-Yogo (2005).  Reproduced by permission.
NB: Critical values are for i.i.d. errors only.

Underidentification test
Ho: matrix of reduced form coefficients has rank=K1-1 (underidentified)
Ha: matrix has rank=K1 (identified)
Kleibergen-Paap rk LM statistic          Chi-sq(1)=8.24     P-val=0.0041

Weak identification test
Ho: equation is weakly identified
Cragg-Donald Wald F statistic                                      52.03
Kleibergen-Paap Wald rk F statistic                                17.44

Stock-Yogo weak ID test critical values for K1=1 and L1=1:
                                   10% maximal IV size             16.38
                                   15% maximal IV size              8.96
                                   20% maximal IV size              6.66
                                   25% maximal IV size              5.53
Source: Stock-Yogo (2005).  Reproduced by permission.
NB: Critical values are for Cragg-Donald F statistic and i.i.d. errors.

Weak-instrument-robust inference
Tests of joint significance of endogenous regressors B1 in main equation
Ho: B1=0 and orthogonality conditions are valid
Anderson-Rubin Wald test           F(1,149)=       0.40     P-val=0.5305
Anderson-Rubin Wald test           Chi-sq(1)=      0.55     P-val=0.4593
Stock-Wright LM S statistic        Chi-sq(1)=      0.48     P-val=0.4869

NB: Underidentification, weak identification and weak-identification-robust
    test statistics cluster-robust

Number of clusters             N_clust  =        150
Number of observations               N  =       1212
Number of regressors                 K  =          1
Number of endogenous regressors      K1 =          1
Number of instruments                L  =          1
Number of excluded instruments       L1 =          1

IV (2SLS) estimation
--------------------

Estimates efficient for homoskedasticity only
Statistics robust to heteroskedasticity and clustering on plst_id

Number of clusters (plst_id) =     150                Number of obs =     1212
                                                      F(  1,   149) =     0.43
                                                      Prob > F      =   0.5106
Total (centered) SS     =  127.9635332                Centered R2   =   0.0088
Total (uncentered) SS   =  127.9635332                Uncentered R2 =   0.0088
Residual SS             =   126.838614                Root MSE      =    .3797

------------------------------------------------------------------------------
             |               Robust
     l_lmass |      Coef.   Std. Err.      t    P>|t|     [95% Conf. Interval]
-------------+----------------------------------------------------------------
      l_rich |  -.2413251   .3659673    -0.66   0.511    -.9644814    .4818312
------------------------------------------------------------------------------
Underidentification test (Kleibergen-Paap rk LM statistic):              8.241
                                                   Chi-sq(1) P-val =    0.0041
------------------------------------------------------------------------------
Weak identification test (Cragg-Donald Wald F statistic):               52.029
                         (Kleibergen-Paap rk Wald F statistic):         17.438
Stock-Yogo weak ID test critical values: 10% maximal IV size             16.38
                                         15% maximal IV size              8.96
                                         20% maximal IV size              6.66
                                         25% maximal IV size              5.53
Source: Stock-Yogo (2005).  Reproduced by permission.
NB: Critical values are for Cragg-Donald F statistic and i.i.d. errors.
------------------------------------------------------------------------------
Hansen J statistic (overidentification test of all instruments):         0.000
                                                 (equation exactly identified)
------------------------------------------------------------------------------
Instrumented:         l_rich
Excluded instruments: l_nbrichblock
Partialled-out:       _cons
                      nb: total SS, model F and R2s are after partialling-out;
                          any small-sample adjustments include partialled-out
                          variables in regressor count K
------------------------------------------------------------------------------

Absorbed degrees of freedom:
-----------------------------------------------------+
 Absorbed FE | Categories  - Redundant  = Num. Coefs |
-------------+---------------------------------------|
     plst_id |       150         150           0    *|
     styr_id |       331           0         331     |
-----------------------------------------------------+
* = FE nested within cluster; treated as redundant for DoF computation

. 
. // ADDITIONAL SUPPORT //
. 
. ** Sensitivity Test: How low delta makes effect 0? About -1.69:
. psacalc beta l_rich, model(reg l_lmass l_rich i.plst_id i.styr_id, cluster(pl
> st_id)) delta(-1.69) rmax(1)

                 ---- Treatment Effect Estimate ----
             |     Estimate           Sq. difference      Bias changes
             |                      from controlled beta    direction
-------------+----------------------------------------------------------------
Beta         |       0.00003                    .             
Alt. sol. 1  |             .                    .             
Alt. sol. 2  |             .                    .             
-------------+----------------------------------------------------------------

                 ---- Inputs from Regressions ----
             |      Coeff.            R-Squared
-------------+----------------------------------------------------------------
Uncontrolled |        0.06469         0.001
Controlled   |       -0.24183         0.867
-------------+----------------------------------------------------------------

                 ---- Other Inputs ----
-------------+----------------------------------------------------------------
R_max        |   1.000
Delta        |   -1.690
Unr. Controls|   
-------------+----------------------------------------------------------------

. 
. 
. /////////////////////////////////////////////////////////////////////////////
> ///
> //
. ** Table S3 (Functional Form Tests)
. //
. /////////////////////////////////////////////////////////////////////////////
> ///
> 
. est clear

. 
. ** Log-Log
. eststo: reghdfe l_lmass l_rich, keepsingletons absorb(plst_id styr_id) cluste
> r(plst_id)
WARNING: Singleton observations not dropped; statistical significance is biased
>  (link)
(MWFE estimator converged in 5 iterations)

HDFE Linear regression                            Number of obs   =      1,231
Absorbing 2 HDFE groups                           F(   1,    150) =       8.01
Statistics robust to heteroskedasticity           Prob > F        =     0.0053
                                                  R-squared       =     0.8675
                                                  Adj R-squared   =     0.7791
                                                  Within R-sq.    =     0.0128
Number of clusters (plst_id) =        151         Root MSE        =     0.4529

                              (Std. Err. adjusted for 151 clusters in plst_id)
------------------------------------------------------------------------------
             |               Robust
     l_lmass |      Coef.   Std. Err.      t    P>|t|     [95% Conf. Interval]
-------------+----------------------------------------------------------------
      l_rich |  -.2418294   .0854446    -2.83   0.005    -.4106599   -.0729989
       _cons |   5.996628   .1946824    30.80   0.000     5.611954    6.381302
------------------------------------------------------------------------------

Absorbed degrees of freedom:
-----------------------------------------------------+
 Absorbed FE | Categories  - Redundant  = Num. Coefs |
-------------+---------------------------------------|
     plst_id |       151         151           0    *|
     styr_id |       341           0         341     |
-----------------------------------------------------+
* = FE nested within cluster; treated as redundant for DoF computation
(est1 stored)

. 
. ** Log-Level
. eststo: reghdfe l_lmass rich, keepsingletons absorb(plst_id styr_id) cluster(
> plst_id)
WARNING: Singleton observations not dropped; statistical significance is biased
>  (link)
(MWFE estimator converged in 5 iterations)

HDFE Linear regression                            Number of obs   =      1,231
Absorbing 2 HDFE groups                           F(   1,    150) =       3.46
Statistics robust to heteroskedasticity           Prob > F        =     0.0648
                                                  R-squared       =     0.8663
                                                  Adj R-squared   =     0.7771
                                                  Within R-sq.    =     0.0041
Number of clusters (plst_id) =        151         Root MSE        =     0.4549

                              (Std. Err. adjusted for 151 clusters in plst_id)
------------------------------------------------------------------------------
             |               Robust
     l_lmass |      Coef.   Std. Err.      t    P>|t|     [95% Conf. Interval]
-------------+----------------------------------------------------------------
        rich |   -.014839   .0079763    -1.86   0.065    -.0305993    .0009214
       _cons |   5.610714    .088737    63.23   0.000     5.435378     5.78605
------------------------------------------------------------------------------

Absorbed degrees of freedom:
-----------------------------------------------------+
 Absorbed FE | Categories  - Redundant  = Num. Coefs |
-------------+---------------------------------------|
     plst_id |       151         151           0    *|
     styr_id |       341           0         341     |
-----------------------------------------------------+
* = FE nested within cluster; treated as redundant for DoF computation
(est2 stored)

. 
. ** Level-Level
. eststo: reghdfe live_mass rich, keepsingletons absorb(plst_id styr_id) cluste
> r(plst_id)
WARNING: Singleton observations not dropped; statistical significance is biased
>  (link)
(MWFE estimator converged in 5 iterations)

HDFE Linear regression                            Number of obs   =      1,231
Absorbing 2 HDFE groups                           F(   1,    150) =       0.43
Statistics robust to heteroskedasticity           Prob > F        =     0.5143
                                                  R-squared       =     0.8294
                                                  Adj R-squared   =     0.7157
                                                  Within R-sq.    =     0.0007
Number of clusters (plst_id) =        151         Root MSE        =   144.8716

                              (Std. Err. adjusted for 151 clusters in plst_id)
------------------------------------------------------------------------------
             |               Robust
   live_mass |      Coef.   Std. Err.      t    P>|t|     [95% Conf. Interval]
-------------+----------------------------------------------------------------
        rich |  -1.906597   2.916688    -0.65   0.514    -7.669696    3.856502
       _cons |   350.8531   32.44845    10.81   0.000     286.7381    414.9682
------------------------------------------------------------------------------

Absorbed degrees of freedom:
-----------------------------------------------------+
 Absorbed FE | Categories  - Redundant  = Num. Coefs |
-------------+---------------------------------------|
     plst_id |       151         151           0    *|
     styr_id |       341           0         341     |
-----------------------------------------------------+
* = FE nested within cluster; treated as redundant for DoF computation
(est3 stored)

. 
. ** Level-Quadratic
. eststo: reghdfe live_mass rich rich2, keepsingletons absorb(plst_id styr_id) 
> cluster(plst_id)
WARNING: Singleton observations not dropped; statistical significance is biased
>  (link)
(MWFE estimator converged in 5 iterations)

HDFE Linear regression                            Number of obs   =      1,231
Absorbing 2 HDFE groups                           F(   2,    150) =       3.39
Statistics robust to heteroskedasticity           Prob > F        =     0.0363
                                                  R-squared       =     0.8308
                                                  Adj R-squared   =     0.7176
                                                  Within R-sq.    =     0.0089
Number of clusters (plst_id) =        151         Root MSE        =   144.3745

                              (Std. Err. adjusted for 151 clusters in plst_id)
------------------------------------------------------------------------------
             |               Robust
   live_mass |      Coef.   Std. Err.      t    P>|t|     [95% Conf. Interval]
-------------+----------------------------------------------------------------
        rich |  -16.65682    6.62181    -2.52   0.013    -29.74089   -3.572754
       rich2 |    .553964   .2165811     2.56   0.012     .1260203    .9819077
       _cons |   429.0928   45.80669     9.37   0.000     338.5831    519.6024
------------------------------------------------------------------------------

Absorbed degrees of freedom:
-----------------------------------------------------+
 Absorbed FE | Categories  - Redundant  = Num. Coefs |
-------------+---------------------------------------|
     plst_id |       151         151           0    *|
     styr_id |       341           0         341     |
-----------------------------------------------------+
* = FE nested within cluster; treated as redundant for DoF computation
(est4 stored)

. 
. esttab * using "$userdir/output/Table_S3.tex", fragment cells(b(fmt(%9.3f)) s
> e(par) ci(par)) stats(r2 N, fmt(%9.3f %9.0g) label(R-squared)) legend label r
> eplace
(output written to C:\GitHub\NutNetCausalinf/output/Table_S3.tex)

. est clear

. 
. 
. /////////////////////////////////////////////////////////////////////////////
> ///
> //
. ** Table S7 (Sensitivity Analysis a la Oster)
. //
. /////////////////////////////////////////////////////////////////////////////
> ///
> 
. ** areg on outcome equation log-log specification **
. est clear

. eststo: areg l_lmass l_rich i.styr_id, absorb(plst_id) cluster(plst_id)
note: 17.styr_id omitted because of collinearity
note: 26.styr_id omitted because of collinearity
note: 34.styr_id omitted because of collinearity
note: 42.styr_id omitted because of collinearity
note: 53.styr_id omitted because of collinearity
note: 63.styr_id omitted because of collinearity
note: 69.styr_id omitted because of collinearity
note: 74.styr_id omitted because of collinearity
note: 83.styr_id omitted because of collinearity
note: 89.styr_id omitted because of collinearity
note: 98.styr_id omitted because of collinearity
note: 106.styr_id omitted because of collinearity
note: 114.styr_id omitted because of collinearity
note: 120.styr_id omitted because of collinearity
note: 126.styr_id omitted because of collinearity
note: 138.styr_id omitted because of collinearity
note: 147.styr_id omitted because of collinearity
note: 155.styr_id omitted because of collinearity
note: 164.styr_id omitted because of collinearity
note: 173.styr_id omitted because of collinearity
note: 184.styr_id omitted because of collinearity
note: 190.styr_id omitted because of collinearity
note: 201.styr_id omitted because of collinearity
note: 210.styr_id omitted because of collinearity
note: 217.styr_id omitted because of collinearity
note: 223.styr_id omitted because of collinearity
note: 231.styr_id omitted because of collinearity
note: 239.styr_id omitted because of collinearity
note: 245.styr_id omitted because of collinearity
note: 256.styr_id omitted because of collinearity
note: 261.styr_id omitted because of collinearity
note: 269.styr_id omitted because of collinearity
note: 279.styr_id omitted because of collinearity
note: 289.styr_id omitted because of collinearity
note: 300.styr_id omitted because of collinearity
note: 309.styr_id omitted because of collinearity
note: 321.styr_id omitted because of collinearity
note: 331.styr_id omitted because of collinearity
note: 337.styr_id omitted because of collinearity
note: 345.styr_id omitted because of collinearity
note: 350.styr_id omitted because of collinearity
note: 359.styr_id omitted because of collinearity

Linear regression, absorbing indicators         Number of obs     =      1,231
Absorbed variable: plst_id                      No. of categories =        151
                                                F( 109,    150)   =          .
                                                Prob > F          =          .
                                                R-squared         =     0.8675
                                                Adj R-squared     =     0.7913
                                                Root MSE          =     0.3948

                              (Std. Err. adjusted for 151 clusters in plst_id)
------------------------------------------------------------------------------
             |               Robust
     l_lmass |      Coef.   Std. Err.      t    P>|t|     [95% Conf. Interval]
-------------+----------------------------------------------------------------
      l_rich |  -.2418294   .0911612    -2.65   0.009    -.4219554   -.0617035
             |
     styr_id |
          2  |    .276484   .0933127     2.96   0.004     .0921069    .4608611
          3  |  -.7503433   .0212069   -35.38   0.000    -.7922462   -.7084404
          4  |  -.8434043   .4839687    -1.74   0.083    -1.799681    .1128721
          5  |  -.4890852   .2485796    -1.97   0.051    -.9802549    .0020845
          6  |  -.5612628   .2301602    -2.44   0.016    -1.016038    -.106488
          7  |   -.617922   .5622353    -1.10   0.274    -1.728846    .4930017
          8  |    .341439   .1233214     2.77   0.006     .0977676    .5851105
          9  |   .4248863   .2330019     1.82   0.070    -.0355033    .8852759
         10  |  -.1805778   .3630642    -0.50   0.620    -.8979582    .5368027
         11  |  -.5115368   .3162641    -1.62   0.108    -1.136445    .1133711
         12  |  -.3607125   .3766739    -0.96   0.340    -1.104984    .3835594
         13  |  -.3658911   .2938855    -1.25   0.215     -.946581    .2147988
         14  |   .0035787   .2940814     0.01   0.990    -.5774983    .5846557
         15  |  -.0784238   .3024596    -0.26   0.796    -.6760554    .5192078
         16  |   .4421694   .1046343     4.23   0.000      .235422    .6489167
         17  |          0  (omitted)
         18  |  -.6225821   .3412305    -1.82   0.070    -1.296821    .0516572
         19  |  -.1396673   .1020769    -1.37   0.173    -.3413615    .0620269
         20  |  -.1543803   .2817906    -0.55   0.585    -.7111719    .4024113
         21  |  -.0810719   .1492869    -0.54   0.588    -.3760486    .2139048
         22  |  -.6486882   .2117826    -3.06   0.003    -1.067151   -.2302258
         23  |   .0936268   .3486694     0.27   0.789    -.5953109    .7825645
         24  |  -.0608476   .1624531    -0.37   0.709    -.3818396    .2601443
         25  |  -.1945754   .2666126    -0.73   0.467    -.7213766    .3322258
         26  |          0  (omitted)
         27  |  -.0034822   .5032725    -0.01   0.994     -.997901    .9909367
         28  |  -.2959691    .361566    -0.82   0.414    -1.010389     .418451
         29  |  -.1905908      .4375    -0.44   0.664    -1.055049    .6738678
         30  |   .1868801   .3952274     0.47   0.637    -.5940519     .967812
         31  |  -.1582592   .2394583    -0.66   0.510    -.6314061    .3148878
         32  |   .4948206   .5642145     0.88   0.382     -.620014    1.609655
         33  |  -.3077884   .2531478    -1.22   0.226    -.8079845    .1924078
         34  |          0  (omitted)
         35  |   -.952246   .2820987    -3.38   0.001    -1.509646   -.3948457
         36  |   .3136682   .3511332     0.89   0.373    -.3801377    1.007474
         37  |  -.3043876   .3016634    -1.01   0.315    -.9004458    .2916707
         38  |  -.0705645   .4915288    -0.14   0.886    -1.041779    .9006498
         39  |    -.01486   .3102398    -0.05   0.962    -.6278644    .5981445
         40  |   .0269963   .1499634     0.18   0.857    -.2693172    .3233098
         41  |   .3870229   .4148427     0.93   0.352    -.4326669    1.206713
         42  |          0  (omitted)
         43  |  -.0354692   .1949203    -0.18   0.856    -.4206132    .3496748
         44  |    -.39547   .2569787    -1.54   0.126    -.9032355    .1122956
         45  |  -1.272427   .2139824    -5.95   0.000    -1.695236   -.8496185
         46  |   -1.13439   .2148878    -5.28   0.000    -1.558988   -.7097925
         47  |  -.1006684   .1085407    -0.93   0.355    -.3151346    .1137977
         48  |  -.2985953   .2682289    -1.11   0.267    -.8285902    .2313996
         49  |   .2324691   .0945069     2.46   0.015     .0457324    .4192058
         50  |  -.0757368    .145707    -0.52   0.604      -.36364    .2121664
         51  |  -.0724043   .2408537    -0.30   0.764    -.5483084    .4034998
         52  |   -.109451   .1206188    -0.91   0.366    -.3477824    .1288804
         53  |          0  (omitted)
         54  |  -.8320864   .2511486    -3.31   0.001    -1.328332   -.3358406
         55  |  -1.528664   .1628022    -9.39   0.000    -1.850346   -1.206982
         56  |   .1021604   .2494354     0.41   0.683    -.3907003    .5950212
         57  |  -.3608058   .1263429    -2.86   0.005    -.6104475   -.1111641
         58  |   .0166831   .2718221     0.06   0.951    -.5204117    .5537779
         59  |   -.976538   .3365197    -2.90   0.004    -1.641469   -.3116069
         60  |  -.3347346   .3075175    -1.09   0.278    -.9423601    .2728909
         61  |  -.4036217   .2290848    -1.76   0.080    -.8562717    .0490282
         62  |   .1012423   .2580759     0.39   0.695    -.4086912    .6111758
         63  |          0  (omitted)
         64  |   -.207548   .0280631    -7.40   0.000     -.262998    -.152098
         65  |  -.4192697   .1150277    -3.64   0.000    -.6465534   -.1919859
         66  |   .1205169   .0526567     2.29   0.023     .0164723    .2245616
         67  |  -.2039923   .1295622    -1.57   0.117     -.459995    .0520104
         68  |  -.3099983   .3748582    -0.83   0.410    -1.050682    .4306859
         69  |          0  (omitted)
         70  |  -.0179332   .3557604    -0.05   0.960    -.7208821    .6850157
         71  |  -1.367721   .4133703    -3.31   0.001    -2.184502   -.5509407
         72  |   .1303075   .4297988     0.30   0.762    -.7189342    .9795491
         73  |  -1.587315   .3914971    -4.05   0.000    -2.360876   -.8137535
         74  |          0  (omitted)
         75  |   .0096966   .1080121     0.09   0.929     -.203725    .2231182
         76  |   .0436864    .131725     0.33   0.741    -.2165897    .3039625
         77  |   .0111405    .164179     0.07   0.946    -.3132616    .3355426
         78  |   1.073962   .0486745    22.06   0.000     .9777854    1.170138
         79  |   .8276726   .0775123    10.68   0.000     .6745156    .9808297
         80  |   .7186756   .1559702     4.61   0.000     .4104932    1.026858
         81  |  -.0996686   .1961471    -0.51   0.612    -.4872367    .2878994
         82  |    -.22477   .0977549    -2.30   0.023    -.4179245   -.0316156
         83  |          0  (omitted)
         84  |   -.252573   .2150801    -1.17   0.242    -.6775509    .1724049
         85  |   1.010755   .1912495     5.29   0.000     .6328639    1.388646
         86  |   .6293862   .1410613     4.46   0.000     .3506625    .9081099
         87  |   1.127816   .0724481    15.57   0.000     .9846656    1.270967
         88  |   1.070949   .1597776     6.70   0.000     .7552437    1.386654
         89  |          0  (omitted)
         91  |  -.5405621   .8890339    -0.61   0.544    -2.297209    1.216085
         92  |  -.1858914   .8264243    -0.22   0.822    -1.818828    1.447045
         93  |  -.4979948   .6705806    -0.74   0.459    -1.822999     .827009
         94  |  -.7273449   .4790444    -1.52   0.131    -1.673891    .2192015
         95  |  -1.120387   .5008099    -2.24   0.027     -2.10994   -.1308343
         96  |  -7.108678   3.593604    -1.98   0.050     -14.2093   -.0080568
         97  |  -1.986214   .5863271    -3.39   0.001    -3.144741   -.8276871
         98  |          0  (omitted)
         99  |   .6646493   .1642338     4.05   0.000      .340139    .9891597
        100  |   1.501678   .0970234    15.48   0.000     1.309969    1.693387
        101  |   1.259766   .1155664    10.90   0.000     1.031418    1.488114
        102  |   1.215895    .170556     7.13   0.000     .8788929    1.552898
        103  |   .8238496    .181279     4.54   0.000     .4656595     1.18204
        104  |   .5019864   .2261991     2.22   0.028     .0550385    .9489343
        106  |          0  (omitted)
        107  |   .1707714   .3553619     0.48   0.632    -.5313902    .8729329
        108  |   1.211176   .0890799    13.60   0.000     1.035162    1.387189
        109  |   .7745846   .2334988     3.32   0.001     .3132132    1.235956
        110  |   .2652894   .2863581     0.93   0.356    -.3005271    .8311059
        111  |  -.0733577   .3053114    -0.24   0.810     -.676624    .5299086
        112  |  -.2273016   .7019208    -0.32   0.747    -1.614231    1.159627
        113  |   .1422084   .2295077     0.62   0.536    -.3112771    .5956939
        114  |          0  (omitted)
        115  |     1.4327    .732482     1.96   0.052     -.014615    2.880015
        116  |   .0192434   .2819566     0.07   0.946    -.5378762     .576363
        117  |   .0742646   .7109658     0.10   0.917    -1.330537    1.479066
        118  |   1.966421   .4008247     4.91   0.000     1.174429    2.758413
        119  |   .4609584    .394293     1.17   0.244    -.3181272    1.240044
        120  |          0  (omitted)
        122  |    .167699   .1418527     1.18   0.239    -.1125886    .4479866
        123  |   1.030606   .5126074     2.01   0.046      .017742    2.043469
        124  |   1.013659   .3030111     3.35   0.001     .4149378     1.61238
        125  |   .5063141   .2102871     2.41   0.017     .0908067    .9218215
        126  |          0  (omitted)
        128  |   -.894785   .0983077    -9.10   0.000    -1.089032   -.7005383
        129  |  -1.171438   .3025431    -3.87   0.000    -1.769235   -.5736416
        130  |  -.0566721    .170955    -0.33   0.741     -.394463    .2811188
        131  |  -.5939813   .2916133    -2.04   0.043    -1.170182   -.0177809
        132  |  -.5792289   .1003119    -5.77   0.000    -.7774357    -.381022
        133  |  -1.213751   .1325511    -9.16   0.000     -1.47566   -.9518426
        134  |  -.8263234   .1356609    -6.09   0.000    -1.094377   -.5582703
        135  |  -.9057783   .3880709    -2.33   0.021     -1.67257   -.1389871
        136  |  -.9604615   .0262642   -36.57   0.000    -1.012357   -.9085659
        137  |  -.9111106   .4184277    -2.18   0.031    -1.737884   -.0843371
        138  |          0  (omitted)
        141  |   2.660289   1.316243     2.02   0.045     .0595172    5.261061
        142  |   3.590398   .5678862     6.32   0.000     2.468309    4.712488
        143  |   3.134993   .8209963     3.82   0.000     1.512782    4.757204
        144  |   1.467332   .2793794     5.25   0.000     .9153049    2.019359
        145  |   3.277906   .8694498     3.77   0.000     1.559956    4.995857
        146  |   1.974792   1.099492     1.80   0.074    -.1976997    4.147285
        147  |          0  (omitted)
        148  |   .3162843   .1337427     2.36   0.019     .0520215    .5805472
        149  |   .1949607   .2070969     0.94   0.348    -.2142433    .6041647
        150  |   .2309048   .2344501     0.98   0.326    -.2323463     .694156
        151  |  -.0307281   .2491911    -0.12   0.902    -.5231062      .46165
        152  |   .1362366   .2668387     0.51   0.610    -.3910114    .6634847
        153  |   .0389624   .2692063     0.14   0.885    -.4929637    .5708885
        154  |   .2976025   .2085778     1.43   0.156    -.1145275    .7097325
        155  |          0  (omitted)
        156  |  -.8345577   .3022722    -2.76   0.006    -1.431819   -.2372964
        157  |  -.5938756   .1416774    -4.19   0.000    -.8738168   -.3139344
        158  |  -.0605769   .0493142    -1.23   0.221    -.1580171    .0368633
        159  |  -.1805809   .0581438    -3.11   0.002    -.2954675   -.0656943
        160  |  -.1417111   .2107559    -0.67   0.502    -.5581448    .2747227
        161  |  -.7114088   .0870496    -8.17   0.000    -.8834105   -.5394071
        163  |  -.7148025   .1059069    -6.75   0.000    -.9240646   -.5055405
        164  |          0  (omitted)
        165  |  -.2408732   .1521709    -1.58   0.116    -.5415484     .059802
        166  |   .1055139   .4511884     0.23   0.815    -.7859917    .9970195
        167  |  -1.240897   .1722726    -7.20   0.000    -1.581291   -.9005026
        168  |    -.22652   .2687852    -0.84   0.401    -.7576141     .304574
        171  |  -.3424226   .2105149    -1.63   0.106    -.7583802     .073535
        172  |  -.5646886   .2199326    -2.57   0.011    -.9992546   -.1301227
        173  |          0  (omitted)
        174  |  -.7242006   .2257825    -3.21   0.002    -1.170325   -.2780757
        175  |   1.241743   .4576396     2.71   0.007     .3374901    2.145995
        176  |   .5055487   .1898026     2.66   0.009     .1305168    .8805805
        177  |  -.5041338   .4642549    -1.09   0.279    -1.421458    .4131899
        178  |  -1.523846   .5673802    -2.69   0.008    -2.644935   -.4027559
        179  |   .3059021    .038312     7.98   0.000     .2302011     .381603
        180  |   .2953258   .2455022     1.20   0.231    -.1897634    .7804149
        181  |   .3008291   .2842332     1.06   0.292    -.2607887     .862447
        182  |  -.5399823   .3991218    -1.35   0.178    -1.328609    .2486445
        183  |   .2812108   .2138493     1.31   0.191    -.1413353    .7037568
        184  |          0  (omitted)
        185  |  -.8099508   .2333365    -3.47   0.001    -1.271002   -.3488999
        186  |    .142366   .4250321     0.33   0.738    -.6974572    .9821891
        187  |  -.8636249   .3812832    -2.27   0.025    -1.617004   -.1102453
        188  |  -.6150549   .3599123    -1.71   0.090    -1.326208    .0960978
        189  |  -.1353127   .2356136    -0.57   0.567    -.6008629    .3302374
        190  |          0  (omitted)
        191  |  -.8434387   .1342571    -6.28   0.000    -1.108718   -.5781593
        192  |  -1.861335   .3184045    -5.85   0.000    -2.490473   -1.232198
        193  |  -.4633274   .2299605    -2.01   0.046    -.9177077   -.0089472
        194  |  -1.126313   .4415618    -2.55   0.012    -1.998797   -.2538282
        195  |  -1.344898    .198226    -6.78   0.000    -1.736574   -.9532219
        196  |  -1.640634   .2358387    -6.96   0.000    -2.106629   -1.174639
        197  |  -.7997278    .196009    -4.08   0.000    -1.187023   -.4124326
        198  |  -2.017527   .0708477   -28.48   0.000    -2.157516   -1.877539
        199  |  -1.227638   .0931281   -13.18   0.000     -1.41165   -1.043626
        200  |  -1.226729   .2452164    -5.00   0.000    -1.711254   -.7422048
        201  |          0  (omitted)
        202  |  -1.069618    .338553    -3.16   0.002    -1.738566    -.400669
        203  |  -1.723489   .2128549    -8.10   0.000    -2.144071   -1.302908
        204  |  -1.719579   .4949253    -3.47   0.001    -2.697504   -.7416532
        205  |  -.8910208    .326516    -2.73   0.007    -1.536185   -.2458561
        206  |  -1.682015   .4965499    -3.39   0.001     -2.66315   -.7008791
        207  |  -.7551617   .4003123    -1.89   0.061    -1.546141    .0358175
        208  |  -.5473611   .3788792    -1.44   0.151    -1.295991    .2012683
        209  |  -.7671015   .4452079    -1.72   0.087     -1.64679    .1125871
        210  |          0  (omitted)
        211  |   .4381003    .020342    21.54   0.000     .3979064    .4782943
        212  |  -.5086012    .020342   -25.00   0.000    -.5487952   -.4684073
        213  |    .263401   .0369627     7.13   0.000     .1903662    .3364358
        214  |   .4021797    .020342    19.77   0.000     .3619858    .4423736
        215  |   .6850801   4.01e-10  1.7e+09   0.000     .6850801    .6850801
        216  |   .3890796   .0262254    14.84   0.000     .3372606    .4408986
        217  |          0  (omitted)
        219  |  -.3250945   .7160598    -0.45   0.650    -1.739961    1.089772
        220  |   .8163797   .0615916    13.25   0.000     .6946806    .9380788
        221  |   1.186997   .0681632    17.41   0.000     1.052313    1.321681
        222  |   .4288263   .1172181     3.66   0.000     .1972145    .6604381
        223  |          0  (omitted)
        225  |  -.2882207   .3647154    -0.79   0.431    -1.008864    .4324224
        226  |   .2617585    .272138     0.96   0.338    -.2759605    .7994774
        227  |  -.1347107   .4278365    -0.31   0.753    -.9800752    .7106538
        228  |  -.0905388   .3106746    -0.29   0.771    -.7044024    .5233248
        229  |  -.3066272   .6067415    -0.51   0.614    -1.505491    .8922366
        230  |  -.1948338   .5101768    -0.38   0.703    -1.202895    .8132273
        231  |          0  (omitted)
        232  |   -.540985    .105587    -5.12   0.000     -.749615    -.332355
        233  |   .0480995   .2547085     0.19   0.850    -.4551804    .5513795
        234  |  -.4284513   .1645256    -2.60   0.010    -.7535384   -.1033642
        235  |  -.1105164   .2742791    -0.40   0.688    -.6524659    .4314332
        236  |   -.528838   .3861449    -1.37   0.173    -1.291824    .2341477
        237  |  -.0447319   .2806032    -0.16   0.874    -.5991773    .5097134
        238  |   -.311811   .0607966    -5.13   0.000    -.4319393   -.1916827
        239  |          0  (omitted)
        240  |  -.4838226    1.59795    -0.30   0.762     -3.64122    2.673575
        241  |   .6423362   .5554862     1.16   0.249    -.4552519    1.739924
        242  |  -.0551339   1.434211    -0.04   0.969    -2.888999    2.778732
        243  |  -1.728735   .9955267    -1.74   0.085    -3.695801    .2383319
        244  |    .022657   .7294117     0.03   0.975    -1.418591    1.463905
        245  |          0  (omitted)
        246  |  -.8403524   .2169615    -3.87   0.000    -1.269048    -.411657
        247  |  -.1389767   .2199245    -0.63   0.528    -.5735267    .2955733
        248  |  -.3498644   .1888257    -1.85   0.066    -.7229661    .0232373
        249  |  -.3277223   .1559387    -2.10   0.037    -.6358424   -.0196021
        250  |  -.6617131   .1384465    -4.78   0.000    -.9352702    -.388156
        251  |  -.5278093   .1251944    -4.22   0.000    -.7751815    -.280437
        252  |  -.2200451   .2065301    -1.07   0.288     -.628129    .1880388
        253  |   -.531532   .1382112    -3.85   0.000    -.8046242   -.2584398
        254  |  -.3382235   .1298062    -2.61   0.010    -.5947082   -.0817387
        255  |   .3281617   .1847986     1.78   0.078    -.0369828    .6933061
        256  |          0  (omitted)
        257  |   .9246624   .3837621     2.41   0.017     .1663849     1.68294
        258  |   .6530385   .2706106     2.41   0.017     .1183375     1.18774
        259  |   1.196991   .3182116     3.76   0.000     .5682354    1.825747
        260  |   .2393672   .1284654     1.86   0.064    -.0144684    .4932027
        261  |          0  (omitted)
        262  |   .2443461   .2957976     0.83   0.410     -.340122    .8288141
        263  |    .385755   .3387968     1.14   0.257    -.2836753    1.055185
        264  |   -3.08604      .5394    -5.72   0.000    -4.151843   -2.020236
        265  |  -.4516714   .2940023    -1.54   0.127    -1.032592    .1292493
        266  |  -1.194094   .1761127    -6.78   0.000    -1.542076   -.8461115
        267  |  -.6053986   .1646349    -3.68   0.000    -.9307016   -.2800957
        268  |   .1972283   .4908822     0.40   0.688    -.7727084    1.167165
        269  |          0  (omitted)
        270  |   .7812722   .1992544     3.92   0.000     .3875643     1.17498
        271  |  -.5804603   .3868588    -1.50   0.136    -1.344857    .1839361
        272  |   1.023444   .2472885     4.14   0.000     .5348259    1.512063
        273  |   .3063881   .3746015     0.82   0.415     -.433789    1.046565
        274  |   .4247977   .2181606     1.95   0.053     -.006267    .8558625
        275  |  -.2453272   .0994761    -2.47   0.015    -.4418826   -.0487718
        276  |   .5557039   .1552614     3.58   0.000     .2489222    .8624857
        277  |   1.102075   .1596651     6.90   0.000     .7865917    1.417558
        278  |   .7513329   .3554414     2.11   0.036     .0490142    1.453652
        279  |          0  (omitted)
        280  |  -1.172392   .1091023   -10.75   0.000    -1.387968   -.9568167
        281  |  -.7886888   .2499893    -3.15   0.002    -1.282644   -.2947337
        282  |  -1.013174   .3846099    -2.63   0.009    -1.773126   -.2532209
        283  |   -.417128    .135923    -3.07   0.003     -.685699   -.1485571
        284  |  -.2568314   .2753201    -0.93   0.352    -.8008378     .287175
        285  |  -1.011651   .2280907    -4.44   0.000    -1.462337   -.5609656
        289  |          0  (omitted)
        290  |  -.7367079   .2937363    -2.51   0.013    -1.317103   -.1563129
        291  |  -1.070315   .6631598    -1.61   0.109    -2.380656    .2400255
        292  |    .126131   .3503237     0.36   0.719    -.5660756    .8183375
        293  |   .1864788   .5557553     0.34   0.738     -.911641    1.284599
        294  |  -.0190052   .4761632    -0.04   0.968    -.9598586    .9218483
        295  |  -.8182081   .4349872    -1.88   0.062    -1.677702    .0412854
        296  |  -.2720301   .4010213    -0.68   0.499     -1.06441    .5203501
        297  |  -.4047376   .4077633    -0.99   0.323    -1.210439     .400964
        298  |  -.2781152    .332273    -0.84   0.404    -.9346552    .3784247
        299  |   .5668437   .4115642     1.38   0.170    -.2463681    1.380055
        300  |          0  (omitted)
        301  |   .5025561   .1869832     2.69   0.008      .133095    .8720171
        302  |   .1051722   .0881071     1.19   0.234    -.0689192    .2792636
        303  |   .2098197   .2788955     0.75   0.453    -.3412515    .7608909
        304  |   .7370426    .117868     6.25   0.000     .5041466    .9699385
        305  |   .3227159   .1576916     2.05   0.042     .0111322    .6342996
        306  |   1.167341   .2116386     5.52   0.000     .7491628    1.585519
        309  |          0  (omitted)
        311  |  -.4380349   .0711042    -6.16   0.000    -.5785301   -.2975398
        312  |  -.6394409   .3704725    -1.73   0.086    -1.371459    .0925777
        313  |  -.5257607   .1749351    -3.01   0.003    -.8714159   -.1801054
        314  |  -.5158064    .212721    -2.42   0.017    -.9361229   -.0954899
        315  |  -1.162153   .2732153    -4.25   0.000       -1.702   -.6223049
        316  |   -.598877     .26707    -2.24   0.026    -1.126582   -.0711719
        317  |  -.3146711   .1700913    -1.85   0.066    -.6507554    .0214132
        318  |  -.7073577   .2272209    -3.11   0.002    -1.156325   -.2583908
        319  |  -.9472346   .2499892    -3.79   0.000     -1.44119   -.4532796
        320  |   -.481919   .1109818    -4.34   0.000    -.7012085   -.2626295
        321  |          0  (omitted)
        322  |    .119773   .3896636     0.31   0.759    -.6501653    .8897113
        323  |  -.8344697   .1565876    -5.33   0.000    -1.143872   -.5250674
        324  |  -.2849269   .3508002    -0.81   0.418    -.9780749    .4082211
        325  |  -.0176849    .237299    -0.07   0.941    -.4865652    .4511954
        326  |  -1.664115   .3211706    -5.18   0.000    -2.298717   -1.029512
        327  |  -.4498053   .0637888    -7.05   0.000     -.575846   -.3237647
        328  |  -.7023829   .2088101    -3.36   0.001    -1.114972    -.289794
        329  |  -.1058173    .184103    -0.57   0.566    -.4695873    .2579527
        330  |  -.0784691   .1416392    -0.55   0.580    -.3583349    .2013966
        331  |          0  (omitted)
        333  |   .4466062   .2104968     2.12   0.036     .0306844     .862528
        334  |  -.1275605   .1233735    -1.03   0.303    -.3713349    .1162138
        335  |   .5016462   .0776023     6.46   0.000     .3483115     .654981
        336  |  -.2496292   .0131295   -19.01   0.000    -.2755718   -.2236866
        337  |          0  (omitted)
        338  |   .1496395   .2059945     0.73   0.469    -.2573861    .5566651
        339  |   .4652133   .1573722     2.96   0.004     .1542607    .7761659
        340  |  -.3735357   .2032597    -1.84   0.068    -.7751577    .0280863
        341  |   .7580092   .1913834     3.96   0.000     .3798538    1.136165
        342  |   .3816368   .2316052     1.65   0.101    -.0759931    .8392668
        343  |   .2691284   .2322837     1.16   0.248    -.1898421     .728099
        344  |   .0834634   .3767761     0.22   0.825    -.6610106    .8279374
        345  |          0  (omitted)
        346  |  -.2373402    .440786    -0.54   0.591    -1.108291    .6336112
        347  |  -.1692156   .2146392    -0.79   0.432    -.5933223    .2548912
        348  |    .170135   .1350318     1.26   0.210     -.096675     .436945
        349  |    .459191   .0852131     5.39   0.000     .2908179     .627564
        350  |          0  (omitted)
        351  |  -.2826194   .1311548    -2.15   0.033    -.5417688     -.02347
        352  |  -.1774023   .2132308    -0.83   0.407    -.5987262    .2439216
        353  |  -.3710547   .4562648    -0.81   0.417    -1.272591    .5304813
        354  |  -.3724451   .3107158    -1.20   0.233    -.9863902    .2414999
        355  |   -.233598    .126055    -1.85   0.066    -.4826708    .0154748
        356  |   -.464828    .149975    -3.10   0.002    -.7611644   -.1684916
        357  |  -.4037547   .1359097    -2.97   0.003    -.6722993     -.13521
        358  |  -.5429251   .0702938    -7.72   0.000    -.6818191   -.4040311
        359  |          0  (omitted)
             |
       _cons |   6.147699   .2188257    28.09   0.000      5.71532    6.580078
------------------------------------------------------------------------------
(est1 stored)

. 
. ** areg on selection equation **
. eststo: areg l_rich i.styr_id, absorb(plst_id) cluster(plst_id)
note: 17.styr_id omitted because of collinearity
note: 26.styr_id omitted because of collinearity
note: 34.styr_id omitted because of collinearity
note: 42.styr_id omitted because of collinearity
note: 53.styr_id omitted because of collinearity
note: 63.styr_id omitted because of collinearity
note: 69.styr_id omitted because of collinearity
note: 74.styr_id omitted because of collinearity
note: 83.styr_id omitted because of collinearity
note: 89.styr_id omitted because of collinearity
note: 98.styr_id omitted because of collinearity
note: 106.styr_id omitted because of collinearity
note: 114.styr_id omitted because of collinearity
note: 120.styr_id omitted because of collinearity
note: 127.styr_id omitted because of collinearity
note: 138.styr_id omitted because of collinearity
note: 147.styr_id omitted because of collinearity
note: 155.styr_id omitted because of collinearity
note: 164.styr_id omitted because of collinearity
note: 173.styr_id omitted because of collinearity
note: 184.styr_id omitted because of collinearity
note: 190.styr_id omitted because of collinearity
note: 201.styr_id omitted because of collinearity
note: 210.styr_id omitted because of collinearity
note: 217.styr_id omitted because of collinearity
note: 224.styr_id omitted because of collinearity
note: 231.styr_id omitted because of collinearity
note: 239.styr_id omitted because of collinearity
note: 245.styr_id omitted because of collinearity
note: 256.styr_id omitted because of collinearity
note: 261.styr_id omitted because of collinearity
note: 269.styr_id omitted because of collinearity
note: 279.styr_id omitted because of collinearity
note: 289.styr_id omitted because of collinearity
note: 300.styr_id omitted because of collinearity
note: 310.styr_id omitted because of collinearity
note: 321.styr_id omitted because of collinearity
note: 331.styr_id omitted because of collinearity
note: 337.styr_id omitted because of collinearity
note: 345.styr_id omitted because of collinearity
note: 350.styr_id omitted because of collinearity
note: 359.styr_id omitted because of collinearity

Linear regression, absorbing indicators         Number of obs     =      1,289
Absorbed variable: plst_id                      No. of categories =        151
                                                F( 111,    150)   =          .
                                                Prob > F          =          .
                                                R-squared         =     0.9059
                                                Adj R-squared     =     0.8525
                                                Root MSE          =     0.1834

                              (Std. Err. adjusted for 151 clusters in plst_id)
------------------------------------------------------------------------------
             |               Robust
      l_rich |      Coef.   Std. Err.      t    P>|t|     [95% Conf. Interval]
-------------+----------------------------------------------------------------
     styr_id |
          2  |   .0588915   .0523001     1.13   0.262    -.0444486    .1622316
          3  |   .1115718   .0990842     1.13   0.262    -.0842091    .3073527
          4  |  -.2876821   1.86e-09 -1.6e+08   0.000    -.2876821   -.2876821
          5  |   .1115718   .0990842     1.13   0.262    -.0842091    .3073527
          6  |  -.1335315   4.05e-10 -3.3e+08   0.000    -.1335315   -.1335315
          7  |   .1178645   .2572551     0.46   0.647    -.3904473    .6261763
          8  |   .2942561   .2566445     1.15   0.253    -.2128491    .8013613
          9  |   .2363612   .3648978     0.65   0.518    -.4846423    .9573647
         10  |   .1402442   .1595651     0.88   0.381    -.1750412    .4555297
         11  |   .1847547   .1916481     0.96   0.337    -.1939238    .5634332
         12  |  -.0874547   .0896814    -0.98   0.331    -.2646567    .0897473
         13  |   .0854766   .1453536     0.59   0.557    -.2017284    .3726815
         14  |  -.0266809   .1323471    -0.20   0.841    -.2881862    .2348244
         15  |  -.0111742   .0891651    -0.13   0.900     -.187356    .1650076
         16  |  -.0266809   .0273602    -0.98   0.331     -.080742    .0273803
         17  |          0  (omitted)
         18  |  -.1240058   .0462621    -2.68   0.008    -.2154153   -.0325963
         19  |   -.104953   .0277984    -3.78   0.000      -.15988   -.0500259
         20  |  -.0333612   .0342106    -0.98   0.331    -.1009581    .0342357
         21  |  -.0162634   .0166775    -0.98   0.331    -.0492165    .0166897
         22  |  -.0667224   .0342106    -1.95   0.053    -.1343193    .0008745
         23  |  -.0178545   .0443534    -0.40   0.688    -.1054926    .0697836
         24  |   .0182961   .0345411     0.53   0.597    -.0499538     .086546
         25  |   .0208118   .0485558     0.43   0.669    -.0751298    .1167534
         26  |          0  (omitted)
         27  |   .5435467    .221824     2.45   0.015     .1052435    .9818499
         28  |   .5458696   .1931368     2.83   0.005     .1642496    .9274897
         29  |   .3689704   .2762309     1.34   0.184    -.1768358    .9147766
         30  |   .3148206   .3122737     1.01   0.315    -.3022026    .9318437
         31  |   .4209718   .1710629     2.46   0.015     .0829677     .758976
         32  |   .2703101   .0784336     3.45   0.001     .1153327    .4252875
         33  |   .0837715   .0859044     0.98   0.331    -.0859675    .2535105
         34  |          0  (omitted)
         35  |  -.3879838   .1480969    -2.62   0.010    -.6806093   -.0953584
         36  |  -.2746099   .0816116    -3.36   0.001    -.4358666   -.1133532
         37  |   -.491157   .1563263    -3.14   0.002    -.8000429   -.1822711
         38  |  -.2519763   .1582026    -1.59   0.113    -.5645696     .060617
         39  |  -.2310491   .1510624    -1.53   0.128     -.529534    .0674359
         40  |  -.3003016   .1935933    -1.55   0.123    -.6828236    .0822203
         41  |  -.2279909   .1279754    -1.78   0.077    -.4808581    .0248763
         42  |          0  (omitted)
         43  |   .0738195   .0975365     0.76   0.450    -.1189033    .2665424
         44  |   .0903309   .1249411     0.72   0.471    -.1565409    .3372027
         45  |  -.0502424   .1438869    -0.35   0.727    -.3345494    .2340645
         46  |  -.2331503   .2135921    -1.09   0.277    -.6551881    .1888875
         47  |    .048803   .1055907     0.46   0.645    -.1598342    .2574402
         48  |  -.2172379   .1383648    -1.57   0.119    -.4906336    .0561577
         49  |  -.1520573   .1850234    -0.82   0.412     -.517646    .2135314
         50  |   -.042048   .1698096    -0.25   0.805    -.3775758    .2934797
         51  |   .0137986   .1037513     0.13   0.894    -.1912041    .2188013
         52  |  -.0805224   .1359499    -0.59   0.555    -.3491466    .1881018
         53  |          0  (omitted)
         54  |  -.0284245    .109034    -0.26   0.795    -.2438654    .1870164
         55  |  -.3658786   .0928956    -3.94   0.000    -.5494315   -.1823257
         56  |  -.1827765   .1306442    -1.40   0.164    -.4409171     .075364
         57  |   .0408967   .1335039     0.31   0.760    -.2228944    .3046877
         58  |   .1616793   .1074725     1.50   0.135    -.0506762    .3740348
         59  |  -.3479402    .108158    -3.22   0.002    -.5616501   -.1342303
         60  |    .174987   .0984115     1.78   0.077    -.0194648    .3694387
         61  |  -.2662391    .114616    -2.32   0.022    -.4927095   -.0397687
         62  |  -.1801518   .0785339    -2.29   0.023    -.3353273   -.0249764
         63  |          0  (omitted)
         64  |   .1408049   .0086615    16.26   0.000     .1236907    .1579191
         65  |   -.296991   .1112361    -2.67   0.008    -.5167829    -.077199
         66  |  -.0341718   .1542783    -0.22   0.825    -.3390111    .2706675
         67  |  -.1833487   .1935794    -0.95   0.345    -.5658434    .1991459
         68  |   .3374592   .0939931     3.59   0.000     .1517378    .5231807
         69  |          0  (omitted)
         70  |  -.1881048   .2219182    -0.85   0.398    -.6265942    .2503847
         71  |    .047574   .1357511     0.35   0.726    -.2206574    .3158053
         72  |   .0079843   .2138575     0.04   0.970    -.4145779    .4305465
         73  |  -.1884379   .1470985    -1.28   0.202    -.4790907    .1022148
         74  |          0  (omitted)
         75  |   .0351202   .3792027     0.09   0.926    -.7141484    .7843888
         76  |   .0743812   .2394352     0.31   0.756      -.39872    .5474824
         77  |   .0743812   .3187897     0.23   0.816     -.555517    .7042794
         78  |   .1702752   .1746106     0.98   0.331    -.1747389    .5152893
         79  |   .0743812   .2394352     0.31   0.756      -.39872    .5474824
         80  |   .1702752   .1746106     0.98   0.331    -.1747389    .5152893
         81  |  -.2310491   .2369318    -0.98   0.331     -.699204    .2371058
         82  |  -.2310491   .1234903    -1.87   0.063    -.4750543    .0129562
         83  |          0  (omitted)
         84  |   .2027326   .1800418     1.13   0.262     -.153013    .5584781
         85  |    .020411   .1800418     0.11   0.910    -.3353346    .3761566
         86  |   2.22e-16   .3600836     0.00   1.000    -.7114912    .7114912
         87  |  -.0911608    .279126    -0.33   0.744    -.6426873    .4603657
         88  |   2.24e-16   .3600836     0.00   1.000    -.7114912    .7114912
         89  |          0  (omitted)
         90  |   .4307714   .1232653     3.49   0.001     .1872109     .674332
         91  |   .2689355   .0361674     7.44   0.000     .1974722    .3403988
         92  |   .6048812   .1229146     4.92   0.000     .3620135    .8477489
         93  |   .2577299   .2733369     0.94   0.347    -.2823579    .7978177
         94  |   .2095362   .1202305     1.74   0.083    -.0280278    .4471003
         95  |   .2371655   .1906945     1.24   0.216    -.1396288    .6139597
         96  |  -1.122149   .2919907    -3.84   0.000    -1.699095    -.545203
         97  |  -.1566679   .1606568    -0.98   0.331    -.4741105    .1607748
         98  |          0  (omitted)
         99  |  -.0664237   .0819441    -0.81   0.419    -.2283375      .09549
        100  |   .0229976   .0952591     0.24   0.810    -.1652253    .2112205
        101  |  -.1606127   .1040383    -1.54   0.125    -.3661825    .0449572
        102  |  -.4200477   .0377173   -11.14   0.000    -.4945734   -.3455219
        103  |   .0155624   .1486198     0.10   0.917    -.2780963     .309221
        104  |  -.2700038   .0905521    -2.98   0.003    -.4489262   -.0910814
        105  |      -.241   .0998196    -2.41   0.017     -.438234    -.043766
        106  |          0  (omitted)
        107  |   .4013243   .2127316     1.89   0.061    -.0190133    .8216619
        108  |    .889943   .2226764     4.00   0.000     .4499555     1.32993
        109  |   .8675632   .0580749    14.94   0.000     .7528127    .9823138
        110  |   .1702752   .0893712     1.91   0.059    -.0063139    .3468643
        111  |  -.2310491   .1234903    -1.87   0.063    -.4750543    .0129562
        112  |  -.0607738   .1886749    -0.32   0.748    -.4335777      .31203
        113  |    .135155   .1385963     0.98   0.331     -.138698    .4090081
        114  |          0  (omitted)
        115  |   .3446913   .0623212     5.53   0.000     .2215504    .4678321
        116  |   .1042519   .1219188     0.86   0.394    -.1366481    .3451519
        117  |   .0177482   .1596791     0.11   0.912    -.2977626     .333259
        118  |   .3474576   .0297423    11.68   0.000     .2886897    .4062254
        119  |   .3629328   .1256958     2.89   0.004     .1145699    .6112958
        120  |          0  (omitted)
        121  |   .3552227    .147115     2.41   0.017     .0645373    .6459081
        122  |   .0684019   .1008795     0.68   0.499    -.1309265    .2677303
        123  |   .3167184   .2200266     1.44   0.152    -.1180333    .7514702
        124  |   .1702752   .1572487     1.08   0.281    -.1404333    .4809837
        125  |   .2431716   .1171971     2.07   0.040     .0116013    .4747419
        126  |  -4.93e-16   3.94e-09    -0.00   1.000    -7.79e-09    7.79e-09
        127  |          0  (omitted)
        128  |   .2095362   .1202305     1.74   0.083    -.0280278    .4471003
        129  |   .1553632   .1294846     1.20   0.232    -.1004861    .4112125
        130  |   .5257171   .1361829     3.86   0.000     .2566326    .7948016
        131  |   .3001808   .1366279     2.20   0.030     .0302171    .5701445
        132  |   .0982458   .3386389     0.29   0.772    -.5708727    .7673642
        133  |  -.1619173    .236826    -0.68   0.495    -.6298631    .3060285
        134  |   .2561235   .0743447     3.45   0.001     .1092255    .4030215
        135  |   .3305047   .0564707     5.85   0.000      .218924    .4420855
        136  |   .0468891   .1663208     0.28   0.778    -.2817451    .3755232
        137  |   .1993116   .2056715     0.97   0.334    -.2070759    .6056991
        138  |          0  (omitted)
        139  |   .4287369    .178966     2.40   0.018     .0751171    .7823567
        140  |  -.1351551   .1919245    -0.70   0.482    -.5143798    .2440696
        141  |   .1273309   .2289057     0.56   0.579    -.3249651    .5796269
        142  |   .0692132   .0396082     1.75   0.083     -.009049    .1474753
        143  |  -.4835296   .0456438   -10.59   0.000    -.5737173   -.3933418
        144  |  -.4657814   .1169439    -3.98   0.000    -.6968515   -.2347112
        145  |  -.9671405   .1015201    -9.53   0.000    -1.167735   -.7665464
        146  |  -.4442685   .0237275   -18.72   0.000    -.4911519   -.3973852
        147  |          0  (omitted)
        148  |  -.3451456   .1144577    -3.02   0.003    -.5713031    -.118988
        149  |  -.3191775   .0964668    -3.31   0.001    -.5097868   -.1285683
        150  |  -.5602211   .0529297   -10.58   0.000    -.6648052   -.4556371
        151  |  -.4049773   .0548417    -7.38   0.000    -.5133393   -.2966154
        152  |  -.2995255   .0728561    -4.11   0.000    -.4434823   -.1555688
        153  |   -.115332   .1199215    -0.96   0.338    -.3522856    .1216217
        154  |  -.1304318      .0674    -1.94   0.055    -.2636078    .0027443
        155  |          0  (omitted)
        156  |   -.005168   .0428816    -0.12   0.904     -.089898    .0795619
        157  |   .1311424   .0061315    21.39   0.000      .119027    .1432577
        158  |   .1003091   .0723406     1.39   0.168    -.0426291    .2432472
        159  |    .004415   .1360519     0.03   0.974    -.2644107    .2732408
        160  |  -.0341718   .0707607    -0.48   0.630    -.1739882    .1056445
        161  |   .0130735   .0965662     0.14   0.892    -.1777321    .2038792
        162  |  -.0973788   .0236703    -4.11   0.000     -.144149   -.0506086
        163  |  -.0726761   .0880142    -0.83   0.410    -.2465839    .1012317
        164  |          0  (omitted)
        165  |  -.5888139   .1488744    -3.96   0.000    -.8829756   -.2946521
        166  |  -.2353502   .1557025    -1.51   0.133    -.5430035    .0723032
        167  |  -.2226098   .1451994    -1.53   0.127      -.50951    .0642905
        168  |  -.1164585    .033833    -3.44   0.001    -.1833092   -.0496078
        169  |  -.2198435   .0980791    -2.24   0.026    -.4136385   -.0260485
        170  |  -.3185038   .0452133    -7.04   0.000    -.4078409   -.2291667
        171  |  -.1515787   .0698149    -2.17   0.031    -.2895262   -.0136311
        172  |  -.2474727   .0412332    -6.00   0.000    -.3289455   -.1659999
        173  |          0  (omitted)
        174  |   .0061164   .1612805     0.04   0.970    -.3125586    .3247914
        175  |  -.0701642   .1517684    -0.46   0.645    -.3700441    .2297157
        176  |   -.135155   .1551505    -0.87   0.385    -.4417178    .1714077
        177  |  -.1959289   .1583662    -1.24   0.218    -.5088455    .1169877
        178  |  -.1445454   .0768755    -1.88   0.062     -.296444    .0073533
        179  |  -.3148206   .2077565    -1.52   0.132    -.7253278    .0956867
        180  |  -.1215477   .1886749    -0.64   0.520    -.4943515    .2512561
        181  |  -.2249327   .3350392    -0.67   0.503    -.8869384    .4370731
        182  |  -.0093903    .140534    -0.07   0.947    -.2870723    .2682916
        183  |  -.0837715   .0859044    -0.98   0.331    -.2535105    .0859675
        184  |          0  (omitted)
        185  |  -.0564728   .1518428    -0.37   0.710    -.3564997    .2435542
        186  |  -.0831536   .1324136    -0.63   0.531    -.3447904    .1784831
        187  |  -.6351397   .3252958    -1.95   0.053    -1.277893     .007614
        188  |   .0594923   .2570447     0.23   0.817    -.4484037    .5673884
        189  |   .2282828   .0907357     2.52   0.013     .0489977    .4075679
        190  |          0  (omitted)
        191  |  -1.399902   .2148713    -6.52   0.000    -1.824467   -.9753364
        192  |  -.9668074   .6589927    -1.47   0.144    -2.268915    .3352999
        193  |  -.6964973   .5203965    -1.34   0.183    -1.724751    .3317569
        194  |  -.2661692   .3351558    -0.79   0.428    -.9284053    .3960668
        195  |  -.4458348   .0472852    -9.43   0.000    -.5392657   -.3524038
        196  |  -.1540118   .0364137    -4.23   0.000    -.2259619   -.0820618
        197  |  -.0641239   .2321427    -0.28   0.783     -.522816    .3945681
        198  |  -.0351202   .1025167    -0.34   0.732    -.2376836    .1674432
        199  |  -.2891669   .1551282    -1.86   0.064    -.5956854    .0173517
        200  |   .0710311    .130639     0.54   0.587    -.1870991    .3291613
        201  |          0  (omitted)
        202  |   .0339504   .1255973     0.27   0.787    -.2142181    .2821188
        203  |   .2005343   .0861998     2.33   0.021     .0302116    .3708571
        204  |  -.0210651   .1693924    -0.12   0.901    -.3557685    .3136383
        205  |  -.1115718   .1011427    -1.10   0.272    -.3114202    .0882766
        206  |  -.1393364   .0458548    -3.04   0.003    -.2299412   -.0487316
        207  |   .0569196   .0585546     0.97   0.333    -.0587788     .172618
        208  |  -.0273946   .0789424    -0.35   0.729    -.1833773    .1285881
        209  |  -.0530235   .1076813    -0.49   0.623    -.2657915    .1597446
        210  |          0  (omitted)
        211  |   .2231436   6.09e-10  3.7e+08   0.000     .2231436    .2231436
        212  |   .2231436   6.09e-10  3.7e+08   0.000     .2231436    .2231436
        213  |   .4054651   6.09e-10  6.7e+08   0.000     .4054651    .4054651
        214  |   .2231436   6.09e-10  3.7e+08   0.000     .2231436    .2231436
        215  |  -6.29e-16   6.09e-10    -0.00   1.000    -1.20e-09    1.20e-09
        216  |  -.2876821   6.09e-10 -4.7e+08   0.000    -.2876821   -.2876821
        217  |          0  (omitted)
        218  |  -.0743812   .1544926    -0.48   0.631     -.379644    .2308816
        219  |  -.0317701   .0920458    -0.35   0.730    -.2136438    .1501037
        220  |   .0607738   .0623212     0.98   0.331     -.062367    .1839147
        221  |   .0036832   .1520735     0.02   0.981    -.2967997    .3041661
        222  |   .1762814   .0823142     2.14   0.034     .0136363    .3389264
        223  |   -.039261   .0402607    -0.98   0.331    -.1188123    .0402902
        224  |          0  (omitted)
        225  |  -.0196135   .0745283    -0.26   0.793    -.1668744    .1276474
        226  |  -.0486173   .0764256    -0.64   0.526     -.199627    .1023924
        227  |   .0894329   .0997206     0.90   0.371    -.1076055    .2864713
        228  |    .095894   .0983356     0.98   0.331    -.0984078    .2901958
        229  |   .0874547   .1452865     0.60   0.548    -.1996176     .374527
        230  |   .2278592    .048942     4.66   0.000     .1311544     .324564
        231  |          0  (omitted)
        232  |   .1885168   .1541088     1.22   0.223    -.1159876    .4930212
        233  |  -.0299521   .1326174    -0.23   0.822    -.2919917    .2320874
        234  |  -.1566679   .0861709    -1.82   0.071    -.3269335    .0135977
        235  |  -.0215128    .151619    -0.14   0.887    -.3210976     .278072
        236  |   .0659419   .0356084     1.85   0.066     -.004417    .1363008
        237  |    .033554   .0884341     0.38   0.705    -.1411834    .2082913
        238  |  -.1248978   .0873485    -1.43   0.155    -.2974903    .0476947
        239  |          0  (omitted)
        240  |   .4904146   .1800418     2.72   0.007      .134669    .8461602
        241  |   .2979917   .1277417     2.33   0.021     .0455861    .5503973
        242  |   .2209163    .059293     3.73   0.000      .103759    .3380737
        243  |   .2876821          .        .       .            .           .
        244  |   .2209163    .059293     3.73   0.000      .103759    .3380737
        245  |          0  (omitted)
        246  |   .8236071   .2549013     3.23   0.002     .3199463    1.327268
        247  |   1.209955   .2377078     5.09   0.000     .7402671    1.679643
        248  |   .8938093   .2624172     3.41   0.001     .3752977    1.412321
        249  |   .6110678   .2432726     2.51   0.013     .1303842    1.091751
        250  |   .0743812   .2505004     0.30   0.767    -.4205838    .5693462
        251  |   .6652641   .3139357     2.12   0.036     .0449569    1.285571
        252  |   .9108151   .2155736     4.23   0.000      .484862    1.336768
        253  |   .4175876   .2832173     1.47   0.142    -.1420228    .9771981
        254  |   .0743812   .1315889     0.57   0.573     -.185626    .3343883
        255  |   .3196232   .2195518     1.46   0.148    -.1141904    .7534368
        256  |          0  (omitted)
        257  |   .0692132   .0709754     0.98   0.331    -.0710275    .2094538
        258  |  -.0496785   .1379522    -0.36   0.719    -.3222589     .222902
        259  |   .2015788   .0550746     3.66   0.000     .0927565     .310401
        260  |    .135155   .0216252     6.25   0.000     .0924257    .1778844
        261  |          0  (omitted)
        262  |   .1432734   .1536101     0.93   0.352    -.1602455    .4467924
        263  |  -.4652603   .1550444    -3.00   0.003    -.7716133   -.1589073
        264  |  -.4523526   .2531647    -1.79   0.076    -.9525821    .0478769
        265  |   .3908891   .1493738     2.62   0.010     .0957406    .6860376
        266  |   -.039614    .187976    -0.21   0.833    -.4110368    .3318088
        267  |    .397917   .1081898     3.68   0.000     .1841442    .6116899
        268  |    .112814   .1116785     1.01   0.314    -.1078521    .3334802
        269  |          0  (omitted)
        270  |  -.2619522   .1076476    -2.43   0.016    -.4746537   -.0492507
        271  |  -.3741096   .0983356    -3.80   0.000    -.5684114   -.1798078
        272  |   .2839174   .0623212     4.56   0.000     .1607766    .4070583
        273  |  -.0215128   .2353907    -0.09   0.927    -.4866227     .443597
        274  |   .0298707   .1066898     0.28   0.780    -.1809382    .2406797
        275  |  -.4836109   .1202305    -4.02   0.000     -.721175   -.2460469
        276  |    .135155   .0856257     1.58   0.117    -.0340332    .3043432
        277  |   .3508077   .1309146     2.68   0.008     .0921329    .6094825
        278  |   .1967958      .0633     3.11   0.002     .0717211    .3218706
        279  |          0  (omitted)
        280  |  -.2319543   .0536025    -4.33   0.000    -.3378678   -.1260409
        281  |  -.0492324   .1296945    -0.38   0.705    -.3054966    .2070317
        282  |  -.1114948   .0861283    -1.29   0.197    -.2816761    .0586864
        283  |  -.2877402    .066209    -4.35   0.000     -.418563   -.1569175
        284  |  -.0312908   .0663232    -0.47   0.638    -.1623391    .0997575
        285  |  -.1834154   .0351683    -5.22   0.000    -.2529045   -.1139262
        286  |  -.0590972   .0372397    -1.59   0.115    -.1326793    .0144849
        287  |  -.2063846   .0969204    -2.13   0.035    -.3978901   -.0148791
        288  |  -.0724083   .0390943    -1.85   0.066     -.149655    .0048384
        289  |          0  (omitted)
        290  |   .4979541   .5850876     0.85   0.396    -.6581236    1.654032
        291  |   .3064954   .4335977     0.71   0.481    -.5502527    1.163243
        292  |   .5690159   .5457892     1.04   0.299    -.5094119    1.647444
        293  |   .5766806   .4950072     1.16   0.246    -.4014067    1.554768
        294  |   .2404238    .337386     0.71   0.477    -.4262189    .9070666
        295  |   .2568031   .3787741     0.68   0.499    -.4916186    1.005225
        296  |   .5488836   .4141827     1.33   0.187    -.2695022    1.367269
        297  |   .3762743   .2243322     1.68   0.096    -.0669848    .8195335
        298  |   .3143395   .1840579     1.71   0.090    -.0493416    .6780206
        299  |   .5926214   .3054404     1.94   0.054    -.0108999    1.196143
        300  |          0  (omitted)
        301  |  -.0102009   .0826055    -0.12   0.902    -.1734216    .1530198
        302  |  -.1060949   .1086169    -0.98   0.330    -.3207115    .1085217
        303  |  -.2034351   .0416803    -4.88   0.000    -.2857915   -.1210787
        304  |  -.0920344   .0735154    -1.25   0.213    -.2372939     .053225
        305  |  -.3474012   .1591079    -2.18   0.031    -.6617833   -.0330192
        306  |  -.0874547   .1252156    -0.70   0.486    -.3348689    .1599594
        307  |  -.0325807   .1455993    -0.22   0.823    -.3202712    .2551098
        308  |  -.2083014   .1521564    -1.37   0.173     -.508948    .0923452
        309  |  -.0630306   .0586348    -1.07   0.284    -.1788874    .0528261
        310  |          0  (omitted)
        311  |  -.3106797   .1104897    -2.81   0.006    -.5289969   -.0923625
        312  |    .135155   .0703439     1.92   0.057    -.0038378    .2741479
        313  |   .1000349   .0547336     1.83   0.070    -.0081135    .2081832
        314  |    .227699   .0465328     4.89   0.000     .1357546    .3196433
        315  |  -.1540118   .1084915    -1.42   0.158    -.3683807     .060357
        316  |   .0317701    .032579     0.98   0.331    -.0326029     .096143
        317  |   .1669251   .0946003     1.76   0.080    -.0199961    .3538463
        318  |   .0710311   .0370224     1.92   0.057    -.0021217    .1441839
        319  |  -.0796307   .1462657    -0.54   0.587    -.3686378    .2093765
        320  |   .2226098   .0236962     9.39   0.000     .1757883    .2694312
        321  |          0  (omitted)
        322  |   .2829036   .0691915     4.09   0.000     .1461876    .4196195
        323  |  -.3602548   .1310175    -2.75   0.007     -.619133   -.1013766
        324  |  -.3174368   .1433191    -2.21   0.028    -.6006218   -.0342518
        325  |   .0585825   .1507679     0.39   0.698    -.2393206    .3564857
        326  |  -1.017627   .1760385    -5.78   0.000    -1.365462   -.6697912
        327  |   .3075424   .1385074     2.22   0.028     .0338649    .5812199
        328  |   .0643036   .0688197     0.93   0.352    -.0716777    .2002848
        329  |  -.0645366   .0858675    -0.75   0.453    -.2342027    .1051295
        330  |   .0157646   .0392977     0.40   0.689    -.0618839    .0934131
        331  |          0  (omitted)
        332  |  -.2379221   .2253697    -1.06   0.293    -.6832313    .2073871
        333  |   -.298696    .038738    -7.71   0.000    -.3752386   -.2221533
        334  |  -.5433524   .1849534    -2.94   0.004    -.9088028   -.1779019
        335  |  -.3730772   .1013571    -3.68   0.000    -.5733491   -.1728052
        336  |   1.38e-16   2.82e-09     0.00   1.000    -5.57e-09    5.57e-09
        337  |          0  (omitted)
        338  |   .3107232   .0797479     3.90   0.000      .153149    .4682974
        339  |  -.0106132   .0838213    -0.13   0.899    -.1762363    .1550098
        340  |  -.1360416   .0877977    -1.55   0.123    -.3095215    .0374382
        341  |  -.0138217   .0568272    -0.24   0.808    -.1261069    .0984635
        342  |   .0410398   .1012078     0.41   0.686    -.1589373    .2410169
        343  |   .0055406    .097536     0.06   0.955    -.1871813    .1982624
        344  |   .1546291   .0538386     2.87   0.005     .0482492     .261009
        345  |          0  (omitted)
        346  |   .1001951   .2687052     0.37   0.710    -.4307409    .6311312
        347  |   .3045633   .2689408     1.13   0.259    -.2268382    .8359649
        348  |  -.0513835   .1677281    -0.31   0.760    -.3827984    .2800314
        349  |   .0958941   .1352612     0.71   0.479    -.1713693    .3631574
        350  |          0  (omitted)
        351  |  -.2006275   .0671052    -2.99   0.003     -.333221   -.0680339
        352  |  -.2330702   .0256621    -9.08   0.000     -.283776   -.1823644
        353  |  -.1566834   .1085824    -1.44   0.151     -.371232    .0578653
        354  |  -.0184015    .054895    -0.34   0.738    -.1268689    .0900658
        355  |   .0179285   .0353562     0.51   0.613     -.051932     .087789
        356  |   .0408674   .0419079     0.98   0.331    -.0419387    .1236735
        357  |   .0698712   .0282193     2.48   0.014     .0141126    .1256298
        358  |   .0649754   .0698227     0.93   0.354    -.0729876    .2029385
        359  |          0  (omitted)
             |
       _cons |   2.287252   .0220297   103.83   0.000     2.243723     2.33078
------------------------------------------------------------------------------
(est2 stored)

. 
. esttab * using "$userdir/output/Table_S7.tex", fragment cells(b(fmt(%9.3f)) s
> e(par) ci(par)) stats(r2 N, fmt(%9.3f %9.0g) label(R-squared)) legend label r
> eplace
(output written to C:\GitHub\NutNetCausalinf/output/Table_S7.tex)

. est clear

. 
. psacalc beta l_rich, model(reg l_lmass l_rich i.plst_id i.styr_id, cluster(pl
> st_id)) delta(-0.1) rmax(1)

                 ---- Treatment Effect Estimate ----
             |     Estimate           Sq. difference      Bias changes
             |                      from controlled beta    direction
-------------+----------------------------------------------------------------
Beta         |      -0.19962                    .             
Alt. sol. 1  |             .                    .             
Alt. sol. 2  |             .                    .             
-------------+----------------------------------------------------------------

                 ---- Inputs from Regressions ----
             |      Coeff.            R-Squared
-------------+----------------------------------------------------------------
Uncontrolled |        0.06469         0.001
Controlled   |       -0.24183         0.867
-------------+----------------------------------------------------------------

                 ---- Other Inputs ----
-------------+----------------------------------------------------------------
R_max        |   1.000
Delta        |   -0.100
Unr. Controls|   
-------------+----------------------------------------------------------------

. 
. 
. /////////////////////////////////////////////////////////////////////////////
> ///
> //
. ** Table S8 (IV)
. //
. /////////////////////////////////////////////////////////////////////////////
> ///
> 
. est clear

. eststo: ivreghdfe l_lmass (l_rich = l_nbrichblock), a(plst_id styr_id) cluste
> r(plst_id) first
(dropped 8 singleton observations)
(MWFE estimator converged in 6 iterations)

First-stage regressions
-----------------------


First-stage regression of l_rich:

Statistics robust to heteroskedasticity and clustering on plst_id
Number of obs =                   1212
Number of clusters (plst_id) =     150
-------------------------------------------------------------------------------
              |               Robust
       l_rich |      Coef.   Std. Err.      t    P>|t|     [95% Conf. Interval]
--------------+----------------------------------------------------------------
l_nbrichblock |   .4874442    .116729     4.18   0.000     .2583445    .7165439
-------------------------------------------------------------------------------
F test of excluded instruments:
  F(  1,   149) =    17.44
  Prob > F      =   0.0001
Sanderson-Windmeijer multivariate F test of excluded instruments:
  F(  1,   149) =    17.44
  Prob > F      =   0.0001



Summary results for first-stage regressions
-------------------------------------------

                                           (Underid)            (Weak id)
Variable     | F(  1,   149)  P-val | SW Chi-sq(  1) P-val | SW F(  1,   149)
l_rich       |      17.44    0.0001 |       24.16   0.0000 |       17.44

NB: first-stage test statistics cluster-robust

Stock-Yogo weak ID F test critical values for single endogenous regressor:
                                   10% maximal IV size             16.38
                                   15% maximal IV size              8.96
                                   20% maximal IV size              6.66
                                   25% maximal IV size              5.53
Source: Stock-Yogo (2005).  Reproduced by permission.
NB: Critical values are for i.i.d. errors only.

Underidentification test
Ho: matrix of reduced form coefficients has rank=K1-1 (underidentified)
Ha: matrix has rank=K1 (identified)
Kleibergen-Paap rk LM statistic          Chi-sq(1)=8.24     P-val=0.0041

Weak identification test
Ho: equation is weakly identified
Cragg-Donald Wald F statistic                                      52.03
Kleibergen-Paap Wald rk F statistic                                17.44

Stock-Yogo weak ID test critical values for K1=1 and L1=1:
                                   10% maximal IV size             16.38
                                   15% maximal IV size              8.96
                                   20% maximal IV size              6.66
                                   25% maximal IV size              5.53
Source: Stock-Yogo (2005).  Reproduced by permission.
NB: Critical values are for Cragg-Donald F statistic and i.i.d. errors.

Weak-instrument-robust inference
Tests of joint significance of endogenous regressors B1 in main equation
Ho: B1=0 and orthogonality conditions are valid
Anderson-Rubin Wald test           F(1,149)=       0.40     P-val=0.5305
Anderson-Rubin Wald test           Chi-sq(1)=      0.55     P-val=0.4593
Stock-Wright LM S statistic        Chi-sq(1)=      0.48     P-val=0.4869

NB: Underidentification, weak identification and weak-identification-robust
    test statistics cluster-robust

Number of clusters             N_clust  =        150
Number of observations               N  =       1212
Number of regressors                 K  =          1
Number of endogenous regressors      K1 =          1
Number of instruments                L  =          1
Number of excluded instruments       L1 =          1

IV (2SLS) estimation
--------------------

Estimates efficient for homoskedasticity only
Statistics robust to heteroskedasticity and clustering on plst_id

Number of clusters (plst_id) =     150                Number of obs =     1212
                                                      F(  1,   149) =     0.43
                                                      Prob > F      =   0.5106
Total (centered) SS     =  127.9635332                Centered R2   =   0.0088
Total (uncentered) SS   =  127.9635332                Uncentered R2 =   0.0088
Residual SS             =   126.838614                Root MSE      =    .3797

------------------------------------------------------------------------------
             |               Robust
     l_lmass |      Coef.   Std. Err.      t    P>|t|     [95% Conf. Interval]
-------------+----------------------------------------------------------------
      l_rich |  -.2413251   .3659673    -0.66   0.511    -.9644814    .4818312
------------------------------------------------------------------------------
Underidentification test (Kleibergen-Paap rk LM statistic):              8.241
                                                   Chi-sq(1) P-val =    0.0041
------------------------------------------------------------------------------
Weak identification test (Cragg-Donald Wald F statistic):               52.029
                         (Kleibergen-Paap rk Wald F statistic):         17.438
Stock-Yogo weak ID test critical values: 10% maximal IV size             16.38
                                         15% maximal IV size              8.96
                                         20% maximal IV size              6.66
                                         25% maximal IV size              5.53
Source: Stock-Yogo (2005).  Reproduced by permission.
NB: Critical values are for Cragg-Donald F statistic and i.i.d. errors.
------------------------------------------------------------------------------
Hansen J statistic (overidentification test of all instruments):         0.000
                                                 (equation exactly identified)
------------------------------------------------------------------------------
Instrumented:         l_rich
Excluded instruments: l_nbrichblock
Partialled-out:       _cons
                      nb: total SS, model F and R2s are after partialling-out;
                          any small-sample adjustments include partialled-out
                          variables in regressor count K
------------------------------------------------------------------------------

Absorbed degrees of freedom:
-----------------------------------------------------+
 Absorbed FE | Categories  - Redundant  = Num. Coefs |
-------------+---------------------------------------|
     plst_id |       150         150           0    *|
     styr_id |       331           0         331     |
-----------------------------------------------------+
* = FE nested within cluster; treated as redundant for DoF computation
(est1 stored)

. 
. gen     includeinfirst = e(sample)

. eststo: reghdfe l_rich l_nbrichblock if includeinfirst==1, a(plst_id styr_id)
>  cluster(plst_id) 
(MWFE estimator converged in 6 iterations)

HDFE Linear regression                            Number of obs   =      1,212
Absorbing 2 HDFE groups                           F(   1,    149) =      17.44
Statistics robust to heteroskedasticity           Prob > F        =     0.0001
                                                  R-squared       =     0.9087
                                                  Adj R-squared   =     0.8486
                                                  Within R-sq.    =     0.0558
Number of clusters (plst_id) =        150         Root MSE        =     0.2056

                               (Std. Err. adjusted for 150 clusters in plst_id)
-------------------------------------------------------------------------------
              |               Robust
       l_rich |      Coef.   Std. Err.      t    P>|t|     [95% Conf. Interval]
--------------+----------------------------------------------------------------
l_nbrichblock |   .4874442    .116729     4.18   0.000     .2567862    .7181022
        _cons |   1.211113    .257228     4.71   0.000     .7028272    1.719399
-------------------------------------------------------------------------------

Absorbed degrees of freedom:
-----------------------------------------------------+
 Absorbed FE | Categories  - Redundant  = Num. Coefs |
-------------+---------------------------------------|
     plst_id |       150         150           0    *|
     styr_id |       331           0         331     |
-----------------------------------------------------+
* = FE nested within cluster; treated as redundant for DoF computation
(est2 stored)

. 
. esttab * using "$userdir/output/Table_S8.tex", fragment cells(b(fmt(%9.3f)) s
> e(par) ci(par)) stats(r2 N, fmt(%9.3f %9.0g) label(R-squared)) legend label r
> eplace
(output written to C:\GitHub\NutNetCausalinf/output/Table_S8.tex)

. est clear

. drop includeinfirst

. 
. 
. 
. /////////////////////////////////////////////////////////////////////////////
> ///
> //
. ** Table S9: Lagged Dependent Varaibles (also replicates a result in Table 3)
. //
. /////////////////////////////////////////////////////////////////////////////
> ///
> 
. est clear

. 
. eststo: reghdfe l_lmass l_rich L.l_lmass, keepsingletons a(styr_id) cluster(p
> lst_id)
WARNING: Singleton observations not dropped; statistical significance is biased
>  (link)
(MWFE estimator converged in 1 iterations)

HDFE Linear regression                            Number of obs   =      1,063
Absorbing 1 HDFE group                            F(   2,    150) =       8.19
Statistics robust to heteroskedasticity           Prob > F        =     0.0004
                                                  R-squared       =     0.8333
                                                  Adj R-squared   =     0.7695
                                                  Within R-sq.    =     0.0272
Number of clusters (plst_id) =        151         Root MSE        =     0.4735

                              (Std. Err. adjusted for 151 clusters in plst_id)
------------------------------------------------------------------------------
             |               Robust
     l_lmass |      Coef.   Std. Err.      t    P>|t|     [95% Conf. Interval]
-------------+----------------------------------------------------------------
      l_rich |  -.1330352     .07894    -1.69   0.094    -.2890132    .0229427
             |
     l_lmass |
         L1. |   .1369348   .0378409     3.62   0.000     .0621648    .2117049
             |
       _cons |   5.014611   .2734263    18.34   0.000     4.474347    5.554876
------------------------------------------------------------------------------

Absorbed degrees of freedom:
-----------------------------------------------------+
 Absorbed FE | Categories  - Redundant  = Num. Coefs |
-------------+---------------------------------------|
     styr_id |       293           0         293     |
-----------------------------------------------------+
(est1 stored)

. eststo: reghdfe l_lmass l_rich L.l_lmass ihs_even, keepsingletons a(styr_id) 
> cluster(plst_id)
WARNING: Singleton observations not dropped; statistical significance is biased
>  (link)
(MWFE estimator converged in 1 iterations)

HDFE Linear regression                            Number of obs   =      1,063
Absorbing 1 HDFE group                            F(   3,    150) =       5.65
Statistics robust to heteroskedasticity           Prob > F        =     0.0011
                                                  R-squared       =     0.8333
                                                  Adj R-squared   =     0.7692
                                                  Within R-sq.    =     0.0273
Number of clusters (plst_id) =        151         Root MSE        =     0.4738

                              (Std. Err. adjusted for 151 clusters in plst_id)
------------------------------------------------------------------------------
             |               Robust
     l_lmass |      Coef.   Std. Err.      t    P>|t|     [95% Conf. Interval]
-------------+----------------------------------------------------------------
      l_rich |  -.1354909   .0773369    -1.75   0.082    -.2883014    .0173196
             |
     l_lmass |
         L1. |   .1371646   .0377757     3.63   0.000     .0625235    .2118058
             |
    ihs_even |   .0256509   .2263663     0.11   0.910    -.4216274    .4729292
       _cons |   5.002991   .3007977    16.63   0.000     4.408643    5.597339
------------------------------------------------------------------------------

Absorbed degrees of freedom:
-----------------------------------------------------+
 Absorbed FE | Categories  - Redundant  = Num. Coefs |
-------------+---------------------------------------|
     styr_id |       293           0         293     |
-----------------------------------------------------+
(est2 stored)

. 
. eststo: reghdfe l_lmass l_rich L.l_lmass L.l_rich, keepsingletons a(styr_id) 
> cluster(plst_id)
WARNING: Singleton observations not dropped; statistical significance is biased
>  (link)
(MWFE estimator converged in 1 iterations)

HDFE Linear regression                            Number of obs   =      1,061
Absorbing 1 HDFE group                            F(   3,    150) =       5.57
Statistics robust to heteroskedasticity           Prob > F        =     0.0012
                                                  R-squared       =     0.8335
                                                  Adj R-squared   =     0.7693
                                                  Within R-sq.    =     0.0284
Number of clusters (plst_id) =        151         Root MSE        =     0.4736

                              (Std. Err. adjusted for 151 clusters in plst_id)
------------------------------------------------------------------------------
             |               Robust
     l_lmass |      Coef.   Std. Err.      t    P>|t|     [95% Conf. Interval]
-------------+----------------------------------------------------------------
      l_rich |  -.1694313   .0934803    -1.81   0.072    -.3541395    .0152768
             |
     l_lmass |
         L1. |   .1413156   .0381619     3.70   0.000     .0659112      .21672
             |
      l_rich |
         L1. |    .062443   .0882582     0.71   0.480    -.1119468    .2368327
             |
       _cons |   4.932196   .3005633    16.41   0.000     4.338311     5.52608
------------------------------------------------------------------------------

Absorbed degrees of freedom:
-----------------------------------------------------+
 Absorbed FE | Categories  - Redundant  = Num. Coefs |
-------------+---------------------------------------|
     styr_id |       293           0         293     |
-----------------------------------------------------+
(est3 stored)

. eststo: reghdfe l_lmass l_rich L.l_lmass L.l_rich ihs_even, keepsingletons a(
> styr_id) cluster(plst_id)
WARNING: Singleton observations not dropped; statistical significance is biased
>  (link)
(MWFE estimator converged in 1 iterations)

HDFE Linear regression                            Number of obs   =      1,061
Absorbing 1 HDFE group                            F(   4,    150) =       4.33
Statistics robust to heteroskedasticity           Prob > F        =     0.0024
                                                  R-squared       =     0.8335
                                                  Adj R-squared   =     0.7690
                                                  Within R-sq.    =     0.0284
Number of clusters (plst_id) =        151         Root MSE        =     0.4739

                              (Std. Err. adjusted for 151 clusters in plst_id)
------------------------------------------------------------------------------
             |               Robust
     l_lmass |      Coef.   Std. Err.      t    P>|t|     [95% Conf. Interval]
-------------+----------------------------------------------------------------
      l_rich |  -.1717868   .0934329    -1.84   0.068    -.3564014    .0128278
             |
     l_lmass |
         L1. |   .1415642   .0380845     3.72   0.000     .0663128    .2168156
             |
      l_rich |
         L1. |   .0620311   .0879094     0.71   0.482    -.1116695    .2357317
             |
    ihs_even |   .0275431   .2253067     0.12   0.903    -.4176417    .4727279
       _cons |   4.920007   .3269643    15.05   0.000     4.273956    5.566057
------------------------------------------------------------------------------

Absorbed degrees of freedom:
-----------------------------------------------------+
 Absorbed FE | Categories  - Redundant  = Num. Coefs |
-------------+---------------------------------------|
     styr_id |       293           0         293     |
-----------------------------------------------------+
(est4 stored)

. 
. esttab * using "$userdir/output/Table_S9.tex", fragment cells(b(fmt(%9.3f)) s
> e(par) ci(par)) stats(r2 N, fmt(%9.3f %9.0g) label(R-squared)) legend label r
> eplace
(output written to C:\GitHub\NutNetCausalinf/output/Table_S9.tex)

. est clear

. 
end of do-file

. 
. /////////////////////////////////////////////////////////////////////////////
> ///
> // Clean up
. 
. log close
      name:  <unnamed>
       log:  C:\GitHub\NutNetCausalinf/output/log/stata_results_d20210224.smcl
  log type:  smcl
 closed on:  24 Feb 2021, 14:51:15
-------------------------------------------------------------------------------
